Archive member included to satisfy reference by file (symbol)

TempSensor\libTempSensor.a(TempSensor.cpp.obj)
                              CMakeFiles/DIAG.dir/main.cpp.obj (GenericAnalogTempSensor::GenericAnalogTempSensor(unsigned int))
TaskScheguler\libTaskScheguler.a(TaskScheguler.cpp.obj)
                              CMakeFiles/DIAG.dir/main.cpp.obj (TaskScheguler::TaskScheguler(unsigned int))
DigitalSignals\libDigitalSignals.a(DigitalSignals.cpp.obj)
                              CMakeFiles/DIAG.dir/main.cpp.obj (DigitalSignal::DigitalSignal(unsigned int, bool, bool, bool))
c:/vsarm/armcc/102021~1.10/bin/../lib/gcc/arm-none-eabi/10.3.1/thumb/v6-m/nofp\libgcc.a(_dvmd_tls.o)
                              CMakeFiles/DIAG.dir/C_/VSARM/sdk/pico/pico-sdk/src/rp2_common/pico_divider/divider.S.obj (__aeabi_idiv0)
c:/vsarm/armcc/102021~1.10/bin/../lib/gcc/arm-none-eabi/10.3.1/../../../../arm-none-eabi/lib/thumb/v6-m/nofp\libc.a(lib_a-calloc.o)
                              CMakeFiles/DIAG.dir/C_/VSARM/sdk/pico/pico-sdk/src/rp2_common/pico_malloc/pico_malloc.c.obj (calloc)
c:/vsarm/armcc/102021~1.10/bin/../lib/gcc/arm-none-eabi/10.3.1/../../../../arm-none-eabi/lib/thumb/v6-m/nofp\libc.a(lib_a-callocr.o)
                              c:/vsarm/armcc/102021~1.10/bin/../lib/gcc/arm-none-eabi/10.3.1/../../../../arm-none-eabi/lib/thumb/v6-m/nofp\libc.a(lib_a-calloc.o) (_calloc_r)
c:/vsarm/armcc/102021~1.10/bin/../lib/gcc/arm-none-eabi/10.3.1/../../../../arm-none-eabi/lib/thumb/v6-m/nofp\libc.a(lib_a-errno.o)
                              c:/vsarm/armcc/102021~1.10/bin/../lib/gcc/arm-none-eabi/10.3.1/../../../../arm-none-eabi/lib/thumb/v6-m/nofp\libc.a(lib_a-callocr.o) (__errno)
c:/vsarm/armcc/102021~1.10/bin/../lib/gcc/arm-none-eabi/10.3.1/../../../../arm-none-eabi/lib/thumb/v6-m/nofp\libc.a(lib_a-impure.o)
                              c:/vsarm/armcc/102021~1.10/bin/../lib/gcc/arm-none-eabi/10.3.1/../../../../arm-none-eabi/lib/thumb/v6-m/nofp\libc.a(lib_a-calloc.o) (_impure_ptr)
c:/vsarm/armcc/102021~1.10/bin/../lib/gcc/arm-none-eabi/10.3.1/../../../../arm-none-eabi/lib/thumb/v6-m/nofp\libc.a(lib_a-init.o)
                              c:/vsarm/armcc/102021~1.10/bin/../lib/gcc/arm-none-eabi/10.3.1/../../../../arm-none-eabi/lib/thumb/v6-m/nofp/crt0.o (__libc_init_array)
c:/vsarm/armcc/102021~1.10/bin/../lib/gcc/arm-none-eabi/10.3.1/../../../../arm-none-eabi/lib/thumb/v6-m/nofp\libc.a(lib_a-malloc.o)
                              CMakeFiles/DIAG.dir/C_/VSARM/sdk/pico/pico-sdk/src/rp2_common/pico_malloc/pico_malloc.c.obj (malloc)
c:/vsarm/armcc/102021~1.10/bin/../lib/gcc/arm-none-eabi/10.3.1/../../../../arm-none-eabi/lib/thumb/v6-m/nofp\libc.a(lib_a-mallocr.o)
                              c:/vsarm/armcc/102021~1.10/bin/../lib/gcc/arm-none-eabi/10.3.1/../../../../arm-none-eabi/lib/thumb/v6-m/nofp\libc.a(lib_a-callocr.o) (_malloc_r)
c:/vsarm/armcc/102021~1.10/bin/../lib/gcc/arm-none-eabi/10.3.1/../../../../arm-none-eabi/lib/thumb/v6-m/nofp\libc.a(lib_a-mlock.o)
                              c:/vsarm/armcc/102021~1.10/bin/../lib/gcc/arm-none-eabi/10.3.1/../../../../arm-none-eabi/lib/thumb/v6-m/nofp\libc.a(lib_a-mallocr.o) (__malloc_lock)
c:/vsarm/armcc/102021~1.10/bin/../lib/gcc/arm-none-eabi/10.3.1/../../../../arm-none-eabi/lib/thumb/v6-m/nofp\libc.a(lib_a-realloc.o)
                              CMakeFiles/DIAG.dir/C_/VSARM/sdk/pico/pico-sdk/src/rp2_common/pico_malloc/pico_malloc.c.obj (realloc)
c:/vsarm/armcc/102021~1.10/bin/../lib/gcc/arm-none-eabi/10.3.1/../../../../arm-none-eabi/lib/thumb/v6-m/nofp\libc.a(lib_a-reallocr.o)
                              c:/vsarm/armcc/102021~1.10/bin/../lib/gcc/arm-none-eabi/10.3.1/../../../../arm-none-eabi/lib/thumb/v6-m/nofp\libc.a(lib_a-realloc.o) (_realloc_r)
c:/vsarm/armcc/102021~1.10/bin/../lib/gcc/arm-none-eabi/10.3.1/../../../../arm-none-eabi/lib/thumb/v6-m/nofp\libc.a(lib_a-sbrkr.o)
                              c:/vsarm/armcc/102021~1.10/bin/../lib/gcc/arm-none-eabi/10.3.1/../../../../arm-none-eabi/lib/thumb/v6-m/nofp\libc.a(lib_a-mallocr.o) (_sbrk_r)
c:/vsarm/armcc/102021~1.10/bin/../lib/gcc/arm-none-eabi/10.3.1/../../../../arm-none-eabi/lib/thumb/v6-m/nofp\libc.a(lib_a-strlen-stub.o)
                              CMakeFiles/DIAG.dir/C_/VSARM/sdk/pico/pico-sdk/src/rp2_common/pico_stdio/stdio.c.obj (strlen)
c:/vsarm/armcc/102021~1.10/bin/../lib/gcc/arm-none-eabi/10.3.1/../../../../arm-none-eabi/lib/thumb/v6-m/nofp\libc.a(lib_a-freer.o)
                              c:/vsarm/armcc/102021~1.10/bin/../lib/gcc/arm-none-eabi/10.3.1/../../../../arm-none-eabi/lib/thumb/v6-m/nofp\libc.a(lib_a-malloc.o) (_free_r)
c:/vsarm/armcc/102021~1.10/bin/../lib/gcc/arm-none-eabi/10.3.1/../../../../arm-none-eabi/lib/thumb/v6-m/nofp\libc.a(lib_a-lock.o)
                              c:/vsarm/armcc/102021~1.10/bin/../lib/gcc/arm-none-eabi/10.3.1/../../../../arm-none-eabi/lib/thumb/v6-m/nofp\libc.a(lib_a-mlock.o) (__retarget_lock_acquire_recursive)
[...]
Memory Configuration

Name             Origin             Length             Attributes
FLASH            0x10000000         0x00200000         xr
RAM              0x20000000         0x00040000         xrw
SCRATCH_X        0x20040000         0x00001000         xrw
SCRATCH_Y        0x20041000         0x00001000         xrw
*default*        0x00000000         0xffffffff

Linker script and memory map

LOAD c:/vsarm/armcc/102021~1.10/bin/../lib/gcc/arm-none-eabi/10.3.1/thumb/v6-m/nofp/crti.o
LOAD c:/vsarm/armcc/102021~1.10/bin/../lib/gcc/arm-none-eabi/10.3.1/thumb/v6-m/nofp/crtbegin.o
LOAD c:/vsarm/armcc/102021~1.10/bin/../lib/gcc/arm-none-eabi/10.3.1/../../../../arm-none-eabi/lib/thumb/v6-m/nofp/crt0.o

.flash_begin    0x10000000        0x0
                0x10000000                __flash_binary_start = .

.boot2          0x10000000      0x100
                0x10000000                __boot2_start__ = .
 *(.boot2)
 .boot2         0x10000000      0x100 C:\Users\Vlad\AppData\Local\Temp\ccKhlRXl.o
                0x10000100                __boot2_end__ = .
                0x00000001                ASSERT (((__boot2_end__ - __boot2_start__) == 0x100), ERROR: Pico second stage bootloader must be 256 bytes in size)

.text           0x10000100     0x8930
                0x10000100                __logical_binary_start = .
 *(.vectors)
 .vectors       0x10000100       0xd4 CMakeFiles/DIAG.dir/C_/VSARM/sdk/pico/pico-sdk/src/rp2_common/pico_standard_link/crt0.S.obj
                0x10000100                __VECTOR_TABLE
                0x10000100                __vectors
                0x100001c0                isr_invalid
                0x100001c0                __default_isrs_start
                0x100001c2                isr_nmi
                0x100001c4                isr_hardfault
                0x100001c6                isr_svcall
                0x100001c8                isr_pendsv
                0x100001ca                isr_systick
                0x100001cc                isr_irq23
                0x100001cc                isr_irq18
                0x100001cc                isr_irq11
                0x100001cc                isr_irq28
                0x100001cc                isr_irq19
                0x100001cc                isr_irq0
                0x100001cc                isr_irq6
                0x100001cc                isr_irq5
                0x100001cc                isr_irq12
                0x100001cc                isr_irq22
                0x100001cc                isr_irq31
                0x100001cc                isr_irq17
                0x100001cc                isr_irq27
                0x100001cc                isr_irq30
                0x100001cc                isr_irq2
                0x100001cc                isr_irq10
                0x100001cc                isr_irq8
                0x100001cc                isr_irq24
                0x100001cc                isr_irq1
                0x100001cc                isr_irq7
                0x100001cc                isr_irq21
                0x100001cc                isr_irq20
                0x100001cc                isr_irq15
                0x100001cc                isr_irq25
                0x100001cc                isr_irq13
                0x100001cc                __unhandled_user_irq
                0x100001cc                isr_irq4
                0x100001cc                isr_irq16
                0x100001cc                isr_irq29
                0x100001cc                isr_irq26
                0x100001cc                __default_isrs_end
                0x100001cc                isr_irq3
                0x100001cc                isr_irq14
                0x100001cc                isr_irq9
                0x100001d2                unhandled_user_irq_num_in_r0
 *(.binary_info_header)
 .binary_info_header
                0x100001d4       0x14 CMakeFiles/DIAG.dir/C_/VSARM/sdk/pico/pico-sdk/src/rp2_common/pico_standard_link/crt0.S.obj
                0x100001e8                __binary_info_header_end = .
 *(.reset)
 .reset         0x100001e8       0xa8 CMakeFiles/DIAG.dir/C_/VSARM/sdk/pico/pico-sdk/src/rp2_common/pico_standard_link/crt0.S.obj
                0x100001e8                _entry_point
                0x10000266                __get_current_exception
 .reset         0x10000290       0x30 CMakeFiles/DIAG.dir/C_/VSARM/sdk/pico/pico-sdk/src/rp2_common/pico_standard_link/binary_info.c.obj
 *(.init)
 .init          0x100002c0        0x4 c:/vsarm/armcc/102021~1.10/bin/../lib/gcc/arm-none-eabi/10.3.1/thumb/v6-m/nofp/crti.o
                0x100002c0                _init
 *(EXCLUDE_FILE(*libm.a: *libc.a:*lib_a-mem*.o *libgcc.a:) .text*)
 .text          0x100002c4       0x48 c:/vsarm/armcc/102021~1.10/bin/../lib/gcc/arm-none-eabi/10.3.1/thumb/v6-m/nofp/crtbegin.o
 .text._Z14timer_callbackP15repeating_timer
                0x1000030c       0x28 CMakeFiles/DIAG.dir/main.cpp.obj
                0x1000030c                timer_callback(repeating_timer*)
 .text._Z18vss_alarm_callbacklPv
                0x10000334       0x10 CMakeFiles/DIAG.dir/main.cpp.obj
                0x10000334                vss_alarm_callback(long, void*)
 .text._Z19kl15_alarm_callbacklPv
                0x10000344       0x10 CMakeFiles/DIAG.dir/main.cpp.obj
                0x10000344                kl15_alarm_callback(long, void*)
 .text._Z14check_DTC_taskPv
                0x10000354       0x58 CMakeFiles/DIAG.dir/main.cpp.obj
                0x10000354                check_DTC_task(void*)
 .text._Z14read_temp_taskPv
                0x100003ac       0x6c CMakeFiles/DIAG.dir/main.cpp.obj
                0x100003ac                read_temp_task(void*)
 .text._Z14read_time_taskPv
                0x10000418       0x60 CMakeFiles/DIAG.dir/main.cpp.obj
                0x10000418                read_time_task(void*)
 .text._Z17kl15_irq_callbackv
                0x10000478       0xac CMakeFiles/DIAG.dir/main.cpp.obj
                0x10000478                kl15_irq_callback()
 .text._Z16vss_irq_callbackv
                0x10000524       0xac CMakeFiles/DIAG.dir/main.cpp.obj
                0x10000524                vss_irq_callback()
 .text.startup.main
                0x100005d0      0x2f0 CMakeFiles/DIAG.dir/main.cpp.obj
                0x100005d0                main
 .text.gpio_set_function
                0x100008c0       0x30 CMakeFiles/DIAG.dir/C_/VSARM/sdk/pico/pico-sdk/src/rp2_common/hardware_gpio/gpio.c.obj
                0x100008c0                gpio_set_function
 .text.gpio_set_pulls
                0x100008f0       0x30 CMakeFiles/DIAG.dir/C_/VSARM/sdk/pico/pico-sdk/src/rp2_common/hardware_gpio/gpio.c.obj
                0x100008f0                gpio_set_pulls
 .text.gpio_set_irq_enabled
                0x10000920       0x54 CMakeFiles/DIAG.dir/C_/VSARM/sdk/pico/pico-sdk/src/rp2_common/hardware_gpio/gpio.c.obj
                0x10000920                gpio_set_irq_enabled
 .text.gpio_add_raw_irq_handler_masked
                0x10000974       0x38 CMakeFiles/DIAG.dir/C_/VSARM/sdk/pico/pico-sdk/src/rp2_common/hardware_gpio/gpio.c.obj
                0x10000974                gpio_add_raw_irq_handler_masked
 .text.gpio_acknowledge_irq
                0x100009ac       0x1c CMakeFiles/DIAG.dir/C_/VSARM/sdk/pico/pico-sdk/src/rp2_common/hardware_gpio/gpio.c.obj
                0x100009ac                gpio_acknowledge_irq
 .text.gpio_set_input_enabled
                0x100009c8       0x28 CMakeFiles/DIAG.dir/C_/VSARM/sdk/pico/pico-sdk/src/rp2_common/hardware_gpio/gpio.c.obj
                0x100009c8                gpio_set_input_enabled
 .text.gpio_init
                0x100009f0       0x3c CMakeFiles/DIAG.dir/C_/VSARM/sdk/pico/pico-sdk/src/rp2_common/hardware_gpio/gpio.c.obj
                0x100009f0                gpio_init
 .text.hw_claim_or_assert
                0x10000a2c       0x44 CMakeFiles/DIAG.dir/C_/VSARM/sdk/pico/pico-sdk/src/rp2_common/hardware_claim/claim.c.obj
                0x10000a2c                hw_claim_or_assert
 .text.hw_claim_unused_from_range
                0x10000a70       0x9c CMakeFiles/DIAG.dir/C_/VSARM/sdk/pico/pico-sdk/src/rp2_common/hardware_claim/claim.c.obj
                0x10000a70                hw_claim_unused_from_range
 .text.running_on_fpga
                0x10000b0c       0x10 CMakeFiles/DIAG.dir/C_/VSARM/sdk/pico/pico-sdk/src/rp2_common/pico_platform/platform.c.obj
                0x10000b0c                running_on_fpga
 .text.spin_locks_reset
                0x10000b1c       0x1c CMakeFiles/DIAG.dir/C_/VSARM/sdk/pico/pico-sdk/src/rp2_common/hardware_sync/sync.c.obj
                0x10000b1c                spin_locks_reset
 .text.next_striped_spin_lock_num
                0x10000b38       0x18 CMakeFiles/DIAG.dir/C_/VSARM/sdk/pico/pico-sdk/src/rp2_common/hardware_sync/sync.c.obj
                0x10000b38                next_striped_spin_lock_num
 .text.spin_lock_claim_unused
                0x10000b50       0x20 CMakeFiles/DIAG.dir/C_/VSARM/sdk/pico/pico-sdk/src/rp2_common/hardware_sync/sync.c.obj
                0x10000b50                spin_lock_claim_unused
 .text.irq_set_enabled
                0x10000b70       0x24 CMakeFiles/DIAG.dir/C_/VSARM/sdk/pico/pico-sdk/src/rp2_common/hardware_irq/irq.c.obj
                0x10000b70                irq_set_enabled
 .text.irq_set_pending
                0x10000b94       0x10 CMakeFiles/DIAG.dir/C_/VSARM/sdk/pico/pico-sdk/src/rp2_common/hardware_irq/irq.c.obj
                0x10000b94                irq_set_pending
 .text.irq_has_shared_handler
                0x10000ba4       0x2c CMakeFiles/DIAG.dir/C_/VSARM/sdk/pico/pico-sdk/src/rp2_common/hardware_irq/irq.c.obj
                0x10000ba4                irq_has_shared_handler
 .text.irq_get_vtable_handler
                0x10000bd0       0x10 CMakeFiles/DIAG.dir/C_/VSARM/sdk/pico/pico-sdk/src/rp2_common/hardware_irq/irq.c.obj
                0x10000bd0                irq_get_vtable_handler
 .text.irq_set_exclusive_handler
                0x10000be0       0x54 CMakeFiles/DIAG.dir/C_/VSARM/sdk/pico/pico-sdk/src/rp2_common/hardware_irq/irq.c.obj
                0x10000be0                irq_set_exclusive_handler
 .text.irq_add_shared_handler
                0x10000c34      0x1e4 CMakeFiles/DIAG.dir/C_/VSARM/sdk/pico/pico-sdk/src/rp2_common/hardware_irq/irq.c.obj
                0x10000c34                irq_add_shared_handler
 .text.irq_remove_handler
                0x10000e18      0x1b4 CMakeFiles/DIAG.dir/C_/VSARM/sdk/pico/pico-sdk/src/rp2_common/hardware_irq/irq.c.obj
                0x10000e18                irq_remove_handler
 .text.irq_add_tail_to_free_list
                0x10000fcc       0xb4 CMakeFiles/DIAG.dir/C_/VSARM/sdk/pico/pico-sdk/src/rp2_common/hardware_irq/irq.c.obj
                0x10000fcc                irq_add_tail_to_free_list
 .text.irq_init_priorities
                0x10001080       0x24 CMakeFiles/DIAG.dir/C_/VSARM/sdk/pico/pico-sdk/src/rp2_common/hardware_irq/irq.c.obj
                0x10001080                irq_init_priorities
 .text.user_irq_claim_unused
                0x100010a4       0x30 CMakeFiles/DIAG.dir/C_/VSARM/sdk/pico/pico-sdk/src/rp2_common/hardware_irq/irq.c.obj
                0x100010a4                user_irq_claim_unused
 .text.lock_init
                0x100010d4       0x10 CMakeFiles/DIAG.dir/C_/VSARM/sdk/pico/pico-sdk/src/common/pico_sync/lock_core.c.obj
                0x100010d4                lock_init
 .text.timer_pool_entry_comparator
                0x100010e4       0x34 CMakeFiles/DIAG.dir/C_/VSARM/sdk/pico/pico-sdk/src/common/pico_time/time.c.obj
                0x100010e4                timer_pool_entry_comparator
 .text.repeating_timer_callback
                0x10001118       0x1c CMakeFiles/DIAG.dir/C_/VSARM/sdk/pico/pico-sdk/src/common/pico_time/time.c.obj
 .text.sleep_until_callback
                0x10001134       0x30 CMakeFiles/DIAG.dir/C_/VSARM/sdk/pico/pico-sdk/src/common/pico_time/time.c.obj
 .text.add_alarm_under_lock.isra.0
                0x10001164      0x100 CMakeFiles/DIAG.dir/C_/VSARM/sdk/pico/pico-sdk/src/common/pico_time/time.c.obj
 .text.alarm_pool_alarm_callback
                0x10001264      0x1c8 CMakeFiles/DIAG.dir/C_/VSARM/sdk/pico/pico-sdk/src/common/pico_time/time.c.obj
 .text.alarm_pool_add_alarm_at.constprop.0
                0x1000142c      0x11c CMakeFiles/DIAG.dir/C_/VSARM/sdk/pico/pico-sdk/src/common/pico_time/time.c.obj
 .text.alarm_pool_init_default
                0x10001548       0x64 CMakeFiles/DIAG.dir/C_/VSARM/sdk/pico/pico-sdk/src/common/pico_time/time.c.obj
                0x10001548                alarm_pool_init_default
 .text.alarm_pool_get_default
                0x100015ac        0x8 CMakeFiles/DIAG.dir/C_/VSARM/sdk/pico/pico-sdk/src/common/pico_time/time.c.obj
                0x100015ac                alarm_pool_get_default
 .text.alarm_pool_add_alarm_at
                0x100015b4      0x194 CMakeFiles/DIAG.dir/C_/VSARM/sdk/pico/pico-sdk/src/common/pico_time/time.c.obj
                0x100015b4                alarm_pool_add_alarm_at
 .text.alarm_pool_add_repeating_timer_us
                0x10001748      0x22c CMakeFiles/DIAG.dir/C_/VSARM/sdk/pico/pico-sdk/src/common/pico_time/time.c.obj
                0x10001748                alarm_pool_add_repeating_timer_us
 .text.cancel_repeating_timer
                0x10001974       0x8c CMakeFiles/DIAG.dir/C_/VSARM/sdk/pico/pico-sdk/src/common/pico_time/time.c.obj
                0x10001974                cancel_repeating_timer
 .text.sleep_until
                0x10001a00       0xac CMakeFiles/DIAG.dir/C_/VSARM/sdk/pico/pico-sdk/src/common/pico_time/time.c.obj
                0x10001a00                sleep_until
 .text.sleep_ms
                0x10001aac       0x38 CMakeFiles/DIAG.dir/C_/VSARM/sdk/pico/pico-sdk/src/common/pico_time/time.c.obj
                0x10001aac                sleep_ms
 .text.best_effort_wfe_or_timeout
                0x10001ae4       0xd4 CMakeFiles/DIAG.dir/C_/VSARM/sdk/pico/pico-sdk/src/common/pico_time/time.c.obj
                0x10001ae4                best_effort_wfe_or_timeout
 .text.hardware_alarm_irq_handler
                0x10001bb8       0xb8 CMakeFiles/DIAG.dir/C_/VSARM/sdk/pico/pico-sdk/src/rp2_common/hardware_timer/timer.c.obj
 .text.hardware_alarm_claim
                0x10001c70       0x18 CMakeFiles/DIAG.dir/C_/VSARM/sdk/pico/pico-sdk/src/rp2_common/hardware_timer/timer.c.obj
                0x10001c70                hardware_alarm_claim
 .text.time_us_64
                0x10001c88       0x14 CMakeFiles/DIAG.dir/C_/VSARM/sdk/pico/pico-sdk/src/rp2_common/hardware_timer/timer.c.obj
                0x10001c88                time_us_64
 .text.busy_wait_until
                0x10001c9c       0x20 CMakeFiles/DIAG.dir/C_/VSARM/sdk/pico/pico-sdk/src/rp2_common/hardware_timer/timer.c.obj
                0x10001c9c                busy_wait_until
 .text.hardware_alarm_set_callback
                0x10001cbc       0x8c CMakeFiles/DIAG.dir/C_/VSARM/sdk/pico/pico-sdk/src/rp2_common/hardware_timer/timer.c.obj
                0x10001cbc                hardware_alarm_set_callback
 .text.hardware_alarm_set_target
                0x10001d48       0xe0 CMakeFiles/DIAG.dir/C_/VSARM/sdk/pico/pico-sdk/src/rp2_common/hardware_timer/timer.c.obj
                0x10001d48                hardware_alarm_set_target
 .text.hardware_alarm_cancel
                0x10001e28       0x3c CMakeFiles/DIAG.dir/C_/VSARM/sdk/pico/pico-sdk/src/rp2_common/hardware_timer/timer.c.obj
                0x10001e28                hardware_alarm_cancel
 .text.ph_merge_nodes
                0x10001e64       0x68 CMakeFiles/DIAG.dir/C_/VSARM/sdk/pico/pico-sdk/src/common/pico_util/pheap.c.obj
 .text.ph_post_alloc_init
                0x10001ecc       0x3c CMakeFiles/DIAG.dir/C_/VSARM/sdk/pico/pico-sdk/src/common/pico_util/pheap.c.obj
                0x10001ecc                ph_post_alloc_init
 .text.ph_merge_two_pass
                0x10001f08       0x90 CMakeFiles/DIAG.dir/C_/VSARM/sdk/pico/pico-sdk/src/common/pico_util/pheap.c.obj
                0x10001f08                ph_merge_two_pass
 .text.ph_remove_any_head
                0x10001f98       0xf8 CMakeFiles/DIAG.dir/C_/VSARM/sdk/pico/pico-sdk/src/common/pico_util/pheap.c.obj
 .text.ph_remove_head
                0x10002090       0xfc CMakeFiles/DIAG.dir/C_/VSARM/sdk/pico/pico-sdk/src/common/pico_util/pheap.c.obj
                0x10002090                ph_remove_head
 .text.ph_remove_and_free_node
                0x1000218c       0x7c CMakeFiles/DIAG.dir/C_/VSARM/sdk/pico/pico-sdk/src/common/pico_util/pheap.c.obj
                0x1000218c                ph_remove_and_free_node
 .text.mutex_init
                0x10002208       0x1c CMakeFiles/DIAG.dir/C_/VSARM/sdk/pico/pico-sdk/src/common/pico_sync/mutex.c.obj
                0x10002208                mutex_init
 .text.recursive_mutex_init
                0x10002224       0x1c CMakeFiles/DIAG.dir/C_/VSARM/sdk/pico/pico-sdk/src/common/pico_sync/mutex.c.obj
                0x10002224                recursive_mutex_init
 .text.critical_section_init
                0x10002240       0x20 CMakeFiles/DIAG.dir/C_/VSARM/sdk/pico/pico-sdk/src/common/pico_sync/critical_section.c.obj
                0x10002240                critical_section_init
 .text.runtime_init
                0x10002260       0xf0 CMakeFiles/DIAG.dir/C_/VSARM/sdk/pico/pico-sdk/src/rp2_common/pico_runtime/runtime.c.obj
                0x10002260                runtime_init
 .text._sbrk    0x10002350       0x34 CMakeFiles/DIAG.dir/C_/VSARM/sdk/pico/pico-sdk/src/rp2_common/pico_runtime/runtime.c.obj
                0x10002350                _sbrk
 .text.exit     0x10002384        0x4 CMakeFiles/DIAG.dir/C_/VSARM/sdk/pico/pico-sdk/src/rp2_common/pico_runtime/runtime.c.obj
                0x10002384                exit
 .text.panic    0x10002388       0x30 CMakeFiles/DIAG.dir/C_/VSARM/sdk/pico/pico-sdk/src/rp2_common/pico_runtime/runtime.c.obj
                0x10002388                panic
 .text.hard_assertion_failure
                0x100023b8        0xc CMakeFiles/DIAG.dir/C_/VSARM/sdk/pico/pico-sdk/src/rp2_common/pico_runtime/runtime.c.obj
                0x100023b8                hard_assertion_failure
 .text.clocks_init
                0x100023c4      0x2bc CMakeFiles/DIAG.dir/C_/VSARM/sdk/pico/pico-sdk/src/rp2_common/hardware_clocks/clocks.c.obj
                0x100023c4                clocks_init
 .text.clock_get_hz
                0x10002680        0xc CMakeFiles/DIAG.dir/C_/VSARM/sdk/pico/pico-sdk/src/rp2_common/hardware_clocks/clocks.c.obj
                0x10002680                clock_get_hz
 .text.pll_init
                0x1000268c       0xb0 CMakeFiles/DIAG.dir/C_/VSARM/sdk/pico/pico-sdk/src/rp2_common/hardware_pll/pll.c.obj
                0x1000268c                pll_init
 .text.watchdog_start_tick
                0x1000273c       0x10 CMakeFiles/DIAG.dir/C_/VSARM/sdk/pico/pico-sdk/src/rp2_common/hardware_watchdog/watchdog.c.obj
                0x1000273c                watchdog_start_tick
 .text.watchdog_reboot
                0x1000274c       0x98 CMakeFiles/DIAG.dir/C_/VSARM/sdk/pico/pico-sdk/src/rp2_common/hardware_watchdog/watchdog.c.obj
                0x1000274c                watchdog_reboot
 .text.xosc_init
                0x100027e4       0x28 CMakeFiles/DIAG.dir/C_/VSARM/sdk/pico/pico-sdk/src/rp2_common/hardware_xosc/xosc.c.obj
                0x100027e4                xosc_init
 .text._out_null
                0x1000280c        0x4 CMakeFiles/DIAG.dir/C_/VSARM/sdk/pico/pico-sdk/src/rp2_common/pico_printf/printf.c.obj
 .text._out_rev
                0x10002810       0x9c CMakeFiles/DIAG.dir/C_/VSARM/sdk/pico/pico-sdk/src/rp2_common/pico_printf/printf.c.obj
 .text._ntoa_format
                0x100028ac      0x1cc CMakeFiles/DIAG.dir/C_/VSARM/sdk/pico/pico-sdk/src/rp2_common/pico_printf/printf.c.obj
 .text._out_char
                0x10002a78       0x10 CMakeFiles/DIAG.dir/C_/VSARM/sdk/pico/pico-sdk/src/rp2_common/pico_printf/printf.c.obj
 .text._out_fct
                0x10002a88       0x10 CMakeFiles/DIAG.dir/C_/VSARM/sdk/pico/pico-sdk/src/rp2_common/pico_printf/printf.c.obj
 .text._etoa    0x10002a98      0x44c CMakeFiles/DIAG.dir/C_/VSARM/sdk/pico/pico-sdk/src/rp2_common/pico_printf/printf.c.obj
 .text._ftoa    0x10002ee4      0x398 CMakeFiles/DIAG.dir/C_/VSARM/sdk/pico/pico-sdk/src/rp2_common/pico_printf/printf.c.obj
 .text._vsnprintf
                0x1000327c      0xb04 CMakeFiles/DIAG.dir/C_/VSARM/sdk/pico/pico-sdk/src/rp2_common/pico_printf/printf.c.obj
 .text.vfctprintf
                0x10003d80       0x20 CMakeFiles/DIAG.dir/C_/VSARM/sdk/pico/pico-sdk/src/rp2_common/pico_printf/printf.c.obj
                0x10003d80                vfctprintf
 .text.weak_raw_vprintf
                0x10003da0       0x30 CMakeFiles/DIAG.dir/C_/VSARM/sdk/pico/pico-sdk/src/rp2_common/pico_printf/printf.c.obj
                0x10003da0                weak_raw_vprintf
 .text          0x10003dd0       0x10 CMakeFiles/DIAG.dir/C_/VSARM/sdk/pico/pico-sdk/src/rp2_common/pico_bit_ops/bit_ops_aeabi.S.obj
 .text.rom_func_lookup
                0x10003de0       0x10 CMakeFiles/DIAG.dir/C_/VSARM/sdk/pico/pico-sdk/src/rp2_common/pico_bootrom/bootrom.c.obj
                0x10003de0                rom_func_lookup
 .text.rom_data_lookup
                0x10003df0       0x10 CMakeFiles/DIAG.dir/C_/VSARM/sdk/pico/pico-sdk/src/rp2_common/pico_bootrom/bootrom.c.obj
                0x10003df0                rom_data_lookup
 .text.rom_funcs_lookup
                0x10003e00       0x44 CMakeFiles/DIAG.dir/C_/VSARM/sdk/pico/pico-sdk/src/rp2_common/pico_bootrom/bootrom.c.obj
                0x10003e00                rom_funcs_lookup
 .text.__wrap___aeabi_idiv
                0x10003e44       0x50 CMakeFiles/DIAG.dir/C_/VSARM/sdk/pico/pico-sdk/src/rp2_common/pico_divider/divider.S.obj
                0x10003e44                __wrap___aeabi_idivmod
                0x10003e44                divmod_s32s32
                0x10003e44                div_s32s32
                0x10003e44                __wrap___aeabi_idiv
                0x10003e4c                divmod_s32s32_unsafe
                0x10003e78                divmod_s32s32_savestate
 .text.__wrap___aeabi_uidiv
                0x10003e94       0x4c CMakeFiles/DIAG.dir/C_/VSARM/sdk/pico/pico-sdk/src/rp2_common/pico_divider/divider.S.obj
                0x10003e94                __wrap___aeabi_uidiv
                0x10003e94                __wrap___aeabi_uidivmod
                0x10003e94                div_u32u32
                0x10003e94                divmod_u32u32
                0x10003e9c                divmod_u32u32_unsafe
                0x10003ec4                divmod_u32u32_savestate
 .text.__wrap___aeabi_ldiv
                0x10003ee0      0x434 CMakeFiles/DIAG.dir/C_/VSARM/sdk/pico/pico-sdk/src/rp2_common/pico_divider/divider.S.obj
                0x10003ee0                div_s64s64
                0x10003ee0                divmod_s64s64
                0x10003ee0                __wrap___aeabi_ldivmod
                0x10003f18                divmod_u64u64
                0x10003f18                div_u64u64
                0x10003f18                __wrap___aeabi_uldivmod
                0x10003f28                divmod_u64u64_savestate
                0x10003f50                divmod_s64s64_unsafe
                0x10003fd8                divmod_u64u64_unsafe
 .text.__wrap___aeabi_darithmetic
                0x10004314       0x80 CMakeFiles/DIAG.dir/C_/VSARM/sdk/pico/pico-sdk/src/rp2_common/pico_double/double_aeabi.S.obj
                0x10004314                __wrap___aeabi_drsub
                0x1000431a                __wrap___aeabi_dsub
                0x1000432c                __wrap___aeabi_dadd
                0x1000433e                __wrap___aeabi_ddiv
                0x1000437a                __wrap___aeabi_dmul
 .text.__wrap___aeabi_cdcmple
                0x10004394       0x6c CMakeFiles/DIAG.dir/C_/VSARM/sdk/pico/pico-sdk/src/rp2_common/pico_double/double_aeabi.S.obj
                0x10004394                __wrap___aeabi_cdrcmple
                0x100043a4                __wrap___aeabi_cdcmpeq
                0x100043a4                __wrap___aeabi_cdcmple
 .text.__wrap___aeabi_dcmplt
                0x10004400        0xc CMakeFiles/DIAG.dir/C_/VSARM/sdk/pico/pico-sdk/src/rp2_common/pico_double/double_aeabi.S.obj
                0x10004400                __wrap___aeabi_dcmplt
 .text.__wrap___aeabi_dcmple
                0x1000440c       0x10 CMakeFiles/DIAG.dir/C_/VSARM/sdk/pico/pico-sdk/src/rp2_common/pico_double/double_aeabi.S.obj
                0x1000440c                __wrap___aeabi_dcmple
 .text.__wrap___aeabi_dcmpge
                0x1000441c       0x10 CMakeFiles/DIAG.dir/C_/VSARM/sdk/pico/pico-sdk/src/rp2_common/pico_double/double_aeabi.S.obj
                0x1000441c                __wrap___aeabi_dcmpge
 .text.__wrap___aeabi_dcmpgt
                0x1000442c        0xa CMakeFiles/DIAG.dir/C_/VSARM/sdk/pico/pico-sdk/src/rp2_common/pico_double/double_aeabi.S.obj
                0x1000442c                __wrap___aeabi_dcmpgt
 .text.__wrap___aeabi_dcmpun
                0x10004436       0x1c CMakeFiles/DIAG.dir/C_/VSARM/sdk/pico/pico-sdk/src/rp2_common/pico_double/double_aeabi.S.obj
                0x10004436                __wrap___aeabi_dcmpun
 *fill*         0x10004452        0x2 
 .text.__wrap___aeabi_i2d
                0x10004454       0x38 CMakeFiles/DIAG.dir/C_/VSARM/sdk/pico/pico-sdk/src/rp2_common/pico_double/double_aeabi.S.obj
                0x10004454                __wrap___aeabi_ui2d
                0x1000445c                __wrap___aeabi_i2d
 .text.__wrap___aeabi_d2iz
                0x1000448c       0x48 CMakeFiles/DIAG.dir/C_/VSARM/sdk/pico/pico-sdk/src/rp2_common/pico_double/double_aeabi.S.obj
                0x1000448c                double2int_z
                0x1000448c                __wrap___aeabi_d2iz
 .text.__wrap___aeabi_d2uiz
                0x100044d4       0x18 CMakeFiles/DIAG.dir/C_/VSARM/sdk/pico/pico-sdk/src/rp2_common/pico_double/double_aeabi.S.obj
                0x100044d4                __wrap___aeabi_d2uiz
                0x100044d4                double2uint
 .text.__aeabi_double_init
                0x100044ec       0x94 CMakeFiles/DIAG.dir/C_/VSARM/sdk/pico/pico-sdk/src/rp2_common/pico_double/double_init_rom.c.obj
                0x100044ec                __aeabi_double_init
 .text.double_table_shim_on_use_helper
                0x10004580       0x2c CMakeFiles/DIAG.dir/C_/VSARM/sdk/pico/pico-sdk/src/rp2_common/pico_double/double_v1_rom_shim.S.obj
                0x10004580                double_table_shim_on_use_helper
 .text.__wrap___aeabi_dsub
                0x100045ac       0x10 CMakeFiles/DIAG.dir/C_/VSARM/sdk/pico/pico-sdk/src/rp2_common/pico_double/double_v1_rom_shim.S.obj
                0x100045ac                drsub_shim
                0x100045b2                dsub_shim
 .text.dadd_shim
                0x100045bc      0x15c CMakeFiles/DIAG.dir/C_/VSARM/sdk/pico/pico-sdk/src/rp2_common/pico_double/double_v1_rom_shim.S.obj
                0x100045bc                dadd_shim
 .text.dmul_shim
                0x10004718      0x15c CMakeFiles/DIAG.dir/C_/VSARM/sdk/pico/pico-sdk/src/rp2_common/pico_double/double_v1_rom_shim.S.obj
                0x10004718                dmul_shim
 .text.ddiv_shim
                0x10004874      0x1b0 CMakeFiles/DIAG.dir/C_/VSARM/sdk/pico/pico-sdk/src/rp2_common/pico_double/double_v1_rom_shim.S.obj
                0x10004874                ddiv_shim
 .text.double2uint_shim
                0x10004a24        0xe CMakeFiles/DIAG.dir/C_/VSARM/sdk/pico/pico-sdk/src/rp2_common/pico_double/double_v1_rom_shim.S.obj
                0x10004a24                double2uint_shim
                0x10004a26                double2ufix_shim
 *fill*         0x10004a32        0x2 
 .text.double2uint64_shim
                0x10004a34       0x70 CMakeFiles/DIAG.dir/C_/VSARM/sdk/pico/pico-sdk/src/rp2_common/pico_double/double_v1_rom_shim.S.obj
                0x10004a34                double2uint64_shim
                0x10004a36                double2ufix64_shim
                0x10004a56                d2fix_a
 .text.dunpacks
                0x10004aa4       0x3c CMakeFiles/DIAG.dir/C_/VSARM/sdk/pico/pico-sdk/src/rp2_common/pico_double/double_v1_rom_shim.S.obj
                0x10004aa4                dunpacks
 .text.__aeabi_lmul
                0x10004ae0       0x32 CMakeFiles/DIAG.dir/C_/VSARM/sdk/pico/pico-sdk/src/rp2_common/pico_int64_ops/pico_int64_ops_aeabi.S.obj
                0x10004ae0                __wrap___aeabi_lmul
 *fill*         0x10004b12        0x2 
 .text.__wrap___aeabi_farithmetic
                0x10004b14       0x48 CMakeFiles/DIAG.dir/C_/VSARM/sdk/pico/pico-sdk/src/rp2_common/pico_float/float_aeabi.S.obj
                0x10004b14                __wrap___aeabi_frsub
                0x10004b1a                __wrap___aeabi_fsub
                0x10004b20                __wrap___aeabi_fadd
                0x10004b26                __wrap___aeabi_fdiv
                0x10004b4e                __wrap___aeabi_fmul
 .text.__wrap___aeabi_cfcmple
                0x10004b5c       0x50 CMakeFiles/DIAG.dir/C_/VSARM/sdk/pico/pico-sdk/src/rp2_common/pico_float/float_aeabi.S.obj
                0x10004b5c                __wrap___aeabi_cfrcmple
                0x10004b68                __wrap___aeabi_cfcmple
                0x10004b68                __wrap___aeabi_cfcmpeq
 .text.__wrap___aeabi_fcmplt
                0x10004bac        0xc CMakeFiles/DIAG.dir/C_/VSARM/sdk/pico/pico-sdk/src/rp2_common/pico_float/float_aeabi.S.obj
                0x10004bac                __wrap___aeabi_fcmplt
 .text.__wrap___aeabi_fcmple
                0x10004bb8       0x10 CMakeFiles/DIAG.dir/C_/VSARM/sdk/pico/pico-sdk/src/rp2_common/pico_float/float_aeabi.S.obj
                0x10004bb8                __wrap___aeabi_fcmple
 .text.__wrap___aeabi_fcmpge
                0x10004bc8       0x10 CMakeFiles/DIAG.dir/C_/VSARM/sdk/pico/pico-sdk/src/rp2_common/pico_float/float_aeabi.S.obj
                0x10004bc8                __wrap___aeabi_fcmpge
 .text.__wrap___aeabi_fcmpgt
                0x10004bd8        0xa CMakeFiles/DIAG.dir/C_/VSARM/sdk/pico/pico-sdk/src/rp2_common/pico_float/float_aeabi.S.obj
                0x10004bd8                __wrap___aeabi_fcmpgt
 .text.__wrap___aeabi_ui2f
                0x10004be2        0xa CMakeFiles/DIAG.dir/C_/VSARM/sdk/pico/pico-sdk/src/rp2_common/pico_float/float_aeabi.S.obj
                0x10004be2                __wrap___aeabi_ui2f
 .text.__wrap___aeabi_i2f
                0x10004bec       0x44 CMakeFiles/DIAG.dir/C_/VSARM/sdk/pico/pico-sdk/src/rp2_common/pico_float/float_aeabi.S.obj
                0x10004bec                __wrap___aeabi_i2f
 .text.__wrap___aeabi_f2d
                0x10004c30       0x14 CMakeFiles/DIAG.dir/C_/VSARM/sdk/pico/pico-sdk/src/rp2_common/pico_float/float_aeabi.S.obj
                0x10004c30                __wrap___aeabi_f2d
 .text.__aeabi_float_init
                0x10004c44       0x64 CMakeFiles/DIAG.dir/C_/VSARM/sdk/pico/pico-sdk/src/rp2_common/pico_float/float_init_rom.c.obj
                0x10004c44                __aeabi_float_init
 .text.float_table_shim_on_use_helper
                0x10004ca8       0x2c CMakeFiles/DIAG.dir/C_/VSARM/sdk/pico/pico-sdk/src/rp2_common/pico_float/float_v1_rom_shim.S.obj
                0x10004ca8                float_table_shim_on_use_helper
 .text.float2double_shim
                0x10004cd4       0x30 CMakeFiles/DIAG.dir/C_/VSARM/sdk/pico/pico-sdk/src/rp2_common/pico_float/float_v1_rom_shim.S.obj
                0x10004cd4                float2double_shim
 .text.__wrap_malloc
                0x10004d04       0x24 CMakeFiles/DIAG.dir/C_/VSARM/sdk/pico/pico-sdk/src/rp2_common/pico_malloc/pico_malloc.c.obj
                0x10004d04                __wrap_malloc
 .text.__wrap_calloc
                0x10004d28       0x24 CMakeFiles/DIAG.dir/C_/VSARM/sdk/pico/pico-sdk/src/rp2_common/pico_malloc/pico_malloc.c.obj
                0x10004d28                __wrap_calloc
 .text          0x10004d4c       0x10 CMakeFiles/DIAG.dir/C_/VSARM/sdk/pico/pico-sdk/src/rp2_common/pico_mem_ops/mem_ops_aeabi.S.obj
                0x10004d4c                __aeabi_mem_init
 .text.memset   0x10004d5c        0xc CMakeFiles/DIAG.dir/C_/VSARM/sdk/pico/pico-sdk/src/rp2_common/pico_mem_ops/mem_ops_aeabi.S.obj
                0x10004d5c                __wrap_memset
 .text.memcpy   0x10004d68        0xc CMakeFiles/DIAG.dir/C_/VSARM/sdk/pico/pico-sdk/src/rp2_common/pico_mem_ops/mem_ops_aeabi.S.obj
                0x10004d68                __wrap_memcpy
                0x10004d68                __wrap___aeabi_memcpy
 .text.stdio_out_chars_no_crlf
                0x10004d74       0x10 CMakeFiles/DIAG.dir/C_/VSARM/sdk/pico/pico-sdk/src/rp2_common/pico_stdio/stdio.c.obj
 .text.stdio_out_chars_crlf
                0x10004d84       0xb4 CMakeFiles/DIAG.dir/C_/VSARM/sdk/pico/pico-sdk/src/rp2_common/pico_stdio/stdio.c.obj
 .text.stdio_buffered_printer
                0x10004e38       0x64 CMakeFiles/DIAG.dir/C_/VSARM/sdk/pico/pico-sdk/src/rp2_common/pico_stdio/stdio.c.obj
 .text.stdio_put_string.isra.0
                0x10004e9c       0xfc CMakeFiles/DIAG.dir/C_/VSARM/sdk/pico/pico-sdk/src/rp2_common/pico_stdio/stdio.c.obj
 .text.__wrap_putchar
                0x10004f98       0xa0 CMakeFiles/DIAG.dir/C_/VSARM/sdk/pico/pico-sdk/src/rp2_common/pico_stdio/stdio.c.obj
                0x10004f98                __wrap_putchar
 .text.__wrap_puts
                0x10005038       0x3c CMakeFiles/DIAG.dir/C_/VSARM/sdk/pico/pico-sdk/src/rp2_common/pico_stdio/stdio.c.obj
                0x10005038                __wrap_puts
 .text.stdio_set_driver_enabled
                0x10005074       0x30 CMakeFiles/DIAG.dir/C_/VSARM/sdk/pico/pico-sdk/src/rp2_common/pico_stdio/stdio.c.obj
                0x10005074                stdio_set_driver_enabled
 .text.__wrap_vprintf
                0x100050a4       0xd8 CMakeFiles/DIAG.dir/C_/VSARM/sdk/pico/pico-sdk/src/rp2_common/pico_stdio/stdio.c.obj
                0x100050a4                __wrap_vprintf
 .text.__wrap_printf
                0x1000517c       0x18 CMakeFiles/DIAG.dir/C_/VSARM/sdk/pico/pico-sdk/src/rp2_common/pico_stdio/stdio.c.obj
                0x1000517c                __wrap_printf
 .text.stdio_init_all
                0x10005194        0x8 CMakeFiles/DIAG.dir/C_/VSARM/sdk/pico/pico-sdk/src/rp2_common/pico_stdio/stdio.c.obj
                0x10005194                stdio_init_all
 .text.resetd_init
                0x1000519c        0x4 CMakeFiles/DIAG.dir/C_/VSARM/sdk/pico/pico-sdk/src/rp2_common/pico_stdio_usb/reset_interface.c.obj
 .text.resetd_reset
                0x100051a0        0xc CMakeFiles/DIAG.dir/C_/VSARM/sdk/pico/pico-sdk/src/rp2_common/pico_stdio_usb/reset_interface.c.obj
 .text.resetd_open
                0x100051ac       0x28 CMakeFiles/DIAG.dir/C_/VSARM/sdk/pico/pico-sdk/src/rp2_common/pico_stdio_usb/reset_interface.c.obj
 .text.resetd_xfer_cb
                0x100051d4        0x4 CMakeFiles/DIAG.dir/C_/VSARM/sdk/pico/pico-sdk/src/rp2_common/pico_stdio_usb/reset_interface.c.obj
 .text.resetd_control_xfer_cb
                0x100051d8       0x64 CMakeFiles/DIAG.dir/C_/VSARM/sdk/pico/pico-sdk/src/rp2_common/pico_stdio_usb/reset_interface.c.obj
 .text.usbd_app_driver_get_cb
                0x1000523c        0xc CMakeFiles/DIAG.dir/C_/VSARM/sdk/pico/pico-sdk/src/rp2_common/pico_stdio_usb/reset_interface.c.obj
                0x1000523c                usbd_app_driver_get_cb
 .text.tud_cdc_line_coding_cb
                0x10005248       0x34 CMakeFiles/DIAG.dir/C_/VSARM/sdk/pico/pico-sdk/src/rp2_common/pico_stdio_usb/reset_interface.c.obj
                0x10005248                tud_cdc_line_coding_cb
 .text.stdio_usb_in_chars
                0x1000527c       0x68 CMakeFiles/DIAG.dir/C_/VSARM/sdk/pico/pico-sdk/src/rp2_common/pico_stdio_usb/stdio_usb.c.obj
                0x1000527c                stdio_usb_in_chars
 .text.stdio_usb_out_chars
                0x100052e4       0xe4 CMakeFiles/DIAG.dir/C_/VSARM/sdk/pico/pico-sdk/src/rp2_common/pico_stdio_usb/stdio_usb.c.obj
 .text.timer_task
                0x100053c8       0x18 CMakeFiles/DIAG.dir/C_/VSARM/sdk/pico/pico-sdk/src/rp2_common/pico_stdio_usb/stdio_usb.c.obj
 .text.usb_irq  0x100053e0       0x10 CMakeFiles/DIAG.dir/C_/VSARM/sdk/pico/pico-sdk/src/rp2_common/pico_stdio_usb/stdio_usb.c.obj
 .text.low_priority_worker_irq
                0x100053f0       0x24 CMakeFiles/DIAG.dir/C_/VSARM/sdk/pico/pico-sdk/src/rp2_common/pico_stdio_usb/stdio_usb.c.obj
 .text.stdio_usb_init
                0x10005414       0xb0 CMakeFiles/DIAG.dir/C_/VSARM/sdk/pico/pico-sdk/src/rp2_common/pico_stdio_usb/stdio_usb.c.obj
                0x10005414                stdio_usb_init
 .text.tud_descriptor_device_cb
                0x100054c4        0x8 CMakeFiles/DIAG.dir/C_/VSARM/sdk/pico/pico-sdk/src/rp2_common/pico_stdio_usb/stdio_usb_descriptors.c.obj
                0x100054c4                tud_descriptor_device_cb
 .text.tud_descriptor_configuration_cb
                0x100054cc        0x8 CMakeFiles/DIAG.dir/C_/VSARM/sdk/pico/pico-sdk/src/rp2_common/pico_stdio_usb/stdio_usb_descriptors.c.obj
                0x100054cc                tud_descriptor_configuration_cb
 .text.tud_descriptor_string_cb
                0x100054d4       0x74 CMakeFiles/DIAG.dir/C_/VSARM/sdk/pico/pico-sdk/src/rp2_common/pico_stdio_usb/stdio_usb_descriptors.c.obj
                0x100054d4                tud_descriptor_string_cb
 .text.dcd_rp2040_irq
                0x10005548      0x21c CMakeFiles/DIAG.dir/C_/VSARM/sdk/pico/pico-sdk/lib/tinyusb/src/portable/raspberrypi/rp2040/dcd_rp2040.c.obj
 .text.dcd_int_enable
                0x10005764        0xc CMakeFiles/DIAG.dir/C_/VSARM/sdk/pico/pico-sdk/lib/tinyusb/src/portable/raspberrypi/rp2040/dcd_rp2040.c.obj
                0x10005764                dcd_int_enable
 .text.dcd_set_address
                0x10005770       0x14 CMakeFiles/DIAG.dir/C_/VSARM/sdk/pico/pico-sdk/lib/tinyusb/src/portable/raspberrypi/rp2040/dcd_rp2040.c.obj
                0x10005770                dcd_set_address
 .text.dcd_connect
                0x10005784       0x10 CMakeFiles/DIAG.dir/C_/VSARM/sdk/pico/pico-sdk/lib/tinyusb/src/portable/raspberrypi/rp2040/dcd_rp2040.c.obj
                0x10005784                dcd_connect
 .text.dcd_init
                0x10005794      0x144 CMakeFiles/DIAG.dir/C_/VSARM/sdk/pico/pico-sdk/lib/tinyusb/src/portable/raspberrypi/rp2040/dcd_rp2040.c.obj
                0x10005794                dcd_init
 .text.dcd_edpt0_status_complete
                0x100058d8       0x1c CMakeFiles/DIAG.dir/C_/VSARM/sdk/pico/pico-sdk/lib/tinyusb/src/portable/raspberrypi/rp2040/dcd_rp2040.c.obj
                0x100058d8                dcd_edpt0_status_complete
 .text.dcd_edpt_open
                0x100058f4       0xf0 CMakeFiles/DIAG.dir/C_/VSARM/sdk/pico/pico-sdk/lib/tinyusb/src/portable/raspberrypi/rp2040/dcd_rp2040.c.obj
                0x100058f4                dcd_edpt_open
 .text.dcd_edpt_close_all
                0x100059e4       0xbc CMakeFiles/DIAG.dir/C_/VSARM/sdk/pico/pico-sdk/lib/tinyusb/src/portable/raspberrypi/rp2040/dcd_rp2040.c.obj
                0x100059e4                dcd_edpt_close_all
 .text.dcd_edpt_xfer
                0x10005aa0       0x24 CMakeFiles/DIAG.dir/C_/VSARM/sdk/pico/pico-sdk/lib/tinyusb/src/portable/raspberrypi/rp2040/dcd_rp2040.c.obj
                0x10005aa0                dcd_edpt_xfer
 .text.dcd_edpt_stall
                0x10005ac4       0x38 CMakeFiles/DIAG.dir/C_/VSARM/sdk/pico/pico-sdk/lib/tinyusb/src/portable/raspberrypi/rp2040/dcd_rp2040.c.obj
                0x10005ac4                dcd_edpt_stall
 .text.dcd_edpt_clear_stall
                0x10005afc       0x30 CMakeFiles/DIAG.dir/C_/VSARM/sdk/pico/pico-sdk/lib/tinyusb/src/portable/raspberrypi/rp2040/dcd_rp2040.c.obj
                0x10005afc                dcd_edpt_clear_stall
 .text._hw_endpoint_buffer_control_update32.part.0.isra.0
                0x10005b2c       0x1c CMakeFiles/DIAG.dir/C_/VSARM/sdk/pico/pico-sdk/lib/tinyusb/src/portable/raspberrypi/rp2040/rp2040_usb.c.obj
 .text.rp2040_usb_init
                0x10005b48       0x4c CMakeFiles/DIAG.dir/C_/VSARM/sdk/pico/pico-sdk/lib/tinyusb/src/portable/raspberrypi/rp2040/rp2040_usb.c.obj
                0x10005b48                rp2040_usb_init
 .text.hw_endpoint_reset_transfer
                0x10005b94        0xc CMakeFiles/DIAG.dir/C_/VSARM/sdk/pico/pico-sdk/lib/tinyusb/src/portable/raspberrypi/rp2040/rp2040_usb.c.obj
                0x10005b94                hw_endpoint_reset_transfer
 .text._hw_endpoint_buffer_control_update32
                0x10005ba0       0x44 CMakeFiles/DIAG.dir/C_/VSARM/sdk/pico/pico-sdk/lib/tinyusb/src/portable/raspberrypi/rp2040/rp2040_usb.c.obj
                0x10005ba0                _hw_endpoint_buffer_control_update32
 .text.hw_endpoint_xfer_start
                0x10005be4      0x138 CMakeFiles/DIAG.dir/C_/VSARM/sdk/pico/pico-sdk/lib/tinyusb/src/portable/raspberrypi/rp2040/rp2040_usb.c.obj
                0x10005be4                hw_endpoint_xfer_start
 .text.hw_endpoint_xfer_continue
                0x10005d1c      0x1e4 CMakeFiles/DIAG.dir/C_/VSARM/sdk/pico/pico-sdk/lib/tinyusb/src/portable/raspberrypi/rp2040/rp2040_usb.c.obj
                0x10005d1c                hw_endpoint_xfer_continue
 .text.tud_mounted
                0x10005f00       0x10 CMakeFiles/DIAG.dir/C_/VSARM/sdk/pico/pico-sdk/lib/tinyusb/src/device/usbd.c.obj
                0x10005f00                tud_mounted
 .text.tud_suspended
                0x10005f10       0x10 CMakeFiles/DIAG.dir/C_/VSARM/sdk/pico/pico-sdk/lib/tinyusb/src/device/usbd.c.obj
                0x10005f10                tud_suspended
 .text.tud_inited
                0x10005f20        0xc CMakeFiles/DIAG.dir/C_/VSARM/sdk/pico/pico-sdk/lib/tinyusb/src/device/usbd.c.obj
                0x10005f20                tud_inited
 .text.tud_init
                0x10005f2c       0xd8 CMakeFiles/DIAG.dir/C_/VSARM/sdk/pico/pico-sdk/lib/tinyusb/src/device/usbd.c.obj
                0x10005f2c                tud_init
 .text.tud_task
                0x10006004      0x8ec CMakeFiles/DIAG.dir/C_/VSARM/sdk/pico/pico-sdk/lib/tinyusb/src/device/usbd.c.obj
                0x10006004                tud_task
 .text.dcd_event_bus_signal
                0x100068f0      0x120 CMakeFiles/DIAG.dir/C_/VSARM/sdk/pico/pico-sdk/lib/tinyusb/src/device/usbd.c.obj
                0x100068f0                dcd_event_bus_signal
 .text.dcd_event_bus_reset
                0x10006a10       0x54 CMakeFiles/DIAG.dir/C_/VSARM/sdk/pico/pico-sdk/lib/tinyusb/src/device/usbd.c.obj
                0x10006a10                dcd_event_bus_reset
 .text.dcd_event_setup_received
                0x10006a64       0x50 CMakeFiles/DIAG.dir/C_/VSARM/sdk/pico/pico-sdk/lib/tinyusb/src/device/usbd.c.obj
                0x10006a64                dcd_event_setup_received
 .text.dcd_event_xfer_complete
                0x10006ab4       0x68 CMakeFiles/DIAG.dir/C_/VSARM/sdk/pico/pico-sdk/lib/tinyusb/src/device/usbd.c.obj
                0x10006ab4                dcd_event_xfer_complete
 .text.usbd_open_edpt_pair
                0x10006b1c       0x80 CMakeFiles/DIAG.dir/C_/VSARM/sdk/pico/pico-sdk/lib/tinyusb/src/device/usbd.c.obj
                0x10006b1c                usbd_open_edpt_pair
 .text.usbd_edpt_open
                0x10006b9c       0x30 CMakeFiles/DIAG.dir/C_/VSARM/sdk/pico/pico-sdk/lib/tinyusb/src/device/usbd.c.obj
                0x10006b9c                usbd_edpt_open
 .text.usbd_edpt_claim
                0x10006bcc       0x64 CMakeFiles/DIAG.dir/C_/VSARM/sdk/pico/pico-sdk/lib/tinyusb/src/device/usbd.c.obj
                0x10006bcc                usbd_edpt_claim
 .text.usbd_edpt_release
                0x10006c30       0x4c CMakeFiles/DIAG.dir/C_/VSARM/sdk/pico/pico-sdk/lib/tinyusb/src/device/usbd.c.obj
                0x10006c30                usbd_edpt_release
 .text.usbd_edpt_xfer
                0x10006c7c       0x48 CMakeFiles/DIAG.dir/C_/VSARM/sdk/pico/pico-sdk/lib/tinyusb/src/device/usbd.c.obj
                0x10006c7c                usbd_edpt_xfer
 .text.tud_control_status
                0x10006cc4       0x30 CMakeFiles/DIAG.dir/C_/VSARM/sdk/pico/pico-sdk/lib/tinyusb/src/device/usbd_control.c.obj
                0x10006cc4                tud_control_status
 .text.tud_control_xfer
                0x10006cf4       0xbc CMakeFiles/DIAG.dir/C_/VSARM/sdk/pico/pico-sdk/lib/tinyusb/src/device/usbd_control.c.obj
                0x10006cf4                tud_control_xfer
 .text.usbd_control_reset
                0x10006db0       0x14 CMakeFiles/DIAG.dir/C_/VSARM/sdk/pico/pico-sdk/lib/tinyusb/src/device/usbd_control.c.obj
                0x10006db0                usbd_control_reset
 .text.usbd_control_set_complete_callback
                0x10006dc4        0xc CMakeFiles/DIAG.dir/C_/VSARM/sdk/pico/pico-sdk/lib/tinyusb/src/device/usbd_control.c.obj
                0x10006dc4                usbd_control_set_complete_callback
 .text.usbd_control_set_request
                0x10006dd0       0x1c CMakeFiles/DIAG.dir/C_/VSARM/sdk/pico/pico-sdk/lib/tinyusb/src/device/usbd_control.c.obj
                0x10006dd0                usbd_control_set_request
 .text.usbd_control_xfer_cb
                0x10006dec       0xfc CMakeFiles/DIAG.dir/C_/VSARM/sdk/pico/pico-sdk/lib/tinyusb/src/device/usbd_control.c.obj
                0x10006dec                usbd_control_xfer_cb
 .text.tud_cdc_n_connected
                0x10006ee8       0x30 CMakeFiles/DIAG.dir/C_/VSARM/sdk/pico/pico-sdk/lib/tinyusb/src/class/cdc/cdc_device.c.obj
                0x10006ee8                tud_cdc_n_connected
 .text.tud_cdc_n_available
                0x10006f18       0x18 CMakeFiles/DIAG.dir/C_/VSARM/sdk/pico/pico-sdk/lib/tinyusb/src/class/cdc/cdc_device.c.obj
                0x10006f18                tud_cdc_n_available
 .text.tud_cdc_n_read
                0x10006f30       0x70 CMakeFiles/DIAG.dir/C_/VSARM/sdk/pico/pico-sdk/lib/tinyusb/src/class/cdc/cdc_device.c.obj
                0x10006f30                tud_cdc_n_read
 .text.tud_cdc_n_write_flush
                0x10006fa0       0x78 CMakeFiles/DIAG.dir/C_/VSARM/sdk/pico/pico-sdk/lib/tinyusb/src/class/cdc/cdc_device.c.obj
                0x10006fa0                tud_cdc_n_write_flush
 .text.tud_cdc_n_write
                0x10007018       0x34 CMakeFiles/DIAG.dir/C_/VSARM/sdk/pico/pico-sdk/lib/tinyusb/src/class/cdc/cdc_device.c.obj
                0x10007018                tud_cdc_n_write
 .text.tud_cdc_n_write_available
                0x1000704c       0x18 CMakeFiles/DIAG.dir/C_/VSARM/sdk/pico/pico-sdk/lib/tinyusb/src/class/cdc/cdc_device.c.obj
                0x1000704c                tud_cdc_n_write_available
 .text.cdcd_init
                0x10007064       0x7c CMakeFiles/DIAG.dir/C_/VSARM/sdk/pico/pico-sdk/lib/tinyusb/src/class/cdc/cdc_device.c.obj
                0x10007064                cdcd_init
 .text.cdcd_reset
                0x100070e0       0x2c CMakeFiles/DIAG.dir/C_/VSARM/sdk/pico/pico-sdk/lib/tinyusb/src/class/cdc/cdc_device.c.obj
                0x100070e0                cdcd_reset
 .text.cdcd_open
                0x1000710c       0xe4 CMakeFiles/DIAG.dir/C_/VSARM/sdk/pico/pico-sdk/lib/tinyusb/src/class/cdc/cdc_device.c.obj
                0x1000710c                cdcd_open
 .text.cdcd_control_xfer_cb
                0x100071f0       0xe4 CMakeFiles/DIAG.dir/C_/VSARM/sdk/pico/pico-sdk/lib/tinyusb/src/class/cdc/cdc_device.c.obj
                0x100071f0                cdcd_control_xfer_cb
 .text.cdcd_xfer_cb
                0x100072d4      0x148 CMakeFiles/DIAG.dir/C_/VSARM/sdk/pico/pico-sdk/lib/tinyusb/src/class/cdc/cdc_device.c.obj
                0x100072d4                cdcd_xfer_cb
 .text.tusb_init
                0x1000741c        0xc CMakeFiles/DIAG.dir/C_/VSARM/sdk/pico/pico-sdk/lib/tinyusb/src/tusb.c.obj
                0x1000741c                tusb_init
 .text.tusb_inited
                0x10007428        0x8 CMakeFiles/DIAG.dir/C_/VSARM/sdk/pico/pico-sdk/lib/tinyusb/src/tusb.c.obj
                0x10007428                tusb_inited
 .text.tu_edpt_validate
                0x10007430       0x78 CMakeFiles/DIAG.dir/C_/VSARM/sdk/pico/pico-sdk/lib/tinyusb/src/tusb.c.obj
                0x10007430                tu_edpt_validate
 .text.tu_edpt_bind_driver
                0x100074a8       0x2c CMakeFiles/DIAG.dir/C_/VSARM/sdk/pico/pico-sdk/lib/tinyusb/src/tusb.c.obj
                0x100074a8                tu_edpt_bind_driver
 .text.tu_fifo_config
                0x100074d4       0x78 CMakeFiles/DIAG.dir/C_/VSARM/sdk/pico/pico-sdk/lib/tinyusb/src/common/tusb_fifo.c.obj
                0x100074d4                tu_fifo_config
 .text.tu_fifo_count
                0x1000754c       0x20 CMakeFiles/DIAG.dir/C_/VSARM/sdk/pico/pico-sdk/lib/tinyusb/src/common/tusb_fifo.c.obj
                0x1000754c                tu_fifo_count
 .text.tu_fifo_empty
                0x1000756c       0x10 CMakeFiles/DIAG.dir/C_/VSARM/sdk/pico/pico-sdk/lib/tinyusb/src/common/tusb_fifo.c.obj
                0x1000756c                tu_fifo_empty
 .text.tu_fifo_remaining
                0x1000757c       0x1c CMakeFiles/DIAG.dir/C_/VSARM/sdk/pico/pico-sdk/lib/tinyusb/src/common/tusb_fifo.c.obj
                0x1000757c                tu_fifo_remaining
 .text.tu_fifo_read
                0x10007598       0x9c CMakeFiles/DIAG.dir/C_/VSARM/sdk/pico/pico-sdk/lib/tinyusb/src/common/tusb_fifo.c.obj
                0x10007598                tu_fifo_read
 .text.tu_fifo_read_n
                0x10007634      0x100 CMakeFiles/DIAG.dir/C_/VSARM/sdk/pico/pico-sdk/lib/tinyusb/src/common/tusb_fifo.c.obj
                0x10007634                tu_fifo_read_n
 .text.tu_fifo_write
                0x10007734       0x7c CMakeFiles/DIAG.dir/C_/VSARM/sdk/pico/pico-sdk/lib/tinyusb/src/common/tusb_fifo.c.obj
                0x10007734                tu_fifo_write
 .text.tu_fifo_write_n
                0x100077b0      0x100 CMakeFiles/DIAG.dir/C_/VSARM/sdk/pico/pico-sdk/lib/tinyusb/src/common/tusb_fifo.c.obj
                0x100077b0                tu_fifo_write_n
 .text.tu_fifo_clear
                0x100078b0       0x4c CMakeFiles/DIAG.dir/C_/VSARM/sdk/pico/pico-sdk/lib/tinyusb/src/common/tusb_fifo.c.obj
                0x100078b0                tu_fifo_clear
 .text.tu_fifo_set_overwritable
                0x100078fc       0x3c CMakeFiles/DIAG.dir/C_/VSARM/sdk/pico/pico-sdk/lib/tinyusb/src/common/tusb_fifo.c.obj
                0x100078fc                tu_fifo_set_overwritable
 .text.startup._retrieve_unique_id_on_boot
                0x10007938       0x10 CMakeFiles/DIAG.dir/C_/VSARM/sdk/pico/pico-sdk/src/rp2_common/pico_unique_id/unique_id.c.obj
 .text.pico_get_unique_board_id_string
                0x10007948      0x1a8 CMakeFiles/DIAG.dir/C_/VSARM/sdk/pico/pico-sdk/src/rp2_common/pico_unique_id/unique_id.c.obj
                0x10007948                pico_get_unique_board_id_string
 .text.flash_get_unique_id
                0x10007af0       0x40 CMakeFiles/DIAG.dir/C_/VSARM/sdk/pico/pico-sdk/src/rp2_common/hardware_flash/flash.c.obj
                0x10007af0                flash_get_unique_id
 .text.adc_init
                0x10007b30       0x38 CMakeFiles/DIAG.dir/C_/VSARM/sdk/pico/pico-sdk/src/rp2_common/hardware_adc/adc.c.obj
                0x10007b30                adc_init
 .text.rtc_init
                0x10007b68       0x38 CMakeFiles/DIAG.dir/C_/VSARM/sdk/pico/pico-sdk/src/rp2_common/hardware_rtc/rtc.c.obj
                0x10007b68                rtc_init
 .text.rtc_set_datetime
                0x10007ba0       0xac CMakeFiles/DIAG.dir/C_/VSARM/sdk/pico/pico-sdk/src/rp2_common/hardware_rtc/rtc.c.obj
                0x10007ba0                rtc_set_datetime
 .text.rtc_get_datetime
                0x10007c4c       0x44 CMakeFiles/DIAG.dir/C_/VSARM/sdk/pico/pico-sdk/src/rp2_common/hardware_rtc/rtc.c.obj
                0x10007c4c                rtc_get_datetime
 .text._ZN23GenericAnalogTempSensorC2Ej
                0x10007c90       0x30 TempSensor\libTempSensor.a(TempSensor.cpp.obj)
                0x10007c90                GenericAnalogTempSensor::GenericAnalogTempSensor(unsigned int)
                0x10007c90                GenericAnalogTempSensor::GenericAnalogTempSensor(unsigned int)
 .text._ZN10TempSensor21__fint_interva_limitsEf
                0x10007cc0       0xac TempSensor\libTempSensor.a(TempSensor.cpp.obj)
                0x10007cc0                TempSensor::__fint_interva_limits(float)
 .text._ZN10TempSensor17ReadTempAsCelsiusEv
                0x10007d6c       0xf8 TempSensor\libTempSensor.a(TempSensor.cpp.obj)
                0x10007d6c                TempSensor::ReadTempAsCelsius()
 .text._ZN10TempSensor8show_mapEv
                0x10007e64       0x6c TempSensor\libTempSensor.a(TempSensor.cpp.obj)
                0x10007e64                TempSensor::show_map()
 .text._ZN10TempSensor7get_dtcEv
                0x10007ed0        0x4 TempSensor\libTempSensor.a(TempSensor.cpp.obj)
                0x10007ed0                TempSensor::get_dtc()
 .text._ZN13TaskSchegulerC2Ej
                0x10007ed4       0x58 TaskScheguler\libTaskScheguler.a(TaskScheguler.cpp.obj)
                0x10007ed4                TaskScheguler::TaskScheguler(unsigned int)
                0x10007ed4                TaskScheguler::TaskScheguler(unsigned int)
 .text._ZN13TaskScheguler11attach_taskEP22TaskScheguler_Status_sPv
                0x10007f2c       0x28 TaskScheguler\libTaskScheguler.a(TaskScheguler.cpp.obj)
                0x10007f2c                TaskScheguler::attach_task(TaskScheguler_Status_s*, void*)
 .text._ZN13TaskScheguler12execute_taskEj
                0x10007f54       0x14 TaskScheguler\libTaskScheguler.a(TaskScheguler.cpp.obj)
                0x10007f54                TaskScheguler::execute_task(unsigned int)
 .text._ZN13TaskScheguler7get_dtcEv
                0x10007f68        0x4 TaskScheguler\libTaskScheguler.a(TaskScheguler.cpp.obj)
                0x10007f68                TaskScheguler::get_dtc()
 .text._ZN13DigitalSignalC2Ejbbb
                0x10007f6c       0x74 DigitalSignals\libDigitalSignals.a(DigitalSignals.cpp.obj)
                0x10007f6c                DigitalSignal::DigitalSignal(unsigned int, bool, bool, bool)
                0x10007f6c                DigitalSignal::DigitalSignal(unsigned int, bool, bool, bool)
 .text._ZN13DigitalSignal7get_dtcEv
                0x10007fe0        0x4 DigitalSignals\libDigitalSignals.a(DigitalSignals.cpp.obj)
                0x10007fe0                DigitalSignal::get_dtc()
 .text._ZN13DigitalSignal10drive_gpioEb
                0x10007fe4       0x3c DigitalSignals\libDigitalSignals.a(DigitalSignals.cpp.obj)
                0x10007fe4                DigitalSignal::drive_gpio(bool)
 .text._ZN13DigitalSignal10create_irqEjPFvvE
                0x10008020       0x3c DigitalSignals\libDigitalSignals.a(DigitalSignals.cpp.obj)
                0x10008020                DigitalSignal::create_irq(unsigned int, void (*)())
 .text.calloc   0x1000805c       0x18 c:/vsarm/armcc/102021~1.10/bin/../lib/gcc/arm-none-eabi/10.3.1/../../../../arm-none-eabi/lib/thumb/v6-m/nofp\libc.a(lib_a-calloc.o)
                0x1000805c                calloc
 .text._calloc_r
                0x10008074       0x9c c:/vsarm/armcc/102021~1.10/bin/../lib/gcc/arm-none-eabi/10.3.1/../../../../arm-none-eabi/lib/thumb/v6-m/nofp\libc.a(lib_a-callocr.o)
                0x10008074                _calloc_r
 .text.__errno  0x10008110        0xc c:/vsarm/armcc/102021~1.10/bin/../lib/gcc/arm-none-eabi/10.3.1/../../../../arm-none-eabi/lib/thumb/v6-m/nofp\libc.a(lib_a-errno.o)
                0x10008110                __errno
 .text.malloc   0x1000811c       0x14 c:/vsarm/armcc/102021~1.10/bin/../lib/gcc/arm-none-eabi/10.3.1/../../../../arm-none-eabi/lib/thumb/v6-m/nofp\libc.a(lib_a-malloc.o)
                0x1000811c                malloc
 .text._malloc_r
                0x10008130      0x584 c:/vsarm/armcc/102021~1.10/bin/../lib/gcc/arm-none-eabi/10.3.1/../../../../arm-none-eabi/lib/thumb/v6-m/nofp\libc.a(lib_a-mallocr.o)
                0x10008130                _malloc_r
 .text.__malloc_lock
                0x100086b4       0x10 c:/vsarm/armcc/102021~1.10/bin/../lib/gcc/arm-none-eabi/10.3.1/../../../../arm-none-eabi/lib/thumb/v6-m/nofp\libc.a(lib_a-mlock.o)
                0x100086b4                __malloc_lock
 .text.__malloc_unlock
                0x100086c4       0x10 c:/vsarm/armcc/102021~1.10/bin/../lib/gcc/arm-none-eabi/10.3.1/../../../../arm-none-eabi/lib/thumb/v6-m/nofp\libc.a(lib_a-mlock.o)
                0x100086c4                __malloc_unlock
 .text._sbrk_r  0x100086d4       0x24 c:/vsarm/armcc/102021~1.10/bin/../lib/gcc/arm-none-eabi/10.3.1/../../../../arm-none-eabi/lib/thumb/v6-m/nofp\libc.a(lib_a-sbrkr.o)
                0x100086d4                _sbrk_r
 .text.strlen   0x100086f8       0x5c c:/vsarm/armcc/102021~1.10/bin/../lib/gcc/arm-none-eabi/10.3.1/../../../../arm-none-eabi/lib/thumb/v6-m/nofp\libc.a(lib_a-strlen-stub.o)
                0x100086f8                strlen
 .text._malloc_trim_r
                0x10008754       0x9c c:/vsarm/armcc/102021~1.10/bin/../lib/gcc/arm-none-eabi/10.3.1/../../../../arm-none-eabi/lib/thumb/v6-m/nofp\libc.a(lib_a-freer.o)
                0x10008754                _malloc_trim_r
 .text._free_r  0x100087f0      0x1c4 c:/vsarm/armcc/102021~1.10/bin/../lib/gcc/arm-none-eabi/10.3.1/../../../../arm-none-eabi/lib/thumb/v6-m/nofp\libc.a(lib_a-freer.o)
                0x100087f0                _free_r
 .text.__retarget_lock_acquire_recursive
                0x100089b4        0x4 c:/vsarm/armcc/102021~1.10/bin/../lib/gcc/arm-none-eabi/10.3.1/../../../../arm-none-eabi/lib/thumb/v6-m/nofp\libc.a(lib_a-lock.o)
                0x100089b4                __retarget_lock_acquire_recursive
 .text.__retarget_lock_release_recursive
                0x100089b8        0x4 c:/vsarm/armcc/102021~1.10/bin/../lib/gcc/arm-none-eabi/10.3.1/../../../../arm-none-eabi/lib/thumb/v6-m/nofp\libc.a(lib_a-lock.o)
                0x100089b8                __retarget_lock_release_recursive
 *(.fini)
 .fini          0x100089bc        0x4 c:/vsarm/armcc/102021~1.10/bin/../lib/gcc/arm-none-eabi/10.3.1/thumb/v6-m/nofp/crti.o
                0x100089bc                _fini
 .fini.__stub   0x100089c0       0x70 linker stubs
 *crtbegin.o(.ctors)
 *crtbegin?.o(.ctors)
 *(EXCLUDE_FILE(*crtend.o *crtend?.o) .ctors)
 *(SORT_BY_NAME(.ctors.*))
 *(.ctors)
 *crtbegin.o(.dtors)
 *crtbegin?.o(.dtors)
 *(EXCLUDE_FILE(*crtend.o *crtend?.o) .dtors)
 *(SORT_BY_NAME(.dtors.*))
 *(.dtors)
 *(.eh_frame*)
 .eh_frame      0x10008a30        0x0 c:/vsarm/armcc/102021~1.10/bin/../lib/gcc/arm-none-eabi/10.3.1/thumb/v6-m/nofp/crtbegin.o
                0x10008a30                . = ALIGN (0x4)

.glue_7         0x10008a30        0x0
 .glue_7        0x10008a30        0x0 linker stubs

.glue_7t        0x10008a30        0x0
 .glue_7t       0x10008a30        0x0 linker stubs

.vfp11_veneer   0x10008a30        0x0
 .vfp11_veneer  0x10008a30        0x0 linker stubs

.v4_bx          0x10008a30        0x0
 .v4_bx         0x10008a30        0x0 linker stubs

.iplt           0x10008a30        0x0
 .iplt          0x10008a30        0x0 c:/vsarm/armcc/102021~1.10/bin/../lib/gcc/arm-none-eabi/10.3.1/thumb/v6-m/nofp/crtbegin.o

.rodata         0x10008a30      0x714
 *(EXCLUDE_FILE(*libm.a: *libc.a:*lib_a-mem*.o *libgcc.a:) .rodata*)
 .rodata._Z14check_DTC_taskPv.str1.4
                0x10008a30       0x47 CMakeFiles/DIAG.dir/main.cpp.obj
 *fill*         0x10008a77        0x1 
 .rodata._Z14read_temp_taskPv.str1.4
                0x10008a78       0x23 CMakeFiles/DIAG.dir/main.cpp.obj
 *fill*         0x10008a9b        0x1 
 .rodata._Z14read_time_taskPv.str1.4
                0x10008a9c       0x1a CMakeFiles/DIAG.dir/main.cpp.obj
 *fill*         0x10008ab6        0x2 
 .rodata.main.str1.4
                0x10008ab8       0xf6 CMakeFiles/DIAG.dir/main.cpp.obj
                                 0xfa (size before relaxing)
 *fill*         0x10008bae        0x2 
 .rodata        0x10008bb0       0x40 CMakeFiles/DIAG.dir/main.cpp.obj
 .rodata.spin_lock_claim_unused.str1.4
                0x10008bf0       0x1b CMakeFiles/DIAG.dir/C_/VSARM/sdk/pico/pico-sdk/src/rp2_common/hardware_sync/sync.c.obj
 *fill*         0x10008c0b        0x1 
 .rodata.user_irq_claim_unused.str1.4
                0x10008c0c       0x1b CMakeFiles/DIAG.dir/C_/VSARM/sdk/pico/pico-sdk/src/rp2_common/hardware_irq/irq.c.obj
 *fill*         0x10008c27        0x1 
 .rodata.hardware_alarm_claim.str1.4
                0x10008c28       0x22 CMakeFiles/DIAG.dir/C_/VSARM/sdk/pico/pico-sdk/src/rp2_common/hardware_timer/timer.c.obj
 *fill*         0x10008c4a        0x2 
 .rodata.panic.str1.4
                0x10008c4c       0x10 CMakeFiles/DIAG.dir/C_/VSARM/sdk/pico/pico-sdk/src/rp2_common/pico_runtime/runtime.c.obj
                                 0x12 (size before relaxing)
 .rodata.hard_assertion_failure.str1.4
                0x10008c5c        0xc CMakeFiles/DIAG.dir/C_/VSARM/sdk/pico/pico-sdk/src/rp2_common/pico_runtime/runtime.c.obj
 .rodata._ftoa.str1.4
                0x10008c68       0x15 CMakeFiles/DIAG.dir/C_/VSARM/sdk/pico/pico-sdk/src/rp2_common/pico_printf/printf.c.obj
 *fill*         0x10008c7d        0x3 
 .rodata._vsnprintf
                0x10008c80      0x1e0 CMakeFiles/DIAG.dir/C_/VSARM/sdk/pico/pico-sdk/src/rp2_common/pico_printf/printf.c.obj
 .rodata.pow10.0
                0x10008e60       0x50 CMakeFiles/DIAG.dir/C_/VSARM/sdk/pico/pico-sdk/src/rp2_common/pico_printf/printf.c.obj
 .rodata.__wrap_malloc.str1.4
                0x10008eb0        0xe CMakeFiles/DIAG.dir/C_/VSARM/sdk/pico/pico-sdk/src/rp2_common/pico_malloc/pico_malloc.c.obj
 *fill*         0x10008ebe        0x2 
 .rodata.str1.4
                0x10008ec0       0x3c CMakeFiles/DIAG.dir/C_/VSARM/sdk/pico/pico-sdk/src/rp2_common/pico_standard_link/binary_info.c.obj
 .rodata.__bi_44
                0x10008efc        0xc CMakeFiles/DIAG.dir/C_/VSARM/sdk/pico/pico-sdk/src/rp2_common/pico_standard_link/binary_info.c.obj
 .rodata.__bi_75
                0x10008f08        0xc CMakeFiles/DIAG.dir/C_/VSARM/sdk/pico/pico-sdk/src/rp2_common/pico_standard_link/binary_info.c.obj
 .rodata.__bi_81
                0x10008f14        0xc CMakeFiles/DIAG.dir/C_/VSARM/sdk/pico/pico-sdk/src/rp2_common/pico_standard_link/binary_info.c.obj
 .rodata.crlf_str.0
                0x10008f20        0x2 CMakeFiles/DIAG.dir/C_/VSARM/sdk/pico/pico-sdk/src/rp2_common/pico_stdio/stdio.c.obj
 *fill*         0x10008f22        0x2 
 .rodata._resetd_driver
                0x10008f24       0x18 CMakeFiles/DIAG.dir/C_/VSARM/sdk/pico/pico-sdk/src/rp2_common/pico_stdio_usb/reset_interface.c.obj
 .rodata.str1.4
                0x10008f3c       0x13 CMakeFiles/DIAG.dir/C_/VSARM/sdk/pico/pico-sdk/src/rp2_common/pico_stdio_usb/stdio_usb.c.obj
 *fill*         0x10008f4f        0x1 
 .rodata.__bi_118.0
                0x10008f50        0xc CMakeFiles/DIAG.dir/C_/VSARM/sdk/pico/pico-sdk/src/rp2_common/pico_stdio_usb/stdio_usb.c.obj
 .rodata.str1.4
                0x10008f5c       0x2a CMakeFiles/DIAG.dir/C_/VSARM/sdk/pico/pico-sdk/src/rp2_common/pico_stdio_usb/stdio_usb_descriptors.c.obj
 *fill*         0x10008f86        0x2 
 .rodata.usbd_desc_cfg
                0x10008f88       0x54 CMakeFiles/DIAG.dir/C_/VSARM/sdk/pico/pico-sdk/src/rp2_common/pico_stdio_usb/stdio_usb_descriptors.c.obj
 .rodata.usbd_desc_device
                0x10008fdc       0x12 CMakeFiles/DIAG.dir/C_/VSARM/sdk/pico/pico-sdk/src/rp2_common/pico_stdio_usb/stdio_usb_descriptors.c.obj
 *fill*         0x10008fee        0x2 
 .rodata.usbd_desc_str
                0x10008ff0       0x18 CMakeFiles/DIAG.dir/C_/VSARM/sdk/pico/pico-sdk/src/rp2_common/pico_stdio_usb/stdio_usb_descriptors.c.obj
 .rodata.dcd_rp2040_irq.str1.4
                0x10009008       0x14 CMakeFiles/DIAG.dir/C_/VSARM/sdk/pico/pico-sdk/lib/tinyusb/src/portable/raspberrypi/rp2040/dcd_rp2040.c.obj
 .rodata._hw_endpoint_buffer_control_update32.part.0.isra.0.str1.4
                0x1000901c       0x1f CMakeFiles/DIAG.dir/C_/VSARM/sdk/pico/pico-sdk/lib/tinyusb/src/portable/raspberrypi/rp2040/rp2040_usb.c.obj
 *fill*         0x1000903b        0x1 
 .rodata.hw_endpoint_xfer_continue.str1.4
                0x1000903c       0x29 CMakeFiles/DIAG.dir/C_/VSARM/sdk/pico/pico-sdk/lib/tinyusb/src/portable/raspberrypi/rp2040/rp2040_usb.c.obj
 *fill*         0x10009065        0x3 
 .rodata.str1.4
                0x10009068        0x7 CMakeFiles/DIAG.dir/C_/VSARM/sdk/pico/pico-sdk/lib/tinyusb/src/portable/raspberrypi/rp2040/rp2040_usb.c.obj
 *fill*         0x1000906f        0x1 
 .rodata.tud_task
                0x10009070       0x8c CMakeFiles/DIAG.dir/C_/VSARM/sdk/pico/pico-sdk/lib/tinyusb/src/device/usbd.c.obj
 .rodata._usbd_driver
                0x100090fc       0x18 CMakeFiles/DIAG.dir/C_/VSARM/sdk/pico/pico-sdk/lib/tinyusb/src/device/usbd.c.obj
 .rodata._ZN10TempSensor8show_mapEv.str1.4
                0x10009114       0x2d TempSensor\libTempSensor.a(TempSensor.cpp.obj)
                0x10009144                . = ALIGN (0x4)
 *fill*         0x10009141        0x3 
 *(SORT_BY_ALIGNMENT(SORT_BY_NAME(.flashdata*)))
                0x10009144                . = ALIGN (0x4)

.rel.dyn        0x10009144        0x0
 .rel.iplt      0x10009144        0x0 c:/vsarm/armcc/102021~1.10/bin/../lib/gcc/arm-none-eabi/10.3.1/thumb/v6-m/nofp/crtbegin.o

.ARM.extab
 *(.ARM.extab* .gnu.linkonce.armextab.*)
                0x10009144                __exidx_start = .

.ARM.exidx
 *(.ARM.exidx* .gnu.linkonce.armexidx.*)
                0x10009144                __exidx_end = .
                0x10009144                . = ALIGN (0x4)
                0x10009144                __binary_info_start = .

.binary_info    0x10009144       0x20
 *(.binary_info.keep.*)
 .binary_info.keep.__bi_ptr22
                0x10009144        0x4 CMakeFiles/DIAG.dir/C_/VSARM/sdk/pico/pico-sdk/src/rp2_common/pico_standard_link/binary_info.c.obj
 .binary_info.keep.__bi_ptr30
                0x10009148        0x4 CMakeFiles/DIAG.dir/C_/VSARM/sdk/pico/pico-sdk/src/rp2_common/pico_standard_link/binary_info.c.obj
 .binary_info.keep.__bi_ptr38
                0x1000914c        0x4 CMakeFiles/DIAG.dir/C_/VSARM/sdk/pico/pico-sdk/src/rp2_common/pico_standard_link/binary_info.c.obj
 .binary_info.keep.__bi_ptr44
                0x10009150        0x4 CMakeFiles/DIAG.dir/C_/VSARM/sdk/pico/pico-sdk/src/rp2_common/pico_standard_link/binary_info.c.obj
 .binary_info.keep.__bi_ptr50
                0x10009154        0x4 CMakeFiles/DIAG.dir/C_/VSARM/sdk/pico/pico-sdk/src/rp2_common/pico_standard_link/binary_info.c.obj
 .binary_info.keep.__bi_ptr75
                0x10009158        0x4 CMakeFiles/DIAG.dir/C_/VSARM/sdk/pico/pico-sdk/src/rp2_common/pico_standard_link/binary_info.c.obj
 .binary_info.keep.__bi_ptr81
                0x1000915c        0x4 CMakeFiles/DIAG.dir/C_/VSARM/sdk/pico/pico-sdk/src/rp2_common/pico_standard_link/binary_info.c.obj
 *(.binary_info.*)
 .binary_info.__bi_ptr118
                0x10009160        0x4 CMakeFiles/DIAG.dir/C_/VSARM/sdk/pico/pico-sdk/src/rp2_common/pico_stdio_usb/stdio_usb.c.obj
                0x10009164                __binary_info_end = .
                0x10009164                . = ALIGN (0x4)
                0x10009164                __etext = .

.ram_vector_table
                0x20000000       0xc0
 *(.ram_vector_table)
 .ram_vector_table
                0x20000000       0xc0 CMakeFiles/DIAG.dir/C_/VSARM/sdk/pico/pico-sdk/src/rp2_common/pico_runtime/runtime.c.obj
                0x20000000                ram_vector_table

.data           0x200000c0      0xc00 load address 0x10009164
                0x200000c0                __data_start__ = .
 *(vtable)
 *(.time_critical*)
 .time_critical.mutex_enter_blocking
                0x200000c0       0x48 CMakeFiles/DIAG.dir/C_/VSARM/sdk/pico/pico-sdk/src/common/pico_sync/mutex.c.obj
                0x200000c0                mutex_enter_blocking
 .time_critical.mutex_try_enter
                0x20000108       0x44 CMakeFiles/DIAG.dir/C_/VSARM/sdk/pico/pico-sdk/src/common/pico_sync/mutex.c.obj
                0x20000108                mutex_try_enter
 .time_critical.mutex_enter_timeout_ms
                0x2000014c       0xa0 CMakeFiles/DIAG.dir/C_/VSARM/sdk/pico/pico-sdk/src/common/pico_sync/mutex.c.obj
                0x2000014c                mutex_enter_timeout_ms
 .time_critical.mutex_exit
                0x200001ec       0x28 CMakeFiles/DIAG.dir/C_/VSARM/sdk/pico/pico-sdk/src/common/pico_sync/mutex.c.obj
                0x200001ec                mutex_exit
 .time_critical.flash_init_boot2_copyout
                0x20000214       0x30 CMakeFiles/DIAG.dir/C_/VSARM/sdk/pico/pico-sdk/src/rp2_common/hardware_flash/flash.c.obj
 .time_critical.flash_enable_xip_via_boot2
                0x20000244       0x10 CMakeFiles/DIAG.dir/C_/VSARM/sdk/pico/pico-sdk/src/rp2_common/hardware_flash/flash.c.obj
 .time_critical.flash_cs_force
                0x20000254       0x38 CMakeFiles/DIAG.dir/C_/VSARM/sdk/pico/pico-sdk/src/rp2_common/hardware_flash/flash.c.obj
 .time_critical.flash_do_cmd
                0x2000028c       0xc4 CMakeFiles/DIAG.dir/C_/VSARM/sdk/pico/pico-sdk/src/rp2_common/hardware_flash/flash.c.obj
                0x2000028c                flash_do_cmd
 *(.text*)
 .text          0x20000350        0x4 c:/vsarm/armcc/102021~1.10/bin/../lib/gcc/arm-none-eabi/10.3.1/thumb/v6-m/nofp\libgcc.a(_dvmd_tls.o)
                0x20000350                __aeabi_idiv0
                0x20000350                __aeabi_ldiv0
 *fill*         0x20000354        0x4 
 .text.__stub   0x20000358       0x30 linker stubs
                0x20000388                . = ALIGN (0x4)
 *(.rodata*)
                0x20000388                . = ALIGN (0x4)
 *(.data*)
 .data.kl15_can_read
                0x20000388        0x1 CMakeFiles/DIAG.dir/main.cpp.obj
                0x20000388                kl15_can_read
 .data.vss_can_read
                0x20000389        0x1 CMakeFiles/DIAG.dir/main.cpp.obj
                0x20000389                vss_can_read
 .data.striped_spin_lock_num
                0x2000038a        0x1 CMakeFiles/DIAG.dir/C_/VSARM/sdk/pico/pico-sdk/src/rp2_common/hardware_sync/sync.c.obj
 *fill*         0x2000038b        0x1 
 .data          0x2000038c       0x48 CMakeFiles/DIAG.dir/C_/VSARM/sdk/pico/pico-sdk/src/rp2_common/hardware_irq/irq_handler_chain.S.obj
                0x2000038c                irq_handler_chain_slots
                0x200003bc                irq_handler_chain_first_slot
                0x200003c6                irq_handler_chain_remove_tail
 .data.default_alarm_pool
                0x200003d4       0x18 CMakeFiles/DIAG.dir/C_/VSARM/sdk/pico/pico-sdk/src/common/pico_time/time.c.obj
 .data.default_alarm_pool_heap
                0x200003ec       0x10 CMakeFiles/DIAG.dir/C_/VSARM/sdk/pico/pico-sdk/src/common/pico_time/time.c.obj
 *fill*         0x200003fc        0x4 
 .data.aeabi_bits_funcs
                0x20000400       0x10 CMakeFiles/DIAG.dir/C_/VSARM/sdk/pico/pico-sdk/src/rp2_common/pico_bit_ops/bit_ops_aeabi.S.obj
                0x20000400                aeabi_bits_funcs
                0x20000410                aeabi_bits_funcs_end
 .data.aeabi_mem_funcs
                0x20000410       0x10 CMakeFiles/DIAG.dir/C_/VSARM/sdk/pico/pico-sdk/src/rp2_common/pico_mem_ops/mem_ops_aeabi.S.obj
                0x20000410                aeabi_mem_funcs
                0x20000420                aeabi_mem_funcs_end
 .data.stdio_usb
                0x20000420       0x14 CMakeFiles/DIAG.dir/C_/VSARM/sdk/pico/pico-sdk/src/rp2_common/pico_stdio_usb/stdio_usb.c.obj
                0x20000420                stdio_usb
 .data.ep_dir_string
                0x20000434        0x8 CMakeFiles/DIAG.dir/C_/VSARM/sdk/pico/pico-sdk/lib/tinyusb/src/portable/raspberrypi/rp2040/rp2040_usb.c.obj
                0x20000434                ep_dir_string
 .data._usbd_qdef
                0x2000043c       0x24 CMakeFiles/DIAG.dir/C_/VSARM/sdk/pico/pico-sdk/lib/tinyusb/src/device/usbd.c.obj
                0x2000043c                _usbd_qdef
 .data._impure_ptr
                0x20000460        0x4 c:/vsarm/armcc/102021~1.10/bin/../lib/gcc/arm-none-eabi/10.3.1/../../../../arm-none-eabi/lib/thumb/v6-m/nofp\libc.a(lib_a-impure.o)
                0x20000460                _impure_ptr
 *fill*         0x20000464        0x4 
 .data.impure_data
                0x20000468      0x428 c:/vsarm/armcc/102021~1.10/bin/../lib/gcc/arm-none-eabi/10.3.1/../../../../arm-none-eabi/lib/thumb/v6-m/nofp\libc.a(lib_a-impure.o)
 .data.__malloc_av_
                0x20000890      0x408 c:/vsarm/armcc/102021~1.10/bin/../lib/gcc/arm-none-eabi/10.3.1/../../../../arm-none-eabi/lib/thumb/v6-m/nofp\libc.a(lib_a-mallocr.o)
                0x20000890                __malloc_av_
 .data.__malloc_sbrk_base
                0x20000c98        0x4 c:/vsarm/armcc/102021~1.10/bin/../lib/gcc/arm-none-eabi/10.3.1/../../../../arm-none-eabi/lib/thumb/v6-m/nofp\libc.a(lib_a-mallocr.o)
                0x20000c98                __malloc_sbrk_base
 .data.__malloc_trim_threshold
                0x20000c9c        0x4 c:/vsarm/armcc/102021~1.10/bin/../lib/gcc/arm-none-eabi/10.3.1/../../../../arm-none-eabi/lib/thumb/v6-m/nofp\libc.a(lib_a-mallocr.o)
                0x20000c9c                __malloc_trim_threshold
                0x20000ca0                . = ALIGN (0x4)
 *(.after_data.*)
                0x20000ca0                . = ALIGN (0x4)
                0x20000ca0                PROVIDE (__mutex_array_start = .)
 *(SORT_BY_NAME(.mutex_array.*))
 *(.mutex_array)
 .mutex_array   0x20000ca0        0x8 CMakeFiles/DIAG.dir/C_/VSARM/sdk/pico/pico-sdk/src/rp2_common/pico_stdio/stdio.c.obj
                0x20000ca8                PROVIDE (__mutex_array_end = .)
                0x20000ca8                . = ALIGN (0x4)
                0x20000ca8                PROVIDE (__preinit_array_start = .)
 *(SORT_BY_NAME(.preinit_array.*))
 .preinit_array.00001
                0x20000ca8        0x4 CMakeFiles/DIAG.dir/C_/VSARM/sdk/pico/pico-sdk/src/rp2_common/pico_mem_ops/mem_ops_aeabi.S.obj
 .preinit_array.00010
                0x20000cac        0x4 CMakeFiles/DIAG.dir/C_/VSARM/sdk/pico/pico-sdk/src/rp2_common/pico_bit_ops/bit_ops_aeabi.S.obj
 .preinit_array.00020
                0x20000cb0        0x4 CMakeFiles/DIAG.dir/C_/VSARM/sdk/pico/pico-sdk/src/rp2_common/pico_double/double_aeabi.S.obj
 .preinit_array.00020
                0x20000cb4        0x4 CMakeFiles/DIAG.dir/C_/VSARM/sdk/pico/pico-sdk/src/rp2_common/pico_float/float_aeabi.S.obj
 *(.preinit_array)
                0x20000cb8                PROVIDE (__preinit_array_end = .)
                0x20000cb8                . = ALIGN (0x4)
                0x20000cb8                PROVIDE (__init_array_start = .)
 *(SORT_BY_NAME(.init_array.*))
 *(.init_array)
 .init_array    0x20000cb8        0x4 c:/vsarm/armcc/102021~1.10/bin/../lib/gcc/arm-none-eabi/10.3.1/thumb/v6-m/nofp/crtbegin.o
 .init_array    0x20000cbc        0x4 CMakeFiles/DIAG.dir/C_/VSARM/sdk/pico/pico-sdk/src/rp2_common/pico_unique_id/unique_id.c.obj
                0x20000cc0                PROVIDE (__init_array_end = .)
                0x20000cc0                . = ALIGN (0x4)
                [!provide]                PROVIDE (__fini_array_start = .)
 *(SORT_BY_NAME(.fini_array.*))
 *(.fini_array)
                [!provide]                PROVIDE (__fini_array_end = .)
 *(.jcr)
                0x20000cc0                . = ALIGN (0x4)
                0x20000cc0                __data_end__ = .

.igot.plt       0x20000cc0        0x0 load address 0x10009d64
 .igot.plt      0x20000cc0        0x0 c:/vsarm/armcc/102021~1.10/bin/../lib/gcc/arm-none-eabi/10.3.1/thumb/v6-m/nofp/crtbegin.o

.uninitialized_data
                0x20000cc0        0x0 load address 0x10009d64
                0x20000cc0                . = ALIGN (0x4)
 *(.uninitialized_data*)

.scratch_x      0x20040000        0x0 load address 0x10009d64
                0x20040000                __scratch_x_start__ = .
 *(.scratch_x.*)
                0x20040000                . = ALIGN (0x4)
                0x20040000                __scratch_x_end__ = .
                0x10009d64                __scratch_x_source__ = LOADADDR (.scratch_x)

.scratch_y      0x20041000        0x0 load address 0x10009d64
                0x20041000                __scratch_y_start__ = .
 *(.scratch_y.*)
                0x20041000                . = ALIGN (0x4)
                0x20041000                __scratch_y_end__ = .
                0x10009d64                __scratch_y_source__ = LOADADDR (.scratch_y)

.bss            0x20000cc0      0xdd0
                0x20000cc0                . = ALIGN (0x4)
                0x20000cc0                __bss_start__ = .
 *(SORT_BY_ALIGNMENT(SORT_BY_NAME(.bss*)))
 .bss.default_alarm_pool_entries
                0x20000cc0      0x100 CMakeFiles/DIAG.dir/C_/VSARM/sdk/pico/pico-sdk/src/common/pico_time/time.c.obj
 .bss.last_avail_time.1
                0x20000dc0        0x8 CMakeFiles/DIAG.dir/C_/VSARM/sdk/pico/pico-sdk/src/rp2_common/pico_stdio_usb/stdio_usb.c.obj
 .bss.sd_table  0x20000dc8      0x100 CMakeFiles/DIAG.dir/C_/VSARM/sdk/pico/pico-sdk/src/rp2_common/pico_double/double_init_rom.c.obj
                0x20000dc8                sd_table
 .bss.sf_table  0x20000ec8      0x100 CMakeFiles/DIAG.dir/C_/VSARM/sdk/pico/pico-sdk/src/rp2_common/pico_float/float_init_rom.c.obj
                0x20000ec8                sf_table
 .bss           0x20000fc8       0x1c c:/vsarm/armcc/102021~1.10/bin/../lib/gcc/arm-none-eabi/10.3.1/thumb/v6-m/nofp/crtbegin.o
 .bss.__lock___malloc_recursive_mutex
                0x20000fe4        0x1 c:/vsarm/armcc/102021~1.10/bin/../lib/gcc/arm-none-eabi/10.3.1/../../../../arm-none-eabi/lib/thumb/v6-m/nofp\libc.a(lib_a-lock.o)
                0x20000fe4                __lock___malloc_recursive_mutex
 *fill*         0x20000fe5        0x3 
 .bss.__malloc_current_mallinfo
                0x20000fe8       0x28 c:/vsarm/armcc/102021~1.10/bin/../lib/gcc/arm-none-eabi/10.3.1/../../../../arm-none-eabi/lib/thumb/v6-m/nofp\libc.a(lib_a-mallocr.o)
                0x20000fe8                __malloc_current_mallinfo
 .bss.__malloc_max_sbrked_mem
                0x20001010        0x4 c:/vsarm/armcc/102021~1.10/bin/../lib/gcc/arm-none-eabi/10.3.1/../../../../arm-none-eabi/lib/thumb/v6-m/nofp\libc.a(lib_a-mallocr.o)
                0x20001010                __malloc_max_sbrked_mem
 .bss.__malloc_max_total_mem
                0x20001014        0x4 c:/vsarm/armcc/102021~1.10/bin/../lib/gcc/arm-none-eabi/10.3.1/../../../../arm-none-eabi/lib/thumb/v6-m/nofp\libc.a(lib_a-mallocr.o)
                0x20001014                __malloc_max_total_mem
 .bss.__malloc_top_pad
                0x20001018        0x4 c:/vsarm/armcc/102021~1.10/bin/../lib/gcc/arm-none-eabi/10.3.1/../../../../arm-none-eabi/lib/thumb/v6-m/nofp\libc.a(lib_a-mallocr.o)
                0x20001018                __malloc_top_pad
 .bss._app_driver
                0x2000101c        0x4 CMakeFiles/DIAG.dir/C_/VSARM/sdk/pico/pico-sdk/lib/tinyusb/src/device/usbd.c.obj
 .bss._cdcd_itf
                0x20001020      0x2d8 CMakeFiles/DIAG.dir/C_/VSARM/sdk/pico/pico-sdk/lib/tinyusb/src/class/cdc/cdc_device.c.obj
 .bss._ctrl_xfer
                0x200012f8       0x14 CMakeFiles/DIAG.dir/C_/VSARM/sdk/pico/pico-sdk/lib/tinyusb/src/device/usbd_control.c.obj
 .bss._ubsd_mutexdef
                0x2000130c        0x8 CMakeFiles/DIAG.dir/C_/VSARM/sdk/pico/pico-sdk/lib/tinyusb/src/device/usbd.c.obj
 .bss._usbd_ctrl_buf
                0x20001314       0x40 CMakeFiles/DIAG.dir/C_/VSARM/sdk/pico/pico-sdk/lib/tinyusb/src/device/usbd_control.c.obj
 .bss._usbd_dev
                0x20001354       0x53 CMakeFiles/DIAG.dir/C_/VSARM/sdk/pico/pico-sdk/lib/tinyusb/src/device/usbd.c.obj
 *fill*         0x200013a7        0x1 
 .bss._usbd_mutex
                0x200013a8        0x4 CMakeFiles/DIAG.dir/C_/VSARM/sdk/pico/pico-sdk/lib/tinyusb/src/device/usbd.c.obj
 .bss._usbd_q   0x200013ac        0x4 CMakeFiles/DIAG.dir/C_/VSARM/sdk/pico/pico-sdk/lib/tinyusb/src/device/usbd.c.obj
 .bss._usbd_qdef_buf
                0x200013b0       0xc0 CMakeFiles/DIAG.dir/C_/VSARM/sdk/pico/pico-sdk/lib/tinyusb/src/device/usbd.c.obj
                0x200013b0                _usbd_qdef_buf
 .bss.alarm_callbacks
                0x20001470       0x10 CMakeFiles/DIAG.dir/C_/VSARM/sdk/pico/pico-sdk/src/rp2_common/hardware_timer/timer.c.obj
 .bss.boot2_copyout
                0x20001480      0x100 CMakeFiles/DIAG.dir/C_/VSARM/sdk/pico/pico-sdk/src/rp2_common/hardware_flash/flash.c.obj
 .bss.claimed   0x20001580        0x4 CMakeFiles/DIAG.dir/C_/VSARM/sdk/pico/pico-sdk/src/rp2_common/hardware_sync/sync.c.obj
 .bss.configured_freq
                0x20001584       0x28 CMakeFiles/DIAG.dir/C_/VSARM/sdk/pico/pico-sdk/src/rp2_common/hardware_clocks/clocks.c.obj
 .bss.default_alarm_pool_entry_ids_high
                0x200015ac       0x10 CMakeFiles/DIAG.dir/C_/VSARM/sdk/pico/pico-sdk/src/common/pico_time/time.c.obj
 .bss.default_alarm_pool_heap_nodes
                0x200015bc       0x30 CMakeFiles/DIAG.dir/C_/VSARM/sdk/pico/pico-sdk/src/common/pico_time/time.c.obj
 .bss.desc_str.0
                0x200015ec       0x28 CMakeFiles/DIAG.dir/C_/VSARM/sdk/pico/pico-sdk/src/rp2_common/pico_stdio_usb/stdio_usb_descriptors.c.obj
 .bss.drivers   0x20001614        0x4 CMakeFiles/DIAG.dir/C_/VSARM/sdk/pico/pico-sdk/src/rp2_common/pico_stdio/stdio.c.obj
 .bss.errno     0x20001618        0x4 c:/vsarm/armcc/102021~1.10/bin/../lib/gcc/arm-none-eabi/10.3.1/../../../../arm-none-eabi/lib/thumb/v6-m/nofp\libc.a(lib_a-reent.o)
                0x20001618                errno
 .bss.filter    0x2000161c        0x4 CMakeFiles/DIAG.dir/C_/VSARM/sdk/pico/pico-sdk/src/rp2_common/pico_stdio/stdio.c.obj
 .bss.heap_end.0
                0x20001620        0x4 CMakeFiles/DIAG.dir/C_/VSARM/sdk/pico/pico-sdk/src/rp2_common/pico_runtime/runtime.c.obj
 .bss.hw_endpoints
                0x20001624      0x400 CMakeFiles/DIAG.dir/C_/VSARM/sdk/pico/pico-sdk/lib/tinyusb/src/portable/raspberrypi/rp2040/dcd_rp2040.c.obj
 .bss.lazy_vsnprintf
                0x20001a24        0x4 CMakeFiles/DIAG.dir/C_/VSARM/sdk/pico/pico-sdk/src/rp2_common/pico_printf/printf.c.obj
 .bss.load_value
                0x20001a28        0x4 CMakeFiles/DIAG.dir/C_/VSARM/sdk/pico/pico-sdk/src/rp2_common/hardware_watchdog/watchdog.c.obj
 .bss.next_buffer_ptr
                0x20001a2c        0x4 CMakeFiles/DIAG.dir/C_/VSARM/sdk/pico/pico-sdk/lib/tinyusb/src/portable/raspberrypi/rp2040/dcd_rp2040.c.obj
 .bss.pools     0x20001a30       0x10 CMakeFiles/DIAG.dir/C_/VSARM/sdk/pico/pico-sdk/src/common/pico_time/time.c.obj
 .bss.raw_irq_mask
                0x20001a40        0x8 CMakeFiles/DIAG.dir/C_/VSARM/sdk/pico/pico-sdk/src/rp2_common/hardware_gpio/gpio.c.obj
 .bss.retrieved_id
                0x20001a48        0x8 CMakeFiles/DIAG.dir/C_/VSARM/sdk/pico/pico-sdk/src/rp2_common/pico_unique_id/unique_id.c.obj
 .bss.sf_clz_func
                0x20001a50        0x4 CMakeFiles/DIAG.dir/C_/VSARM/sdk/pico/pico-sdk/src/rp2_common/pico_double/double_init_rom.c.obj
                0x20001a50                sf_clz_func
 .bss.sleep_notifier
                0x20001a54        0x4 CMakeFiles/DIAG.dir/C_/VSARM/sdk/pico/pico-sdk/src/common/pico_time/time.c.obj
 .bss.stdio_usb_mutex
                0x20001a58        0x8 CMakeFiles/DIAG.dir/C_/VSARM/sdk/pico/pico-sdk/src/rp2_common/pico_stdio_usb/stdio_usb.c.obj
 .bss.target_hi
                0x20001a60       0x10 CMakeFiles/DIAG.dir/C_/VSARM/sdk/pico/pico-sdk/src/rp2_common/hardware_timer/timer.c.obj
 .bss.usbd_serial_str
                0x20001a70       0x11 CMakeFiles/DIAG.dir/C_/VSARM/sdk/pico/pico-sdk/src/rp2_common/pico_stdio_usb/stdio_usb_descriptors.c.obj
 *fill*         0x20001a81        0x3 
 .bss.user_irq_claimed
                0x20001a84        0x2 CMakeFiles/DIAG.dir/C_/VSARM/sdk/pico/pico-sdk/src/rp2_common/hardware_irq/irq.c.obj
 .bss._app_driver_count
                0x20001a86        0x1 CMakeFiles/DIAG.dir/C_/VSARM/sdk/pico/pico-sdk/lib/tinyusb/src/device/usbd.c.obj
 .bss._usbd_initialized
                0x20001a87        0x1 CMakeFiles/DIAG.dir/C_/VSARM/sdk/pico/pico-sdk/lib/tinyusb/src/device/usbd.c.obj
 .bss.boot2_copyout_valid
                0x20001a88        0x1 CMakeFiles/DIAG.dir/C_/VSARM/sdk/pico/pico-sdk/src/rp2_common/hardware_flash/flash.c.obj
 .bss.claimed   0x20001a89        0x1 CMakeFiles/DIAG.dir/C_/VSARM/sdk/pico/pico-sdk/src/rp2_common/hardware_timer/timer.c.obj
 .bss.irq_hander_chain_free_slot_head
                0x20001a8a        0x1 CMakeFiles/DIAG.dir/C_/VSARM/sdk/pico/pico-sdk/src/rp2_common/hardware_irq/irq.c.obj
 .bss.itf_num   0x20001a8b        0x1 CMakeFiles/DIAG.dir/C_/VSARM/sdk/pico/pico-sdk/src/rp2_common/pico_stdio_usb/reset_interface.c.obj
 .bss.kl15_flag
                0x20001a8c        0x1 CMakeFiles/DIAG.dir/main.cpp.obj
                0x20001a8c                kl15_flag
 .bss.low_priority_irq_num
                0x20001a8d        0x1 CMakeFiles/DIAG.dir/C_/VSARM/sdk/pico/pico-sdk/src/rp2_common/pico_stdio_usb/stdio_usb.c.obj
 .bss.timer_callbacks_pending
                0x20001a8e        0x1 CMakeFiles/DIAG.dir/C_/VSARM/sdk/pico/pico-sdk/src/rp2_common/hardware_timer/timer.c.obj
 .bss.vss_flag  0x20001a8f        0x1 CMakeFiles/DIAG.dir/main.cpp.obj
                0x20001a8f                vss_flag
 *(COMMON)
                0x20001a90                . = ALIGN (0x4)
                0x20001a90                __bss_end__ = .

.heap           0x20001a90      0x800
                0x20001a90                __end__ = .
                0x20001a90                end = __end__
 *(.heap*)
 .heap          0x20001a90      0x800 CMakeFiles/DIAG.dir/C_/VSARM/sdk/pico/pico-sdk/src/rp2_common/pico_standard_link/crt0.S.obj
                0x20002290                __HeapLimit = .

.stack1_dummy   0x20040000        0x0
 *(.stack1*)

.stack_dummy    0x20041000      0x800
 *(.stack*)
 .stack         0x20041000      0x800 CMakeFiles/DIAG.dir/C_/VSARM/sdk/pico/pico-sdk/src/rp2_common/pico_standard_link/crt0.S.obj

.flash_end      0x10009d64        0x0
                0x10009d64                __flash_binary_end = .
                0x20040000                __StackLimit = (ORIGIN (RAM) + LENGTH (RAM))
                0x20041000                __StackOneTop = (ORIGIN (SCRATCH_X) + LENGTH (SCRATCH_X))
                0x20042000                __StackTop = (ORIGIN (SCRATCH_Y) + LENGTH (SCRATCH_Y))
                0x20041000                __StackOneBottom = (__StackOneTop - SIZEOF (.stack1_dummy))
                0x20041800                __StackBottom = (__StackTop - SIZEOF (.stack_dummy))
                0x20042000                PROVIDE (__stack = __StackTop)
                0x00000001                ASSERT ((__StackLimit >= __HeapLimit), region RAM overflowed)
                0x00000001                ASSERT (((__binary_info_header_end - __logical_binary_start) <= 0x100), Binary info must be in first 256 bytes of the binary)
LOAD CMakeFiles/DIAG.dir/main.cpp.obj
LOAD CMakeFiles/DIAG.dir/C_/VSARM/sdk/pico/pico-sdk/src/rp2_common/pico_stdlib/stdlib.c.obj
LOAD CMakeFiles/DIAG.dir/C_/VSARM/sdk/pico/pico-sdk/src/rp2_common/hardware_gpio/gpio.c.obj
LOAD CMakeFiles/DIAG.dir/C_/VSARM/sdk/pico/pico-sdk/src/rp2_common/hardware_claim/claim.c.obj
LOAD CMakeFiles/DIAG.dir/C_/VSARM/sdk/pico/pico-sdk/src/rp2_common/pico_platform/platform.c.obj
LOAD CMakeFiles/DIAG.dir/C_/VSARM/sdk/pico/pico-sdk/src/rp2_common/hardware_sync/sync.c.obj
LOAD CMakeFiles/DIAG.dir/C_/VSARM/sdk/pico/pico-sdk/src/rp2_common/hardware_irq/irq.c.obj
LOAD CMakeFiles/DIAG.dir/C_/VSARM/sdk/pico/pico-sdk/src/rp2_common/hardware_irq/irq_handler_chain.S.obj
LOAD CMakeFiles/DIAG.dir/C_/VSARM/sdk/pico/pico-sdk/src/common/pico_sync/sem.c.obj
LOAD CMakeFiles/DIAG.dir/C_/VSARM/sdk/pico/pico-sdk/src/common/pico_sync/lock_core.c.obj
LOAD CMakeFiles/DIAG.dir/C_/VSARM/sdk/pico/pico-sdk/src/common/pico_time/time.c.obj
LOAD CMakeFiles/DIAG.dir/C_/VSARM/sdk/pico/pico-sdk/src/common/pico_time/timeout_helper.c.obj
LOAD CMakeFiles/DIAG.dir/C_/VSARM/sdk/pico/pico-sdk/src/rp2_common/hardware_timer/timer.c.obj
LOAD CMakeFiles/DIAG.dir/C_/VSARM/sdk/pico/pico-sdk/src/common/pico_util/datetime.c.obj
LOAD CMakeFiles/DIAG.dir/C_/VSARM/sdk/pico/pico-sdk/src/common/pico_util/pheap.c.obj
LOAD CMakeFiles/DIAG.dir/C_/VSARM/sdk/pico/pico-sdk/src/common/pico_util/queue.c.obj
LOAD CMakeFiles/DIAG.dir/C_/VSARM/sdk/pico/pico-sdk/src/common/pico_sync/mutex.c.obj
LOAD CMakeFiles/DIAG.dir/C_/VSARM/sdk/pico/pico-sdk/src/common/pico_sync/critical_section.c.obj
LOAD CMakeFiles/DIAG.dir/C_/VSARM/sdk/pico/pico-sdk/src/rp2_common/hardware_uart/uart.c.obj
LOAD CMakeFiles/DIAG.dir/C_/VSARM/sdk/pico/pico-sdk/src/rp2_common/hardware_divider/divider.S.obj
LOAD CMakeFiles/DIAG.dir/C_/VSARM/sdk/pico/pico-sdk/src/rp2_common/pico_runtime/runtime.c.obj
LOAD CMakeFiles/DIAG.dir/C_/VSARM/sdk/pico/pico-sdk/src/rp2_common/hardware_clocks/clocks.c.obj
LOAD CMakeFiles/DIAG.dir/C_/VSARM/sdk/pico/pico-sdk/src/rp2_common/hardware_pll/pll.c.obj
LOAD CMakeFiles/DIAG.dir/C_/VSARM/sdk/pico/pico-sdk/src/rp2_common/hardware_vreg/vreg.c.obj
LOAD CMakeFiles/DIAG.dir/C_/VSARM/sdk/pico/pico-sdk/src/rp2_common/hardware_watchdog/watchdog.c.obj
LOAD CMakeFiles/DIAG.dir/C_/VSARM/sdk/pico/pico-sdk/src/rp2_common/hardware_xosc/xosc.c.obj
LOAD CMakeFiles/DIAG.dir/C_/VSARM/sdk/pico/pico-sdk/src/rp2_common/pico_printf/printf.c.obj
LOAD CMakeFiles/DIAG.dir/C_/VSARM/sdk/pico/pico-sdk/src/rp2_common/pico_bit_ops/bit_ops_aeabi.S.obj
LOAD CMakeFiles/DIAG.dir/C_/VSARM/sdk/pico/pico-sdk/src/rp2_common/pico_bootrom/bootrom.c.obj
LOAD CMakeFiles/DIAG.dir/C_/VSARM/sdk/pico/pico-sdk/src/rp2_common/pico_divider/divider.S.obj
LOAD CMakeFiles/DIAG.dir/C_/VSARM/sdk/pico/pico-sdk/src/rp2_common/pico_double/double_aeabi.S.obj
LOAD CMakeFiles/DIAG.dir/C_/VSARM/sdk/pico/pico-sdk/src/rp2_common/pico_double/double_init_rom.c.obj
LOAD CMakeFiles/DIAG.dir/C_/VSARM/sdk/pico/pico-sdk/src/rp2_common/pico_double/double_math.c.obj
LOAD CMakeFiles/DIAG.dir/C_/VSARM/sdk/pico/pico-sdk/src/rp2_common/pico_double/double_v1_rom_shim.S.obj
LOAD CMakeFiles/DIAG.dir/C_/VSARM/sdk/pico/pico-sdk/src/rp2_common/pico_int64_ops/pico_int64_ops_aeabi.S.obj
LOAD CMakeFiles/DIAG.dir/C_/VSARM/sdk/pico/pico-sdk/src/rp2_common/pico_float/float_aeabi.S.obj
LOAD CMakeFiles/DIAG.dir/C_/VSARM/sdk/pico/pico-sdk/src/rp2_common/pico_float/float_init_rom.c.obj
LOAD CMakeFiles/DIAG.dir/C_/VSARM/sdk/pico/pico-sdk/src/rp2_common/pico_float/float_math.c.obj
LOAD CMakeFiles/DIAG.dir/C_/VSARM/sdk/pico/pico-sdk/src/rp2_common/pico_float/float_v1_rom_shim.S.obj
LOAD CMakeFiles/DIAG.dir/C_/VSARM/sdk/pico/pico-sdk/src/rp2_common/pico_malloc/pico_malloc.c.obj
LOAD CMakeFiles/DIAG.dir/C_/VSARM/sdk/pico/pico-sdk/src/rp2_common/pico_mem_ops/mem_ops_aeabi.S.obj
LOAD CMakeFiles/DIAG.dir/C_/VSARM/sdk/pico/pico-sdk/src/rp2_common/pico_standard_link/crt0.S.obj
LOAD CMakeFiles/DIAG.dir/C_/VSARM/sdk/pico/pico-sdk/src/rp2_common/pico_standard_link/new_delete.cpp.obj
LOAD CMakeFiles/DIAG.dir/C_/VSARM/sdk/pico/pico-sdk/src/rp2_common/pico_standard_link/binary_info.c.obj
LOAD CMakeFiles/DIAG.dir/C_/VSARM/sdk/pico/pico-sdk/src/rp2_common/pico_stdio/stdio.c.obj
LOAD CMakeFiles/DIAG.dir/C_/VSARM/sdk/pico/pico-sdk/src/rp2_common/pico_stdio_usb/reset_interface.c.obj
LOAD CMakeFiles/DIAG.dir/C_/VSARM/sdk/pico/pico-sdk/src/rp2_common/pico_stdio_usb/stdio_usb.c.obj
LOAD CMakeFiles/DIAG.dir/C_/VSARM/sdk/pico/pico-sdk/src/rp2_common/pico_stdio_usb/stdio_usb_descriptors.c.obj
LOAD CMakeFiles/DIAG.dir/C_/VSARM/sdk/pico/pico-sdk/lib/tinyusb/src/portable/raspberrypi/rp2040/dcd_rp2040.c.obj
LOAD CMakeFiles/DIAG.dir/C_/VSARM/sdk/pico/pico-sdk/lib/tinyusb/src/portable/raspberrypi/rp2040/rp2040_usb.c.obj
LOAD CMakeFiles/DIAG.dir/C_/VSARM/sdk/pico/pico-sdk/lib/tinyusb/src/device/usbd.c.obj
LOAD CMakeFiles/DIAG.dir/C_/VSARM/sdk/pico/pico-sdk/lib/tinyusb/src/device/usbd_control.c.obj
LOAD CMakeFiles/DIAG.dir/C_/VSARM/sdk/pico/pico-sdk/lib/tinyusb/src/class/audio/audio_device.c.obj
LOAD CMakeFiles/DIAG.dir/C_/VSARM/sdk/pico/pico-sdk/lib/tinyusb/src/class/cdc/cdc_device.c.obj
LOAD CMakeFiles/DIAG.dir/C_/VSARM/sdk/pico/pico-sdk/lib/tinyusb/src/class/dfu/dfu_device.c.obj
LOAD CMakeFiles/DIAG.dir/C_/VSARM/sdk/pico/pico-sdk/lib/tinyusb/src/class/dfu/dfu_rt_device.c.obj
LOAD CMakeFiles/DIAG.dir/C_/VSARM/sdk/pico/pico-sdk/lib/tinyusb/src/class/hid/hid_device.c.obj
LOAD CMakeFiles/DIAG.dir/C_/VSARM/sdk/pico/pico-sdk/lib/tinyusb/src/class/midi/midi_device.c.obj
LOAD CMakeFiles/DIAG.dir/C_/VSARM/sdk/pico/pico-sdk/lib/tinyusb/src/class/msc/msc_device.c.obj
LOAD CMakeFiles/DIAG.dir/C_/VSARM/sdk/pico/pico-sdk/lib/tinyusb/src/class/net/ecm_rndis_device.c.obj
LOAD CMakeFiles/DIAG.dir/C_/VSARM/sdk/pico/pico-sdk/lib/tinyusb/src/class/net/ncm_device.c.obj
LOAD CMakeFiles/DIAG.dir/C_/VSARM/sdk/pico/pico-sdk/lib/tinyusb/src/class/usbtmc/usbtmc_device.c.obj
LOAD CMakeFiles/DIAG.dir/C_/VSARM/sdk/pico/pico-sdk/lib/tinyusb/src/class/vendor/vendor_device.c.obj
LOAD CMakeFiles/DIAG.dir/C_/VSARM/sdk/pico/pico-sdk/lib/tinyusb/src/class/video/video_device.c.obj
LOAD CMakeFiles/DIAG.dir/C_/VSARM/sdk/pico/pico-sdk/lib/tinyusb/src/tusb.c.obj
LOAD CMakeFiles/DIAG.dir/C_/VSARM/sdk/pico/pico-sdk/lib/tinyusb/src/common/tusb_fifo.c.obj
LOAD CMakeFiles/DIAG.dir/C_/VSARM/sdk/pico/pico-sdk/src/rp2_common/pico_fix/rp2040_usb_device_enumeration/rp2040_usb_device_enumeration.c.obj
LOAD CMakeFiles/DIAG.dir/C_/VSARM/sdk/pico/pico-sdk/src/rp2_common/pico_unique_id/unique_id.c.obj
LOAD CMakeFiles/DIAG.dir/C_/VSARM/sdk/pico/pico-sdk/src/rp2_common/hardware_flash/flash.c.obj
LOAD CMakeFiles/DIAG.dir/C_/VSARM/sdk/pico/pico-sdk/src/rp2_common/hardware_adc/adc.c.obj
LOAD CMakeFiles/DIAG.dir/C_/VSARM/sdk/pico/pico-sdk/src/rp2_common/hardware_rtc/rtc.c.obj
LOAD TempSensor\libTempSensor.a
LOAD ParmsBoard\libBoard.a
LOAD TaskScheguler\libTaskScheguler.a
LOAD DigitalSignals\libDigitalSignals.a
LOAD ParmsBoard\libBoard.a
LOAD C:\Users\Vlad\AppData\Local\Temp\ccKhlRXl.o
LOAD c:/vsarm/armcc/102021~1.10/bin/../lib/gcc/arm-none-eabi/10.3.1/../../../../arm-none-eabi/lib/thumb/v6-m/nofp\libstdc++.a
LOAD c:/vsarm/armcc/102021~1.10/bin/../lib/gcc/arm-none-eabi/10.3.1/../../../../arm-none-eabi/lib/thumb/v6-m/nofp\libm.a
START GROUP
LOAD c:/vsarm/armcc/102021~1.10/bin/../lib/gcc/arm-none-eabi/10.3.1/thumb/v6-m/nofp\libgcc.a