Archive member included to satisfy reference by file (symbol)

TempSensor\libTempSensor.a(TempSensor.cpp.obj)
                              CMakeFiles/DIAG.dir/main.cpp.obj (GenericAnalogTempSensor::GenericAnalogTempSensor(unsigned int))
TaskScheguler\libTaskScheguler.a(TaskScheguler.cpp.obj)
                              CMakeFiles/DIAG.dir/main.cpp.obj (TaskScheguler::TaskScheguler(unsigned int))
DigitalSignals\libDigitalSignals.a(DigitalSignals.cpp.obj)
                              CMakeFiles/DIAG.dir/main.cpp.obj (DigitalSignal::DigitalSignal(unsigned int, bool, bool, bool))
c:/vsarm/armcc/102021~1.10/bin/../lib/gcc/arm-none-eabi/10.3.1/thumb/v6-m/nofp\libgcc.a(_dvmd_tls.o)
                              CMakeFiles/DIAG.dir/C_/VSARM/sdk/pico/pico-sdk/src/rp2_common/pico_divider/divider.S.obj (__aeabi_idiv0)
c:/vsarm/armcc/102021~1.10/bin/../lib/gcc/arm-none-eabi/10.3.1/../../../../arm-none-eabi/lib/thumb/v6-m/nofp\libc.a(lib_a-calloc.o)
                              CMakeFiles/DIAG.dir/C_/VSARM/sdk/pico/pico-sdk/src/rp2_common/pico_malloc/pico_malloc.c.obj (calloc)
c:/vsarm/armcc/102021~1.10/bin/../lib/gcc/arm-none-eabi/10.3.1/../../../../arm-none-eabi/lib/thumb/v6-m/nofp\libc.a(lib_a-callocr.o)
                              c:/vsarm/armcc/102021~1.10/bin/../lib/gcc/arm-none-eabi/10.3.1/../../../../arm-none-eabi/lib/thumb/v6-m/nofp\libc.a(lib_a-calloc.o) (_calloc_r)
c:/vsarm/armcc/102021~1.10/bin/../lib/gcc/arm-none-eabi/10.3.1/../../../../arm-none-eabi/lib/thumb/v6-m/nofp\libc.a(lib_a-errno.o)
                              c:/vsarm/armcc/102021~1.10/bin/../lib/gcc/arm-none-eabi/10.3.1/../../../../arm-none-eabi/lib/thumb/v6-m/nofp\libc.a(lib_a-callocr.o) (__errno)
c:/vsarm/armcc/102021~1.10/bin/../lib/gcc/arm-none-eabi/10.3.1/../../../../arm-none-eabi/lib/thumb/v6-m/nofp\libc.a(lib_a-impure.o)
                              c:/vsarm/armcc/102021~1.10/bin/../lib/gcc/arm-none-eabi/10.3.1/../../../../arm-none-eabi/lib/thumb/v6-m/nofp\libc.a(lib_a-calloc.o) (_impure_ptr)
c:/vsarm/armcc/102021~1.10/bin/../lib/gcc/arm-none-eabi/10.3.1/../../../../arm-none-eabi/lib/thumb/v6-m/nofp\libc.a(lib_a-init.o)
                              c:/vsarm/armcc/102021~1.10/bin/../lib/gcc/arm-none-eabi/10.3.1/../../../../arm-none-eabi/lib/thumb/v6-m/nofp/crt0.o (__libc_init_array)
c:/vsarm/armcc/102021~1.10/bin/../lib/gcc/arm-none-eabi/10.3.1/../../../../arm-none-eabi/lib/thumb/v6-m/nofp\libc.a(lib_a-malloc.o)
                              CMakeFiles/DIAG.dir/C_/VSARM/sdk/pico/pico-sdk/src/rp2_common/pico_malloc/pico_malloc.c.obj (malloc)
c:/vsarm/armcc/102021~1.10/bin/../lib/gcc/arm-none-eabi/10.3.1/../../../../arm-none-eabi/lib/thumb/v6-m/nofp\libc.a(lib_a-mallocr.o)
                              c:/vsarm/armcc/102021~1.10/bin/../lib/gcc/arm-none-eabi/10.3.1/../../../../arm-none-eabi/lib/thumb/v6-m/nofp\libc.a(lib_a-callocr.o) (_malloc_r)
c:/vsarm/armcc/102021~1.10/bin/../lib/gcc/arm-none-eabi/10.3.1/../../../../arm-none-eabi/lib/thumb/v6-m/nofp\libc.a(lib_a-mlock.o)
                              c:/vsarm/armcc/102021~1.10/bin/../lib/gcc/arm-none-eabi/10.3.1/../../../../arm-none-eabi/lib/thumb/v6-m/nofp\libc.a(lib_a-mallocr.o) (__malloc_lock)
c:/vsarm/armcc/102021~1.10/bin/../lib/gcc/arm-none-eabi/10.3.1/../../../../arm-none-eabi/lib/thumb/v6-m/nofp\libc.a(lib_a-realloc.o)
                              CMakeFiles/DIAG.dir/C_/VSARM/sdk/pico/pico-sdk/src/rp2_common/pico_malloc/pico_malloc.c.obj (realloc)
c:/vsarm/armcc/102021~1.10/bin/../lib/gcc/arm-none-eabi/10.3.1/../../../../arm-none-eabi/lib/thumb/v6-m/nofp\libc.a(lib_a-reallocr.o)
                              c:/vsarm/armcc/102021~1.10/bin/../lib/gcc/arm-none-eabi/10.3.1/../../../../arm-none-eabi/lib/thumb/v6-m/nofp\libc.a(lib_a-realloc.o) (_realloc_r)
c:/vsarm/armcc/102021~1.10/bin/../lib/gcc/arm-none-eabi/10.3.1/../../../../arm-none-eabi/lib/thumb/v6-m/nofp\libc.a(lib_a-sbrkr.o)
                              c:/vsarm/armcc/102021~1.10/bin/../lib/gcc/arm-none-eabi/10.3.1/../../../../arm-none-eabi/lib/thumb/v6-m/nofp\libc.a(lib_a-mallocr.o) (_sbrk_r)
c:/vsarm/armcc/102021~1.10/bin/../lib/gcc/arm-none-eabi/10.3.1/../../../../arm-none-eabi/lib/thumb/v6-m/nofp\libc.a(lib_a-strlen-stub.o)
                              CMakeFiles/DIAG.dir/C_/VSARM/sdk/pico/pico-sdk/src/rp2_common/pico_stdio/stdio.c.obj (strlen)
c:/vsarm/armcc/102021~1.10/bin/../lib/gcc/arm-none-eabi/10.3.1/../../../../arm-none-eabi/lib/thumb/v6-m/nofp\libc.a(lib_a-freer.o)
                              c:/vsarm/armcc/102021~1.10/bin/../lib/gcc/arm-none-eabi/10.3.1/../../../../arm-none-eabi/lib/thumb/v6-m/nofp\libc.a(lib_a-malloc.o) (_free_r)
c:/vsarm/armcc/102021~1.10/bin/../lib/gcc/arm-none-eabi/10.3.1/../../../../arm-none-eabi/lib/thumb/v6-m/nofp\libc.a(lib_a-lock.o)
                              c:/vsarm/armcc/102021~1.10/bin/../lib/gcc/arm-none-eabi/10.3.1/../../../../arm-none-eabi/lib/thumb/v6-m/nofp\libc.a(lib_a-mlock.o) (__retarget_lock_acquire_recursive)
[...]
Memory Configuration

Name             Origin             Length             Attributes
FLASH            0x10000000         0x00200000         xr
RAM              0x20000000         0x00040000         xrw
SCRATCH_X        0x20040000         0x00001000         xrw
SCRATCH_Y        0x20041000         0x00001000         xrw
*default*        0x00000000         0xffffffff

Linker script and memory map

LOAD c:/vsarm/armcc/102021~1.10/bin/../lib/gcc/arm-none-eabi/10.3.1/thumb/v6-m/nofp/crti.o
LOAD c:/vsarm/armcc/102021~1.10/bin/../lib/gcc/arm-none-eabi/10.3.1/thumb/v6-m/nofp/crtbegin.o
LOAD c:/vsarm/armcc/102021~1.10/bin/../lib/gcc/arm-none-eabi/10.3.1/../../../../arm-none-eabi/lib/thumb/v6-m/nofp/crt0.o

.flash_begin    0x10000000        0x0
                0x10000000                __flash_binary_start = .

.boot2          0x10000000      0x100
                0x10000000                __boot2_start__ = .
 *(.boot2)
 .boot2         0x10000000      0x100 C:\Users\Vlad\AppData\Local\Temp\ccSP7KTW.o
                0x10000100                __boot2_end__ = .
                0x00000001                ASSERT (((__boot2_end__ - __boot2_start__) == 0x100), ERROR: Pico second stage bootloader must be 256 bytes in size)

.text           0x10000100     0x8808
                0x10000100                __logical_binary_start = .
 *(.vectors)
 .vectors       0x10000100       0xd4 CMakeFiles/DIAG.dir/C_/VSARM/sdk/pico/pico-sdk/src/rp2_common/pico_standard_link/crt0.S.obj
                0x10000100                __VECTOR_TABLE
                0x10000100                __vectors
                0x100001c0                isr_invalid
                0x100001c0                __default_isrs_start
                0x100001c2                isr_nmi
                0x100001c4                isr_hardfault
                0x100001c6                isr_svcall
                0x100001c8                isr_pendsv
                0x100001ca                isr_systick
                0x100001cc                isr_irq23
                0x100001cc                isr_irq18
                0x100001cc                isr_irq11
                0x100001cc                isr_irq28
                0x100001cc                isr_irq19
                0x100001cc                isr_irq0
                0x100001cc                isr_irq6
                0x100001cc                isr_irq5
                0x100001cc                isr_irq12
                0x100001cc                isr_irq22
                0x100001cc                isr_irq31
                0x100001cc                isr_irq17
                0x100001cc                isr_irq27
                0x100001cc                isr_irq30
                0x100001cc                isr_irq2
                0x100001cc                isr_irq10
                0x100001cc                isr_irq8
                0x100001cc                isr_irq24
                0x100001cc                isr_irq1
                0x100001cc                isr_irq7
                0x100001cc                isr_irq21
                0x100001cc                isr_irq20
                0x100001cc                isr_irq15
                0x100001cc                isr_irq25
                0x100001cc                isr_irq13
                0x100001cc                __unhandled_user_irq
                0x100001cc                isr_irq4
                0x100001cc                isr_irq16
                0x100001cc                isr_irq29
                0x100001cc                isr_irq26
                0x100001cc                __default_isrs_end
                0x100001cc                isr_irq3
                0x100001cc                isr_irq14
                0x100001cc                isr_irq9
                0x100001d2                unhandled_user_irq_num_in_r0
 *(.binary_info_header)
 .binary_info_header
                0x100001d4       0x14 CMakeFiles/DIAG.dir/C_/VSARM/sdk/pico/pico-sdk/src/rp2_common/pico_standard_link/crt0.S.obj
                0x100001e8                __binary_info_header_end = .
 *(.reset)
 .reset         0x100001e8       0xa8 CMakeFiles/DIAG.dir/C_/VSARM/sdk/pico/pico-sdk/src/rp2_common/pico_standard_link/crt0.S.obj
                0x100001e8                _entry_point
                0x10000266                __get_current_exception
 .reset         0x10000290       0x30 CMakeFiles/DIAG.dir/C_/VSARM/sdk/pico/pico-sdk/src/rp2_common/pico_standard_link/binary_info.c.obj
 *(.init)
 .init          0x100002c0        0x4 c:/vsarm/armcc/102021~1.10/bin/../lib/gcc/arm-none-eabi/10.3.1/thumb/v6-m/nofp/crti.o
                0x100002c0                _init
 *(EXCLUDE_FILE(*libm.a: *libc.a:*lib_a-mem*.o *libgcc.a:) .text*)
 .text          0x100002c4       0x48 c:/vsarm/armcc/102021~1.10/bin/../lib/gcc/arm-none-eabi/10.3.1/thumb/v6-m/nofp/crtbegin.o
 .text._Z14timer_callbackP15repeating_timer
                0x1000030c       0x28 CMakeFiles/DIAG.dir/main.cpp.obj
                0x1000030c                timer_callback(repeating_timer*)
 .text._Z18vss_alarm_callbacklPv
                0x10000334       0x10 CMakeFiles/DIAG.dir/main.cpp.obj
                0x10000334                vss_alarm_callback(long, void*)
 .text._Z19kl15_alarm_callbacklPv
                0x10000344       0x10 CMakeFiles/DIAG.dir/main.cpp.obj
                0x10000344                kl15_alarm_callback(long, void*)
 .text._Z14check_DTC_taskPv
                0x10000354       0x2c CMakeFiles/DIAG.dir/main.cpp.obj
                0x10000354                check_DTC_task(void*)
 .text._Z14read_temp_taskPv
                0x10000380       0xb0 CMakeFiles/DIAG.dir/main.cpp.obj
                0x10000380                read_temp_task(void*)
 .text._Z14read_time_taskPv
                0x10000430       0x58 CMakeFiles/DIAG.dir/main.cpp.obj
                0x10000430                read_time_task(void*)
 .text._Z17kl15_irq_callbackv
                0x10000488       0xac CMakeFiles/DIAG.dir/main.cpp.obj
                0x10000488                kl15_irq_callback()
 .text._Z16vss_irq_callbackv
                0x10000534       0xac CMakeFiles/DIAG.dir/main.cpp.obj
                0x10000534                vss_irq_callback()
 .text.startup.main
                0x100005e0      0x264 CMakeFiles/DIAG.dir/main.cpp.obj
                0x100005e0                main
 .text.gpio_set_function
                0x10000844       0x30 CMakeFiles/DIAG.dir/C_/VSARM/sdk/pico/pico-sdk/src/rp2_common/hardware_gpio/gpio.c.obj
                0x10000844                gpio_set_function
 .text.gpio_set_pulls
                0x10000874       0x30 CMakeFiles/DIAG.dir/C_/VSARM/sdk/pico/pico-sdk/src/rp2_common/hardware_gpio/gpio.c.obj
                0x10000874                gpio_set_pulls
 .text.gpio_set_irq_enabled
                0x100008a4       0x54 CMakeFiles/DIAG.dir/C_/VSARM/sdk/pico/pico-sdk/src/rp2_common/hardware_gpio/gpio.c.obj
                0x100008a4                gpio_set_irq_enabled
 .text.gpio_add_raw_irq_handler_masked
                0x100008f8       0x38 CMakeFiles/DIAG.dir/C_/VSARM/sdk/pico/pico-sdk/src/rp2_common/hardware_gpio/gpio.c.obj
                0x100008f8                gpio_add_raw_irq_handler_masked
 .text.gpio_acknowledge_irq
                0x10000930       0x1c CMakeFiles/DIAG.dir/C_/VSARM/sdk/pico/pico-sdk/src/rp2_common/hardware_gpio/gpio.c.obj
                0x10000930                gpio_acknowledge_irq
 .text.gpio_set_input_enabled
                0x1000094c       0x28 CMakeFiles/DIAG.dir/C_/VSARM/sdk/pico/pico-sdk/src/rp2_common/hardware_gpio/gpio.c.obj
                0x1000094c                gpio_set_input_enabled
 .text.gpio_init
                0x10000974       0x3c CMakeFiles/DIAG.dir/C_/VSARM/sdk/pico/pico-sdk/src/rp2_common/hardware_gpio/gpio.c.obj
                0x10000974                gpio_init
 .text.hw_claim_or_assert
                0x100009b0       0x44 CMakeFiles/DIAG.dir/C_/VSARM/sdk/pico/pico-sdk/src/rp2_common/hardware_claim/claim.c.obj
                0x100009b0                hw_claim_or_assert
 .text.hw_claim_unused_from_range
                0x100009f4       0x9c CMakeFiles/DIAG.dir/C_/VSARM/sdk/pico/pico-sdk/src/rp2_common/hardware_claim/claim.c.obj
                0x100009f4                hw_claim_unused_from_range
 .text.running_on_fpga
                0x10000a90       0x10 CMakeFiles/DIAG.dir/C_/VSARM/sdk/pico/pico-sdk/src/rp2_common/pico_platform/platform.c.obj
                0x10000a90                running_on_fpga
 .text.spin_locks_reset
                0x10000aa0       0x1c CMakeFiles/DIAG.dir/C_/VSARM/sdk/pico/pico-sdk/src/rp2_common/hardware_sync/sync.c.obj
                0x10000aa0                spin_locks_reset
 .text.next_striped_spin_lock_num
                0x10000abc       0x18 CMakeFiles/DIAG.dir/C_/VSARM/sdk/pico/pico-sdk/src/rp2_common/hardware_sync/sync.c.obj
                0x10000abc                next_striped_spin_lock_num
 .text.spin_lock_claim_unused
                0x10000ad4       0x20 CMakeFiles/DIAG.dir/C_/VSARM/sdk/pico/pico-sdk/src/rp2_common/hardware_sync/sync.c.obj
                0x10000ad4                spin_lock_claim_unused
 .text.irq_set_enabled
                0x10000af4       0x24 CMakeFiles/DIAG.dir/C_/VSARM/sdk/pico/pico-sdk/src/rp2_common/hardware_irq/irq.c.obj
                0x10000af4                irq_set_enabled
 .text.irq_set_pending
                0x10000b18       0x10 CMakeFiles/DIAG.dir/C_/VSARM/sdk/pico/pico-sdk/src/rp2_common/hardware_irq/irq.c.obj
                0x10000b18                irq_set_pending
 .text.irq_has_shared_handler
                0x10000b28       0x2c CMakeFiles/DIAG.dir/C_/VSARM/sdk/pico/pico-sdk/src/rp2_common/hardware_irq/irq.c.obj
                0x10000b28                irq_has_shared_handler
 .text.irq_get_vtable_handler
                0x10000b54       0x10 CMakeFiles/DIAG.dir/C_/VSARM/sdk/pico/pico-sdk/src/rp2_common/hardware_irq/irq.c.obj
                0x10000b54                irq_get_vtable_handler
 .text.irq_set_exclusive_handler
                0x10000b64       0x54 CMakeFiles/DIAG.dir/C_/VSARM/sdk/pico/pico-sdk/src/rp2_common/hardware_irq/irq.c.obj
                0x10000b64                irq_set_exclusive_handler
 .text.irq_add_shared_handler
                0x10000bb8      0x1e4 CMakeFiles/DIAG.dir/C_/VSARM/sdk/pico/pico-sdk/src/rp2_common/hardware_irq/irq.c.obj
                0x10000bb8                irq_add_shared_handler
 .text.irq_remove_handler
                0x10000d9c      0x1b4 CMakeFiles/DIAG.dir/C_/VSARM/sdk/pico/pico-sdk/src/rp2_common/hardware_irq/irq.c.obj
                0x10000d9c                irq_remove_handler
 .text.irq_add_tail_to_free_list
                0x10000f50       0xb4 CMakeFiles/DIAG.dir/C_/VSARM/sdk/pico/pico-sdk/src/rp2_common/hardware_irq/irq.c.obj
                0x10000f50                irq_add_tail_to_free_list
 .text.irq_init_priorities
                0x10001004       0x24 CMakeFiles/DIAG.dir/C_/VSARM/sdk/pico/pico-sdk/src/rp2_common/hardware_irq/irq.c.obj
                0x10001004                irq_init_priorities
 .text.user_irq_claim_unused
                0x10001028       0x30 CMakeFiles/DIAG.dir/C_/VSARM/sdk/pico/pico-sdk/src/rp2_common/hardware_irq/irq.c.obj
                0x10001028                user_irq_claim_unused
 .text.lock_init
                0x10001058       0x10 CMakeFiles/DIAG.dir/C_/VSARM/sdk/pico/pico-sdk/src/common/pico_sync/lock_core.c.obj
                0x10001058                lock_init
 .text.timer_pool_entry_comparator
                0x10001068       0x34 CMakeFiles/DIAG.dir/C_/VSARM/sdk/pico/pico-sdk/src/common/pico_time/time.c.obj
                0x10001068                timer_pool_entry_comparator
 .text.repeating_timer_callback
                0x1000109c       0x1c CMakeFiles/DIAG.dir/C_/VSARM/sdk/pico/pico-sdk/src/common/pico_time/time.c.obj
 .text.sleep_until_callback
                0x100010b8       0x30 CMakeFiles/DIAG.dir/C_/VSARM/sdk/pico/pico-sdk/src/common/pico_time/time.c.obj
 .text.add_alarm_under_lock.isra.0
                0x100010e8      0x100 CMakeFiles/DIAG.dir/C_/VSARM/sdk/pico/pico-sdk/src/common/pico_time/time.c.obj
 .text.alarm_pool_alarm_callback
                0x100011e8      0x1c8 CMakeFiles/DIAG.dir/C_/VSARM/sdk/pico/pico-sdk/src/common/pico_time/time.c.obj
 .text.alarm_pool_add_alarm_at.constprop.0
                0x100013b0      0x11c CMakeFiles/DIAG.dir/C_/VSARM/sdk/pico/pico-sdk/src/common/pico_time/time.c.obj
 .text.alarm_pool_init_default
                0x100014cc       0x64 CMakeFiles/DIAG.dir/C_/VSARM/sdk/pico/pico-sdk/src/common/pico_time/time.c.obj
                0x100014cc                alarm_pool_init_default
 .text.alarm_pool_get_default
                0x10001530        0x8 CMakeFiles/DIAG.dir/C_/VSARM/sdk/pico/pico-sdk/src/common/pico_time/time.c.obj
                0x10001530                alarm_pool_get_default
 .text.alarm_pool_add_alarm_at
                0x10001538      0x194 CMakeFiles/DIAG.dir/C_/VSARM/sdk/pico/pico-sdk/src/common/pico_time/time.c.obj
                0x10001538                alarm_pool_add_alarm_at
 .text.alarm_pool_add_repeating_timer_us
                0x100016cc      0x22c CMakeFiles/DIAG.dir/C_/VSARM/sdk/pico/pico-sdk/src/common/pico_time/time.c.obj
                0x100016cc                alarm_pool_add_repeating_timer_us
 .text.cancel_repeating_timer
                0x100018f8       0x8c CMakeFiles/DIAG.dir/C_/VSARM/sdk/pico/pico-sdk/src/common/pico_time/time.c.obj
                0x100018f8                cancel_repeating_timer
 .text.sleep_until
                0x10001984       0xac CMakeFiles/DIAG.dir/C_/VSARM/sdk/pico/pico-sdk/src/common/pico_time/time.c.obj
                0x10001984                sleep_until
 .text.sleep_ms
                0x10001a30       0x38 CMakeFiles/DIAG.dir/C_/VSARM/sdk/pico/pico-sdk/src/common/pico_time/time.c.obj
                0x10001a30                sleep_ms
 .text.best_effort_wfe_or_timeout
                0x10001a68       0xd4 CMakeFiles/DIAG.dir/C_/VSARM/sdk/pico/pico-sdk/src/common/pico_time/time.c.obj
                0x10001a68                best_effort_wfe_or_timeout
 .text.hardware_alarm_irq_handler
                0x10001b3c       0xb8 CMakeFiles/DIAG.dir/C_/VSARM/sdk/pico/pico-sdk/src/rp2_common/hardware_timer/timer.c.obj
 .text.hardware_alarm_claim
                0x10001bf4       0x18 CMakeFiles/DIAG.dir/C_/VSARM/sdk/pico/pico-sdk/src/rp2_common/hardware_timer/timer.c.obj
                0x10001bf4                hardware_alarm_claim
 .text.time_us_64
                0x10001c0c       0x14 CMakeFiles/DIAG.dir/C_/VSARM/sdk/pico/pico-sdk/src/rp2_common/hardware_timer/timer.c.obj
                0x10001c0c                time_us_64
 .text.busy_wait_until
                0x10001c20       0x20 CMakeFiles/DIAG.dir/C_/VSARM/sdk/pico/pico-sdk/src/rp2_common/hardware_timer/timer.c.obj
                0x10001c20                busy_wait_until
 .text.hardware_alarm_set_callback
                0x10001c40       0x8c CMakeFiles/DIAG.dir/C_/VSARM/sdk/pico/pico-sdk/src/rp2_common/hardware_timer/timer.c.obj
                0x10001c40                hardware_alarm_set_callback
 .text.hardware_alarm_set_target
                0x10001ccc       0xe0 CMakeFiles/DIAG.dir/C_/VSARM/sdk/pico/pico-sdk/src/rp2_common/hardware_timer/timer.c.obj
                0x10001ccc                hardware_alarm_set_target
 .text.hardware_alarm_cancel
                0x10001dac       0x3c CMakeFiles/DIAG.dir/C_/VSARM/sdk/pico/pico-sdk/src/rp2_common/hardware_timer/timer.c.obj
                0x10001dac                hardware_alarm_cancel
 .text.ph_merge_nodes
                0x10001de8       0x68 CMakeFiles/DIAG.dir/C_/VSARM/sdk/pico/pico-sdk/src/common/pico_util/pheap.c.obj
 .text.ph_post_alloc_init
                0x10001e50       0x3c CMakeFiles/DIAG.dir/C_/VSARM/sdk/pico/pico-sdk/src/common/pico_util/pheap.c.obj
                0x10001e50                ph_post_alloc_init
 .text.ph_merge_two_pass
                0x10001e8c       0x90 CMakeFiles/DIAG.dir/C_/VSARM/sdk/pico/pico-sdk/src/common/pico_util/pheap.c.obj
                0x10001e8c                ph_merge_two_pass
 .text.ph_remove_any_head
                0x10001f1c       0xf8 CMakeFiles/DIAG.dir/C_/VSARM/sdk/pico/pico-sdk/src/common/pico_util/pheap.c.obj
 .text.ph_remove_head
                0x10002014       0xfc CMakeFiles/DIAG.dir/C_/VSARM/sdk/pico/pico-sdk/src/common/pico_util/pheap.c.obj
                0x10002014                ph_remove_head
 .text.ph_remove_and_free_node
                0x10002110       0x7c CMakeFiles/DIAG.dir/C_/VSARM/sdk/pico/pico-sdk/src/common/pico_util/pheap.c.obj
                0x10002110                ph_remove_and_free_node
 .text.mutex_init
                0x1000218c       0x1c CMakeFiles/DIAG.dir/C_/VSARM/sdk/pico/pico-sdk/src/common/pico_sync/mutex.c.obj
                0x1000218c                mutex_init
 .text.recursive_mutex_init
                0x100021a8       0x1c CMakeFiles/DIAG.dir/C_/VSARM/sdk/pico/pico-sdk/src/common/pico_sync/mutex.c.obj
                0x100021a8                recursive_mutex_init
 .text.critical_section_init
                0x100021c4       0x20 CMakeFiles/DIAG.dir/C_/VSARM/sdk/pico/pico-sdk/src/common/pico_sync/critical_section.c.obj
                0x100021c4                critical_section_init
 .text.runtime_init
                0x100021e4       0xf0 CMakeFiles/DIAG.dir/C_/VSARM/sdk/pico/pico-sdk/src/rp2_common/pico_runtime/runtime.c.obj
                0x100021e4                runtime_init
 .text._sbrk    0x100022d4       0x34 CMakeFiles/DIAG.dir/C_/VSARM/sdk/pico/pico-sdk/src/rp2_common/pico_runtime/runtime.c.obj
                0x100022d4                _sbrk
 .text.exit     0x10002308        0x4 CMakeFiles/DIAG.dir/C_/VSARM/sdk/pico/pico-sdk/src/rp2_common/pico_runtime/runtime.c.obj
                0x10002308                exit
 .text.panic    0x1000230c       0x30 CMakeFiles/DIAG.dir/C_/VSARM/sdk/pico/pico-sdk/src/rp2_common/pico_runtime/runtime.c.obj
                0x1000230c                panic
 .text.hard_assertion_failure
                0x1000233c        0xc CMakeFiles/DIAG.dir/C_/VSARM/sdk/pico/pico-sdk/src/rp2_common/pico_runtime/runtime.c.obj
                0x1000233c                hard_assertion_failure
 .text.clocks_init
                0x10002348      0x2bc CMakeFiles/DIAG.dir/C_/VSARM/sdk/pico/pico-sdk/src/rp2_common/hardware_clocks/clocks.c.obj
                0x10002348                clocks_init
 .text.clock_get_hz
                0x10002604        0xc CMakeFiles/DIAG.dir/C_/VSARM/sdk/pico/pico-sdk/src/rp2_common/hardware_clocks/clocks.c.obj
                0x10002604                clock_get_hz
 .text.pll_init
                0x10002610       0xb0 CMakeFiles/DIAG.dir/C_/VSARM/sdk/pico/pico-sdk/src/rp2_common/hardware_pll/pll.c.obj
                0x10002610                pll_init
 .text.watchdog_start_tick
                0x100026c0       0x10 CMakeFiles/DIAG.dir/C_/VSARM/sdk/pico/pico-sdk/src/rp2_common/hardware_watchdog/watchdog.c.obj
                0x100026c0                watchdog_start_tick
 .text.watchdog_reboot
                0x100026d0       0x98 CMakeFiles/DIAG.dir/C_/VSARM/sdk/pico/pico-sdk/src/rp2_common/hardware_watchdog/watchdog.c.obj
                0x100026d0                watchdog_reboot
 .text.xosc_init
                0x10002768       0x28 CMakeFiles/DIAG.dir/C_/VSARM/sdk/pico/pico-sdk/src/rp2_common/hardware_xosc/xosc.c.obj
                0x10002768                xosc_init
 .text._out_null
                0x10002790        0x4 CMakeFiles/DIAG.dir/C_/VSARM/sdk/pico/pico-sdk/src/rp2_common/pico_printf/printf.c.obj
 .text._out_rev
                0x10002794       0x9c CMakeFiles/DIAG.dir/C_/VSARM/sdk/pico/pico-sdk/src/rp2_common/pico_printf/printf.c.obj
 .text._ntoa_format
                0x10002830      0x1cc CMakeFiles/DIAG.dir/C_/VSARM/sdk/pico/pico-sdk/src/rp2_common/pico_printf/printf.c.obj
 .text._out_char
                0x100029fc       0x10 CMakeFiles/DIAG.dir/C_/VSARM/sdk/pico/pico-sdk/src/rp2_common/pico_printf/printf.c.obj
 .text._out_fct
                0x10002a0c       0x10 CMakeFiles/DIAG.dir/C_/VSARM/sdk/pico/pico-sdk/src/rp2_common/pico_printf/printf.c.obj
 .text._etoa    0x10002a1c      0x44c CMakeFiles/DIAG.dir/C_/VSARM/sdk/pico/pico-sdk/src/rp2_common/pico_printf/printf.c.obj
 .text._ftoa    0x10002e68      0x398 CMakeFiles/DIAG.dir/C_/VSARM/sdk/pico/pico-sdk/src/rp2_common/pico_printf/printf.c.obj
 .text._vsnprintf
                0x10003200      0xb04 CMakeFiles/DIAG.dir/C_/VSARM/sdk/pico/pico-sdk/src/rp2_common/pico_printf/printf.c.obj
 .text.vfctprintf
                0x10003d04       0x20 CMakeFiles/DIAG.dir/C_/VSARM/sdk/pico/pico-sdk/src/rp2_common/pico_printf/printf.c.obj
                0x10003d04                vfctprintf
 .text.weak_raw_vprintf
                0x10003d24       0x30 CMakeFiles/DIAG.dir/C_/VSARM/sdk/pico/pico-sdk/src/rp2_common/pico_printf/printf.c.obj
                0x10003d24                weak_raw_vprintf
 .text          0x10003d54       0x10 CMakeFiles/DIAG.dir/C_/VSARM/sdk/pico/pico-sdk/src/rp2_common/pico_bit_ops/bit_ops_aeabi.S.obj
 .text.rom_func_lookup
                0x10003d64       0x10 CMakeFiles/DIAG.dir/C_/VSARM/sdk/pico/pico-sdk/src/rp2_common/pico_bootrom/bootrom.c.obj
                0x10003d64                rom_func_lookup
 .text.rom_data_lookup
                0x10003d74       0x10 CMakeFiles/DIAG.dir/C_/VSARM/sdk/pico/pico-sdk/src/rp2_common/pico_bootrom/bootrom.c.obj
                0x10003d74                rom_data_lookup
 .text.rom_funcs_lookup
                0x10003d84       0x44 CMakeFiles/DIAG.dir/C_/VSARM/sdk/pico/pico-sdk/src/rp2_common/pico_bootrom/bootrom.c.obj
                0x10003d84                rom_funcs_lookup
 .text.__wrap___aeabi_idiv
                0x10003dc8       0x50 CMakeFiles/DIAG.dir/C_/VSARM/sdk/pico/pico-sdk/src/rp2_common/pico_divider/divider.S.obj
                0x10003dc8                __wrap___aeabi_idivmod
                0x10003dc8                divmod_s32s32
                0x10003dc8                div_s32s32
                0x10003dc8                __wrap___aeabi_idiv
                0x10003dd0                divmod_s32s32_unsafe
                0x10003dfc                divmod_s32s32_savestate
 .text.__wrap___aeabi_uidiv
                0x10003e18       0x4c CMakeFiles/DIAG.dir/C_/VSARM/sdk/pico/pico-sdk/src/rp2_common/pico_divider/divider.S.obj
                0x10003e18                __wrap___aeabi_uidiv
                0x10003e18                __wrap___aeabi_uidivmod
                0x10003e18                div_u32u32
                0x10003e18                divmod_u32u32
                0x10003e20                divmod_u32u32_unsafe
                0x10003e48                divmod_u32u32_savestate
 .text.__wrap___aeabi_ldiv
                0x10003e64      0x434 CMakeFiles/DIAG.dir/C_/VSARM/sdk/pico/pico-sdk/src/rp2_common/pico_divider/divider.S.obj
                0x10003e64                div_s64s64
                0x10003e64                divmod_s64s64
                0x10003e64                __wrap___aeabi_ldivmod
                0x10003e9c                divmod_u64u64
                0x10003e9c                div_u64u64
                0x10003e9c                __wrap___aeabi_uldivmod
                0x10003eac                divmod_u64u64_savestate
                0x10003ed4                divmod_s64s64_unsafe
                0x10003f5c                divmod_u64u64_unsafe
 .text.__wrap___aeabi_darithmetic
                0x10004298       0x80 CMakeFiles/DIAG.dir/C_/VSARM/sdk/pico/pico-sdk/src/rp2_common/pico_double/double_aeabi.S.obj
                0x10004298                __wrap___aeabi_drsub
                0x1000429e                __wrap___aeabi_dsub
                0x100042b0                __wrap___aeabi_dadd
                0x100042c2                __wrap___aeabi_ddiv
                0x100042fe                __wrap___aeabi_dmul
 .text.__wrap___aeabi_cdcmple
                0x10004318       0x6c CMakeFiles/DIAG.dir/C_/VSARM/sdk/pico/pico-sdk/src/rp2_common/pico_double/double_aeabi.S.obj
                0x10004318                __wrap___aeabi_cdrcmple
                0x10004328                __wrap___aeabi_cdcmpeq
                0x10004328                __wrap___aeabi_cdcmple
 .text.__wrap___aeabi_dcmplt
                0x10004384        0xc CMakeFiles/DIAG.dir/C_/VSARM/sdk/pico/pico-sdk/src/rp2_common/pico_double/double_aeabi.S.obj
                0x10004384                __wrap___aeabi_dcmplt
 .text.__wrap___aeabi_dcmple
                0x10004390       0x10 CMakeFiles/DIAG.dir/C_/VSARM/sdk/pico/pico-sdk/src/rp2_common/pico_double/double_aeabi.S.obj
                0x10004390                __wrap___aeabi_dcmple
 .text.__wrap___aeabi_dcmpge
                0x100043a0       0x10 CMakeFiles/DIAG.dir/C_/VSARM/sdk/pico/pico-sdk/src/rp2_common/pico_double/double_aeabi.S.obj
                0x100043a0                __wrap___aeabi_dcmpge
 .text.__wrap___aeabi_dcmpgt
                0x100043b0        0xa CMakeFiles/DIAG.dir/C_/VSARM/sdk/pico/pico-sdk/src/rp2_common/pico_double/double_aeabi.S.obj
                0x100043b0                __wrap___aeabi_dcmpgt
 .text.__wrap___aeabi_dcmpun
                0x100043ba       0x1c CMakeFiles/DIAG.dir/C_/VSARM/sdk/pico/pico-sdk/src/rp2_common/pico_double/double_aeabi.S.obj
                0x100043ba                __wrap___aeabi_dcmpun
 *fill*         0x100043d6        0x2 
 .text.__wrap___aeabi_i2d
                0x100043d8       0x38 CMakeFiles/DIAG.dir/C_/VSARM/sdk/pico/pico-sdk/src/rp2_common/pico_double/double_aeabi.S.obj
                0x100043d8                __wrap___aeabi_ui2d
                0x100043e0                __wrap___aeabi_i2d
 .text.__wrap___aeabi_d2iz
                0x10004410       0x48 CMakeFiles/DIAG.dir/C_/VSARM/sdk/pico/pico-sdk/src/rp2_common/pico_double/double_aeabi.S.obj
                0x10004410                double2int_z
                0x10004410                __wrap___aeabi_d2iz
 .text.__wrap___aeabi_d2uiz
                0x10004458       0x18 CMakeFiles/DIAG.dir/C_/VSARM/sdk/pico/pico-sdk/src/rp2_common/pico_double/double_aeabi.S.obj
                0x10004458                __wrap___aeabi_d2uiz
                0x10004458                double2uint
 .text.__aeabi_double_init
                0x10004470       0x94 CMakeFiles/DIAG.dir/C_/VSARM/sdk/pico/pico-sdk/src/rp2_common/pico_double/double_init_rom.c.obj
                0x10004470                __aeabi_double_init
 .text.double_table_shim_on_use_helper
                0x10004504       0x2c CMakeFiles/DIAG.dir/C_/VSARM/sdk/pico/pico-sdk/src/rp2_common/pico_double/double_v1_rom_shim.S.obj
                0x10004504                double_table_shim_on_use_helper
 .text.__wrap___aeabi_dsub
                0x10004530       0x10 CMakeFiles/DIAG.dir/C_/VSARM/sdk/pico/pico-sdk/src/rp2_common/pico_double/double_v1_rom_shim.S.obj
                0x10004530                drsub_shim
                0x10004536                dsub_shim
 .text.dadd_shim
                0x10004540      0x15c CMakeFiles/DIAG.dir/C_/VSARM/sdk/pico/pico-sdk/src/rp2_common/pico_double/double_v1_rom_shim.S.obj
                0x10004540                dadd_shim
 .text.dmul_shim
                0x1000469c      0x15c CMakeFiles/DIAG.dir/C_/VSARM/sdk/pico/pico-sdk/src/rp2_common/pico_double/double_v1_rom_shim.S.obj
                0x1000469c                dmul_shim
 .text.ddiv_shim
                0x100047f8      0x1b0 CMakeFiles/DIAG.dir/C_/VSARM/sdk/pico/pico-sdk/src/rp2_common/pico_double/double_v1_rom_shim.S.obj
                0x100047f8                ddiv_shim
 .text.double2uint_shim
                0x100049a8        0xe CMakeFiles/DIAG.dir/C_/VSARM/sdk/pico/pico-sdk/src/rp2_common/pico_double/double_v1_rom_shim.S.obj
                0x100049a8                double2uint_shim
                0x100049aa                double2ufix_shim
 *fill*         0x100049b6        0x2 
 .text.double2uint64_shim
                0x100049b8       0x70 CMakeFiles/DIAG.dir/C_/VSARM/sdk/pico/pico-sdk/src/rp2_common/pico_double/double_v1_rom_shim.S.obj
                0x100049b8                double2uint64_shim
                0x100049ba                double2ufix64_shim
                0x100049da                d2fix_a
 .text.dunpacks
                0x10004a28       0x3c CMakeFiles/DIAG.dir/C_/VSARM/sdk/pico/pico-sdk/src/rp2_common/pico_double/double_v1_rom_shim.S.obj
                0x10004a28                dunpacks
 .text.__aeabi_lmul
                0x10004a64       0x32 CMakeFiles/DIAG.dir/C_/VSARM/sdk/pico/pico-sdk/src/rp2_common/pico_int64_ops/pico_int64_ops_aeabi.S.obj
                0x10004a64                __wrap___aeabi_lmul
 *fill*         0x10004a96        0x2 
 .text.__wrap___aeabi_farithmetic
                0x10004a98       0x48 CMakeFiles/DIAG.dir/C_/VSARM/sdk/pico/pico-sdk/src/rp2_common/pico_float/float_aeabi.S.obj
                0x10004a98                __wrap___aeabi_frsub
                0x10004a9e                __wrap___aeabi_fsub
                0x10004aa4                __wrap___aeabi_fadd
                0x10004aaa                __wrap___aeabi_fdiv
                0x10004ad2                __wrap___aeabi_fmul
 .text.__wrap___aeabi_cfcmple
                0x10004ae0       0x50 CMakeFiles/DIAG.dir/C_/VSARM/sdk/pico/pico-sdk/src/rp2_common/pico_float/float_aeabi.S.obj
                0x10004ae0                __wrap___aeabi_cfrcmple
                0x10004aec                __wrap___aeabi_cfcmple
                0x10004aec                __wrap___aeabi_cfcmpeq
 .text.__wrap___aeabi_fcmplt
                0x10004b30        0xc CMakeFiles/DIAG.dir/C_/VSARM/sdk/pico/pico-sdk/src/rp2_common/pico_float/float_aeabi.S.obj
                0x10004b30                __wrap___aeabi_fcmplt
 .text.__wrap___aeabi_fcmple
                0x10004b3c       0x10 CMakeFiles/DIAG.dir/C_/VSARM/sdk/pico/pico-sdk/src/rp2_common/pico_float/float_aeabi.S.obj
                0x10004b3c                __wrap___aeabi_fcmple
 .text.__wrap___aeabi_fcmpge
                0x10004b4c       0x10 CMakeFiles/DIAG.dir/C_/VSARM/sdk/pico/pico-sdk/src/rp2_common/pico_float/float_aeabi.S.obj
                0x10004b4c                __wrap___aeabi_fcmpge
 .text.__wrap___aeabi_fcmpgt
                0x10004b5c        0xa CMakeFiles/DIAG.dir/C_/VSARM/sdk/pico/pico-sdk/src/rp2_common/pico_float/float_aeabi.S.obj
                0x10004b5c                __wrap___aeabi_fcmpgt
 .text.__wrap___aeabi_ui2f
                0x10004b66        0xa CMakeFiles/DIAG.dir/C_/VSARM/sdk/pico/pico-sdk/src/rp2_common/pico_float/float_aeabi.S.obj
                0x10004b66                __wrap___aeabi_ui2f
 .text.__wrap___aeabi_i2f
                0x10004b70       0x44 CMakeFiles/DIAG.dir/C_/VSARM/sdk/pico/pico-sdk/src/rp2_common/pico_float/float_aeabi.S.obj
                0x10004b70                __wrap___aeabi_i2f
 .text.__aeabi_float_init
                0x10004bb4       0x64 CMakeFiles/DIAG.dir/C_/VSARM/sdk/pico/pico-sdk/src/rp2_common/pico_float/float_init_rom.c.obj
                0x10004bb4                __aeabi_float_init
 .text.float_table_shim_on_use_helper
                0x10004c18       0x2c CMakeFiles/DIAG.dir/C_/VSARM/sdk/pico/pico-sdk/src/rp2_common/pico_float/float_v1_rom_shim.S.obj
                0x10004c18                float_table_shim_on_use_helper
 .text.__wrap_malloc
                0x10004c44       0x24 CMakeFiles/DIAG.dir/C_/VSARM/sdk/pico/pico-sdk/src/rp2_common/pico_malloc/pico_malloc.c.obj
                0x10004c44                __wrap_malloc
 .text.__wrap_calloc
                0x10004c68       0x24 CMakeFiles/DIAG.dir/C_/VSARM/sdk/pico/pico-sdk/src/rp2_common/pico_malloc/pico_malloc.c.obj
                0x10004c68                __wrap_calloc
 .text          0x10004c8c       0x10 CMakeFiles/DIAG.dir/C_/VSARM/sdk/pico/pico-sdk/src/rp2_common/pico_mem_ops/mem_ops_aeabi.S.obj
                0x10004c8c                __aeabi_mem_init
 .text.memset   0x10004c9c        0xc CMakeFiles/DIAG.dir/C_/VSARM/sdk/pico/pico-sdk/src/rp2_common/pico_mem_ops/mem_ops_aeabi.S.obj
                0x10004c9c                __wrap_memset
 .text.memcpy   0x10004ca8        0xc CMakeFiles/DIAG.dir/C_/VSARM/sdk/pico/pico-sdk/src/rp2_common/pico_mem_ops/mem_ops_aeabi.S.obj
                0x10004ca8                __wrap_memcpy
                0x10004ca8                __wrap___aeabi_memcpy
 .text.stdio_out_chars_no_crlf
                0x10004cb4       0x10 CMakeFiles/DIAG.dir/C_/VSARM/sdk/pico/pico-sdk/src/rp2_common/pico_stdio/stdio.c.obj
 .text.stdio_out_chars_crlf
                0x10004cc4       0xb4 CMakeFiles/DIAG.dir/C_/VSARM/sdk/pico/pico-sdk/src/rp2_common/pico_stdio/stdio.c.obj
 .text.stdio_buffered_printer
                0x10004d78       0x64 CMakeFiles/DIAG.dir/C_/VSARM/sdk/pico/pico-sdk/src/rp2_common/pico_stdio/stdio.c.obj
 .text.stdio_put_string.isra.0
                0x10004ddc       0xfc CMakeFiles/DIAG.dir/C_/VSARM/sdk/pico/pico-sdk/src/rp2_common/pico_stdio/stdio.c.obj
 .text.__wrap_putchar
                0x10004ed8       0xa0 CMakeFiles/DIAG.dir/C_/VSARM/sdk/pico/pico-sdk/src/rp2_common/pico_stdio/stdio.c.obj
                0x10004ed8                __wrap_putchar
 .text.__wrap_puts
                0x10004f78       0x3c CMakeFiles/DIAG.dir/C_/VSARM/sdk/pico/pico-sdk/src/rp2_common/pico_stdio/stdio.c.obj
                0x10004f78                __wrap_puts
 .text.stdio_set_driver_enabled
                0x10004fb4       0x30 CMakeFiles/DIAG.dir/C_/VSARM/sdk/pico/pico-sdk/src/rp2_common/pico_stdio/stdio.c.obj
                0x10004fb4                stdio_set_driver_enabled
 .text.__wrap_vprintf
                0x10004fe4       0xd8 CMakeFiles/DIAG.dir/C_/VSARM/sdk/pico/pico-sdk/src/rp2_common/pico_stdio/stdio.c.obj
                0x10004fe4                __wrap_vprintf
 .text.__wrap_printf
                0x100050bc       0x18 CMakeFiles/DIAG.dir/C_/VSARM/sdk/pico/pico-sdk/src/rp2_common/pico_stdio/stdio.c.obj
                0x100050bc                __wrap_printf
 .text.stdio_init_all
                0x100050d4        0x8 CMakeFiles/DIAG.dir/C_/VSARM/sdk/pico/pico-sdk/src/rp2_common/pico_stdio/stdio.c.obj
                0x100050d4                stdio_init_all
 .text.resetd_init
                0x100050dc        0x4 CMakeFiles/DIAG.dir/C_/VSARM/sdk/pico/pico-sdk/src/rp2_common/pico_stdio_usb/reset_interface.c.obj
 .text.resetd_reset
                0x100050e0        0xc CMakeFiles/DIAG.dir/C_/VSARM/sdk/pico/pico-sdk/src/rp2_common/pico_stdio_usb/reset_interface.c.obj
 .text.resetd_open
                0x100050ec       0x28 CMakeFiles/DIAG.dir/C_/VSARM/sdk/pico/pico-sdk/src/rp2_common/pico_stdio_usb/reset_interface.c.obj
 .text.resetd_xfer_cb
                0x10005114        0x4 CMakeFiles/DIAG.dir/C_/VSARM/sdk/pico/pico-sdk/src/rp2_common/pico_stdio_usb/reset_interface.c.obj
 .text.resetd_control_xfer_cb
                0x10005118       0x64 CMakeFiles/DIAG.dir/C_/VSARM/sdk/pico/pico-sdk/src/rp2_common/pico_stdio_usb/reset_interface.c.obj
 .text.usbd_app_driver_get_cb
                0x1000517c        0xc CMakeFiles/DIAG.dir/C_/VSARM/sdk/pico/pico-sdk/src/rp2_common/pico_stdio_usb/reset_interface.c.obj
                0x1000517c                usbd_app_driver_get_cb
 .text.tud_cdc_line_coding_cb
                0x10005188       0x34 CMakeFiles/DIAG.dir/C_/VSARM/sdk/pico/pico-sdk/src/rp2_common/pico_stdio_usb/reset_interface.c.obj
                0x10005188                tud_cdc_line_coding_cb
 .text.stdio_usb_in_chars
                0x100051bc       0x68 CMakeFiles/DIAG.dir/C_/VSARM/sdk/pico/pico-sdk/src/rp2_common/pico_stdio_usb/stdio_usb.c.obj
                0x100051bc                stdio_usb_in_chars
 .text.stdio_usb_out_chars
                0x10005224       0xe4 CMakeFiles/DIAG.dir/C_/VSARM/sdk/pico/pico-sdk/src/rp2_common/pico_stdio_usb/stdio_usb.c.obj
 .text.timer_task
                0x10005308       0x18 CMakeFiles/DIAG.dir/C_/VSARM/sdk/pico/pico-sdk/src/rp2_common/pico_stdio_usb/stdio_usb.c.obj
 .text.usb_irq  0x10005320       0x10 CMakeFiles/DIAG.dir/C_/VSARM/sdk/pico/pico-sdk/src/rp2_common/pico_stdio_usb/stdio_usb.c.obj
 .text.low_priority_worker_irq
                0x10005330       0x24 CMakeFiles/DIAG.dir/C_/VSARM/sdk/pico/pico-sdk/src/rp2_common/pico_stdio_usb/stdio_usb.c.obj
 .text.stdio_usb_init
                0x10005354       0xb0 CMakeFiles/DIAG.dir/C_/VSARM/sdk/pico/pico-sdk/src/rp2_common/pico_stdio_usb/stdio_usb.c.obj
                0x10005354                stdio_usb_init
 .text.tud_descriptor_device_cb
                0x10005404        0x8 CMakeFiles/DIAG.dir/C_/VSARM/sdk/pico/pico-sdk/src/rp2_common/pico_stdio_usb/stdio_usb_descriptors.c.obj
                0x10005404                tud_descriptor_device_cb
 .text.tud_descriptor_configuration_cb
                0x1000540c        0x8 CMakeFiles/DIAG.dir/C_/VSARM/sdk/pico/pico-sdk/src/rp2_common/pico_stdio_usb/stdio_usb_descriptors.c.obj
                0x1000540c                tud_descriptor_configuration_cb
 .text.tud_descriptor_string_cb
                0x10005414       0x74 CMakeFiles/DIAG.dir/C_/VSARM/sdk/pico/pico-sdk/src/rp2_common/pico_stdio_usb/stdio_usb_descriptors.c.obj
                0x10005414                tud_descriptor_string_cb
 .text.dcd_rp2040_irq
                0x10005488      0x21c CMakeFiles/DIAG.dir/C_/VSARM/sdk/pico/pico-sdk/lib/tinyusb/src/portable/raspberrypi/rp2040/dcd_rp2040.c.obj
 .text.dcd_int_enable
                0x100056a4        0xc CMakeFiles/DIAG.dir/C_/VSARM/sdk/pico/pico-sdk/lib/tinyusb/src/portable/raspberrypi/rp2040/dcd_rp2040.c.obj
                0x100056a4                dcd_int_enable
 .text.dcd_set_address
                0x100056b0       0x14 CMakeFiles/DIAG.dir/C_/VSARM/sdk/pico/pico-sdk/lib/tinyusb/src/portable/raspberrypi/rp2040/dcd_rp2040.c.obj
                0x100056b0                dcd_set_address
 .text.dcd_connect
                0x100056c4       0x10 CMakeFiles/DIAG.dir/C_/VSARM/sdk/pico/pico-sdk/lib/tinyusb/src/portable/raspberrypi/rp2040/dcd_rp2040.c.obj
                0x100056c4                dcd_connect
 .text.dcd_init
                0x100056d4      0x144 CMakeFiles/DIAG.dir/C_/VSARM/sdk/pico/pico-sdk/lib/tinyusb/src/portable/raspberrypi/rp2040/dcd_rp2040.c.obj
                0x100056d4                dcd_init
 .text.dcd_edpt0_status_complete
                0x10005818       0x1c CMakeFiles/DIAG.dir/C_/VSARM/sdk/pico/pico-sdk/lib/tinyusb/src/portable/raspberrypi/rp2040/dcd_rp2040.c.obj
                0x10005818                dcd_edpt0_status_complete
 .text.dcd_edpt_open
                0x10005834       0xf0 CMakeFiles/DIAG.dir/C_/VSARM/sdk/pico/pico-sdk/lib/tinyusb/src/portable/raspberrypi/rp2040/dcd_rp2040.c.obj
                0x10005834                dcd_edpt_open
 .text.dcd_edpt_close_all
                0x10005924       0xbc CMakeFiles/DIAG.dir/C_/VSARM/sdk/pico/pico-sdk/lib/tinyusb/src/portable/raspberrypi/rp2040/dcd_rp2040.c.obj
                0x10005924                dcd_edpt_close_all
 .text.dcd_edpt_xfer
                0x100059e0       0x24 CMakeFiles/DIAG.dir/C_/VSARM/sdk/pico/pico-sdk/lib/tinyusb/src/portable/raspberrypi/rp2040/dcd_rp2040.c.obj
                0x100059e0                dcd_edpt_xfer
 .text.dcd_edpt_stall
                0x10005a04       0x38 CMakeFiles/DIAG.dir/C_/VSARM/sdk/pico/pico-sdk/lib/tinyusb/src/portable/raspberrypi/rp2040/dcd_rp2040.c.obj
                0x10005a04                dcd_edpt_stall
 .text.dcd_edpt_clear_stall
                0x10005a3c       0x30 CMakeFiles/DIAG.dir/C_/VSARM/sdk/pico/pico-sdk/lib/tinyusb/src/portable/raspberrypi/rp2040/dcd_rp2040.c.obj
                0x10005a3c                dcd_edpt_clear_stall
 .text._hw_endpoint_buffer_control_update32.part.0.isra.0
                0x10005a6c       0x1c CMakeFiles/DIAG.dir/C_/VSARM/sdk/pico/pico-sdk/lib/tinyusb/src/portable/raspberrypi/rp2040/rp2040_usb.c.obj
 .text.rp2040_usb_init
                0x10005a88       0x4c CMakeFiles/DIAG.dir/C_/VSARM/sdk/pico/pico-sdk/lib/tinyusb/src/portable/raspberrypi/rp2040/rp2040_usb.c.obj
                0x10005a88                rp2040_usb_init
 .text.hw_endpoint_reset_transfer
                0x10005ad4        0xc CMakeFiles/DIAG.dir/C_/VSARM/sdk/pico/pico-sdk/lib/tinyusb/src/portable/raspberrypi/rp2040/rp2040_usb.c.obj
                0x10005ad4                hw_endpoint_reset_transfer
 .text._hw_endpoint_buffer_control_update32
                0x10005ae0       0x44 CMakeFiles/DIAG.dir/C_/VSARM/sdk/pico/pico-sdk/lib/tinyusb/src/portable/raspberrypi/rp2040/rp2040_usb.c.obj
                0x10005ae0                _hw_endpoint_buffer_control_update32
 .text.hw_endpoint_xfer_start
                0x10005b24      0x138 CMakeFiles/DIAG.dir/C_/VSARM/sdk/pico/pico-sdk/lib/tinyusb/src/portable/raspberrypi/rp2040/rp2040_usb.c.obj
                0x10005b24                hw_endpoint_xfer_start
 .text.hw_endpoint_xfer_continue
                0x10005c5c      0x1e4 CMakeFiles/DIAG.dir/C_/VSARM/sdk/pico/pico-sdk/lib/tinyusb/src/portable/raspberrypi/rp2040/rp2040_usb.c.obj
                0x10005c5c                hw_endpoint_xfer_continue
 .text.tud_mounted
                0x10005e40       0x10 CMakeFiles/DIAG.dir/C_/VSARM/sdk/pico/pico-sdk/lib/tinyusb/src/device/usbd.c.obj
                0x10005e40                tud_mounted
 .text.tud_suspended
                0x10005e50       0x10 CMakeFiles/DIAG.dir/C_/VSARM/sdk/pico/pico-sdk/lib/tinyusb/src/device/usbd.c.obj
                0x10005e50                tud_suspended
 .text.tud_inited
                0x10005e60        0xc CMakeFiles/DIAG.dir/C_/VSARM/sdk/pico/pico-sdk/lib/tinyusb/src/device/usbd.c.obj
                0x10005e60                tud_inited
 .text.tud_init
                0x10005e6c       0xd8 CMakeFiles/DIAG.dir/C_/VSARM/sdk/pico/pico-sdk/lib/tinyusb/src/device/usbd.c.obj
                0x10005e6c                tud_init
 .text.tud_task
                0x10005f44      0x8ec CMakeFiles/DIAG.dir/C_/VSARM/sdk/pico/pico-sdk/lib/tinyusb/src/device/usbd.c.obj
                0x10005f44                tud_task
 .text.dcd_event_bus_signal
                0x10006830      0x120 CMakeFiles/DIAG.dir/C_/VSARM/sdk/pico/pico-sdk/lib/tinyusb/src/device/usbd.c.obj
                0x10006830                dcd_event_bus_signal
 .text.dcd_event_bus_reset
                0x10006950       0x54 CMakeFiles/DIAG.dir/C_/VSARM/sdk/pico/pico-sdk/lib/tinyusb/src/device/usbd.c.obj
                0x10006950                dcd_event_bus_reset
 .text.dcd_event_setup_received
                0x100069a4       0x50 CMakeFiles/DIAG.dir/C_/VSARM/sdk/pico/pico-sdk/lib/tinyusb/src/device/usbd.c.obj
                0x100069a4                dcd_event_setup_received
 .text.dcd_event_xfer_complete
                0x100069f4       0x68 CMakeFiles/DIAG.dir/C_/VSARM/sdk/pico/pico-sdk/lib/tinyusb/src/device/usbd.c.obj
                0x100069f4                dcd_event_xfer_complete
 .text.usbd_open_edpt_pair
                0x10006a5c       0x80 CMakeFiles/DIAG.dir/C_/VSARM/sdk/pico/pico-sdk/lib/tinyusb/src/device/usbd.c.obj
                0x10006a5c                usbd_open_edpt_pair
 .text.usbd_edpt_open
                0x10006adc       0x30 CMakeFiles/DIAG.dir/C_/VSARM/sdk/pico/pico-sdk/lib/tinyusb/src/device/usbd.c.obj
                0x10006adc                usbd_edpt_open
 .text.usbd_edpt_claim
                0x10006b0c       0x64 CMakeFiles/DIAG.dir/C_/VSARM/sdk/pico/pico-sdk/lib/tinyusb/src/device/usbd.c.obj
                0x10006b0c                usbd_edpt_claim
 .text.usbd_edpt_release
                0x10006b70       0x4c CMakeFiles/DIAG.dir/C_/VSARM/sdk/pico/pico-sdk/lib/tinyusb/src/device/usbd.c.obj
                0x10006b70                usbd_edpt_release
 .text.usbd_edpt_xfer
                0x10006bbc       0x48 CMakeFiles/DIAG.dir/C_/VSARM/sdk/pico/pico-sdk/lib/tinyusb/src/device/usbd.c.obj
                0x10006bbc                usbd_edpt_xfer
 .text.tud_control_status
                0x10006c04       0x30 CMakeFiles/DIAG.dir/C_/VSARM/sdk/pico/pico-sdk/lib/tinyusb/src/device/usbd_control.c.obj
                0x10006c04                tud_control_status
 .text.tud_control_xfer
                0x10006c34       0xbc CMakeFiles/DIAG.dir/C_/VSARM/sdk/pico/pico-sdk/lib/tinyusb/src/device/usbd_control.c.obj
                0x10006c34                tud_control_xfer
 .text.usbd_control_reset
                0x10006cf0       0x14 CMakeFiles/DIAG.dir/C_/VSARM/sdk/pico/pico-sdk/lib/tinyusb/src/device/usbd_control.c.obj
                0x10006cf0                usbd_control_reset
 .text.usbd_control_set_complete_callback
                0x10006d04        0xc CMakeFiles/DIAG.dir/C_/VSARM/sdk/pico/pico-sdk/lib/tinyusb/src/device/usbd_control.c.obj
                0x10006d04                usbd_control_set_complete_callback
 .text.usbd_control_set_request
                0x10006d10       0x1c CMakeFiles/DIAG.dir/C_/VSARM/sdk/pico/pico-sdk/lib/tinyusb/src/device/usbd_control.c.obj
                0x10006d10                usbd_control_set_request
 .text.usbd_control_xfer_cb
                0x10006d2c       0xfc CMakeFiles/DIAG.dir/C_/VSARM/sdk/pico/pico-sdk/lib/tinyusb/src/device/usbd_control.c.obj
                0x10006d2c                usbd_control_xfer_cb
 .text.tud_cdc_n_connected
                0x10006e28       0x30 CMakeFiles/DIAG.dir/C_/VSARM/sdk/pico/pico-sdk/lib/tinyusb/src/class/cdc/cdc_device.c.obj
                0x10006e28                tud_cdc_n_connected
 .text.tud_cdc_n_available
                0x10006e58       0x18 CMakeFiles/DIAG.dir/C_/VSARM/sdk/pico/pico-sdk/lib/tinyusb/src/class/cdc/cdc_device.c.obj
                0x10006e58                tud_cdc_n_available
 .text.tud_cdc_n_read
                0x10006e70       0x70 CMakeFiles/DIAG.dir/C_/VSARM/sdk/pico/pico-sdk/lib/tinyusb/src/class/cdc/cdc_device.c.obj
                0x10006e70                tud_cdc_n_read
 .text.tud_cdc_n_write_flush
                0x10006ee0       0x78 CMakeFiles/DIAG.dir/C_/VSARM/sdk/pico/pico-sdk/lib/tinyusb/src/class/cdc/cdc_device.c.obj
                0x10006ee0                tud_cdc_n_write_flush
 .text.tud_cdc_n_write
                0x10006f58       0x34 CMakeFiles/DIAG.dir/C_/VSARM/sdk/pico/pico-sdk/lib/tinyusb/src/class/cdc/cdc_device.c.obj
                0x10006f58                tud_cdc_n_write
 .text.tud_cdc_n_write_available
                0x10006f8c       0x18 CMakeFiles/DIAG.dir/C_/VSARM/sdk/pico/pico-sdk/lib/tinyusb/src/class/cdc/cdc_device.c.obj
                0x10006f8c                tud_cdc_n_write_available
 .text.cdcd_init
                0x10006fa4       0x7c CMakeFiles/DIAG.dir/C_/VSARM/sdk/pico/pico-sdk/lib/tinyusb/src/class/cdc/cdc_device.c.obj
                0x10006fa4                cdcd_init
 .text.cdcd_reset
                0x10007020       0x2c CMakeFiles/DIAG.dir/C_/VSARM/sdk/pico/pico-sdk/lib/tinyusb/src/class/cdc/cdc_device.c.obj
                0x10007020                cdcd_reset
 .text.cdcd_open
                0x1000704c       0xe4 CMakeFiles/DIAG.dir/C_/VSARM/sdk/pico/pico-sdk/lib/tinyusb/src/class/cdc/cdc_device.c.obj
                0x1000704c                cdcd_open
 .text.cdcd_control_xfer_cb
                0x10007130       0xe4 CMakeFiles/DIAG.dir/C_/VSARM/sdk/pico/pico-sdk/lib/tinyusb/src/class/cdc/cdc_device.c.obj
                0x10007130                cdcd_control_xfer_cb
 .text.cdcd_xfer_cb
                0x10007214      0x148 CMakeFiles/DIAG.dir/C_/VSARM/sdk/pico/pico-sdk/lib/tinyusb/src/class/cdc/cdc_device.c.obj
                0x10007214                cdcd_xfer_cb
 .text.tusb_init
                0x1000735c        0xc CMakeFiles/DIAG.dir/C_/VSARM/sdk/pico/pico-sdk/lib/tinyusb/src/tusb.c.obj
                0x1000735c                tusb_init
 .text.tusb_inited
                0x10007368        0x8 CMakeFiles/DIAG.dir/C_/VSARM/sdk/pico/pico-sdk/lib/tinyusb/src/tusb.c.obj
                0x10007368                tusb_inited
 .text.tu_edpt_validate
                0x10007370       0x78 CMakeFiles/DIAG.dir/C_/VSARM/sdk/pico/pico-sdk/lib/tinyusb/src/tusb.c.obj
                0x10007370                tu_edpt_validate
 .text.tu_edpt_bind_driver
                0x100073e8       0x2c CMakeFiles/DIAG.dir/C_/VSARM/sdk/pico/pico-sdk/lib/tinyusb/src/tusb.c.obj
                0x100073e8                tu_edpt_bind_driver
 .text.tu_fifo_config
                0x10007414       0x78 CMakeFiles/DIAG.dir/C_/VSARM/sdk/pico/pico-sdk/lib/tinyusb/src/common/tusb_fifo.c.obj
                0x10007414                tu_fifo_config
 .text.tu_fifo_count
                0x1000748c       0x20 CMakeFiles/DIAG.dir/C_/VSARM/sdk/pico/pico-sdk/lib/tinyusb/src/common/tusb_fifo.c.obj
                0x1000748c                tu_fifo_count
 .text.tu_fifo_empty
                0x100074ac       0x10 CMakeFiles/DIAG.dir/C_/VSARM/sdk/pico/pico-sdk/lib/tinyusb/src/common/tusb_fifo.c.obj
                0x100074ac                tu_fifo_empty
 .text.tu_fifo_remaining
                0x100074bc       0x1c CMakeFiles/DIAG.dir/C_/VSARM/sdk/pico/pico-sdk/lib/tinyusb/src/common/tusb_fifo.c.obj
                0x100074bc                tu_fifo_remaining
 .text.tu_fifo_read
                0x100074d8       0x9c CMakeFiles/DIAG.dir/C_/VSARM/sdk/pico/pico-sdk/lib/tinyusb/src/common/tusb_fifo.c.obj
                0x100074d8                tu_fifo_read
 .text.tu_fifo_read_n
                0x10007574      0x100 CMakeFiles/DIAG.dir/C_/VSARM/sdk/pico/pico-sdk/lib/tinyusb/src/common/tusb_fifo.c.obj
                0x10007574                tu_fifo_read_n
 .text.tu_fifo_write
                0x10007674       0x7c CMakeFiles/DIAG.dir/C_/VSARM/sdk/pico/pico-sdk/lib/tinyusb/src/common/tusb_fifo.c.obj
                0x10007674                tu_fifo_write
 .text.tu_fifo_write_n
                0x100076f0      0x100 CMakeFiles/DIAG.dir/C_/VSARM/sdk/pico/pico-sdk/lib/tinyusb/src/common/tusb_fifo.c.obj
                0x100076f0                tu_fifo_write_n
 .text.tu_fifo_clear
                0x100077f0       0x4c CMakeFiles/DIAG.dir/C_/VSARM/sdk/pico/pico-sdk/lib/tinyusb/src/common/tusb_fifo.c.obj
                0x100077f0                tu_fifo_clear
 .text.tu_fifo_set_overwritable
                0x1000783c       0x3c CMakeFiles/DIAG.dir/C_/VSARM/sdk/pico/pico-sdk/lib/tinyusb/src/common/tusb_fifo.c.obj
                0x1000783c                tu_fifo_set_overwritable
 .text.startup._retrieve_unique_id_on_boot
                0x10007878       0x10 CMakeFiles/DIAG.dir/C_/VSARM/sdk/pico/pico-sdk/src/rp2_common/pico_unique_id/unique_id.c.obj
 .text.pico_get_unique_board_id_string
                0x10007888      0x1a8 CMakeFiles/DIAG.dir/C_/VSARM/sdk/pico/pico-sdk/src/rp2_common/pico_unique_id/unique_id.c.obj
                0x10007888                pico_get_unique_board_id_string
 .text.flash_get_unique_id
                0x10007a30       0x40 CMakeFiles/DIAG.dir/C_/VSARM/sdk/pico/pico-sdk/src/rp2_common/hardware_flash/flash.c.obj
                0x10007a30                flash_get_unique_id
 .text.adc_init
                0x10007a70       0x38 CMakeFiles/DIAG.dir/C_/VSARM/sdk/pico/pico-sdk/src/rp2_common/hardware_adc/adc.c.obj
                0x10007a70                adc_init
 .text.rtc_init
                0x10007aa8       0x38 CMakeFiles/DIAG.dir/C_/VSARM/sdk/pico/pico-sdk/src/rp2_common/hardware_rtc/rtc.c.obj
                0x10007aa8                rtc_init
 .text.rtc_set_datetime
                0x10007ae0       0xac CMakeFiles/DIAG.dir/C_/VSARM/sdk/pico/pico-sdk/src/rp2_common/hardware_rtc/rtc.c.obj
                0x10007ae0                rtc_set_datetime
 .text.rtc_get_datetime
                0x10007b8c       0x44 CMakeFiles/DIAG.dir/C_/VSARM/sdk/pico/pico-sdk/src/rp2_common/hardware_rtc/rtc.c.obj
                0x10007b8c                rtc_get_datetime
 .text._ZN23GenericAnalogTempSensorC2Ej
                0x10007bd0       0x30 TempSensor\libTempSensor.a(TempSensor.cpp.obj)
                0x10007bd0                GenericAnalogTempSensor::GenericAnalogTempSensor(unsigned int)
                0x10007bd0                GenericAnalogTempSensor::GenericAnalogTempSensor(unsigned int)
 .text._ZN10TempSensor21__fint_interva_limitsEf
                0x10007c00       0xac TempSensor\libTempSensor.a(TempSensor.cpp.obj)
                0x10007c00                TempSensor::__fint_interva_limits(float)
 .text._ZN10TempSensor17ReadTempAsCelsiusEv
                0x10007cac       0xf8 TempSensor\libTempSensor.a(TempSensor.cpp.obj)
                0x10007cac                TempSensor::ReadTempAsCelsius()
 .text._ZN10TempSensor7get_dtcEv
                0x10007da4        0x4 TempSensor\libTempSensor.a(TempSensor.cpp.obj)
                0x10007da4                TempSensor::get_dtc()
 .text._ZN13TaskSchegulerC2Ej
                0x10007da8       0x58 TaskScheguler\libTaskScheguler.a(TaskScheguler.cpp.obj)
                0x10007da8                TaskScheguler::TaskScheguler(unsigned int)
                0x10007da8                TaskScheguler::TaskScheguler(unsigned int)
 .text._ZN13TaskScheguler11attach_taskEP22TaskScheguler_Status_sPv
                0x10007e00       0x28 TaskScheguler\libTaskScheguler.a(TaskScheguler.cpp.obj)
                0x10007e00                TaskScheguler::attach_task(TaskScheguler_Status_s*, void*)
 .text._ZN13TaskScheguler12execute_taskEj
                0x10007e28       0x14 TaskScheguler\libTaskScheguler.a(TaskScheguler.cpp.obj)
                0x10007e28                TaskScheguler::execute_task(unsigned int)
 .text._ZN13TaskScheguler7get_dtcEv
                0x10007e3c        0x4 TaskScheguler\libTaskScheguler.a(TaskScheguler.cpp.obj)
                0x10007e3c                TaskScheguler::get_dtc()
 .text._ZN13DigitalSignalC2Ejbbb
                0x10007e40       0x74 DigitalSignals\libDigitalSignals.a(DigitalSignals.cpp.obj)
                0x10007e40                DigitalSignal::DigitalSignal(unsigned int, bool, bool, bool)
                0x10007e40                DigitalSignal::DigitalSignal(unsigned int, bool, bool, bool)
 .text._ZN13DigitalSignal7get_dtcEv
                0x10007eb4        0x4 DigitalSignals\libDigitalSignals.a(DigitalSignals.cpp.obj)
                0x10007eb4                DigitalSignal::get_dtc()
 .text._ZN13DigitalSignal10drive_gpioEb
                0x10007eb8       0x3c DigitalSignals\libDigitalSignals.a(DigitalSignals.cpp.obj)
                0x10007eb8                DigitalSignal::drive_gpio(bool)
 .text._ZN13DigitalSignal10create_irqEjPFvvE
                0x10007ef4       0x3c DigitalSignals\libDigitalSignals.a(DigitalSignals.cpp.obj)
                0x10007ef4                DigitalSignal::create_irq(unsigned int, void (*)())
 .text.calloc   0x10007f30       0x18 c:/vsarm/armcc/102021~1.10/bin/../lib/gcc/arm-none-eabi/10.3.1/../../../../arm-none-eabi/lib/thumb/v6-m/nofp\libc.a(lib_a-calloc.o)
                0x10007f30                calloc
 .text._calloc_r
                0x10007f48       0x9c c:/vsarm/armcc/102021~1.10/bin/../lib/gcc/arm-none-eabi/10.3.1/../../../../arm-none-eabi/lib/thumb/v6-m/nofp\libc.a(lib_a-callocr.o)
                0x10007f48                _calloc_r
 .text.__errno  0x10007fe4        0xc c:/vsarm/armcc/102021~1.10/bin/../lib/gcc/arm-none-eabi/10.3.1/../../../../arm-none-eabi/lib/thumb/v6-m/nofp\libc.a(lib_a-errno.o)
                0x10007fe4                __errno
 .text.malloc   0x10007ff0       0x14 c:/vsarm/armcc/102021~1.10/bin/../lib/gcc/arm-none-eabi/10.3.1/../../../../arm-none-eabi/lib/thumb/v6-m/nofp\libc.a(lib_a-malloc.o)
                0x10007ff0                malloc
 .text._malloc_r
                0x10008004      0x584 c:/vsarm/armcc/102021~1.10/bin/../lib/gcc/arm-none-eabi/10.3.1/../../../../arm-none-eabi/lib/thumb/v6-m/nofp\libc.a(lib_a-mallocr.o)
                0x10008004                _malloc_r
 .text.__malloc_lock
                0x10008588       0x10 c:/vsarm/armcc/102021~1.10/bin/../lib/gcc/arm-none-eabi/10.3.1/../../../../arm-none-eabi/lib/thumb/v6-m/nofp\libc.a(lib_a-mlock.o)
                0x10008588                __malloc_lock
 .text.__malloc_unlock
                0x10008598       0x10 c:/vsarm/armcc/102021~1.10/bin/../lib/gcc/arm-none-eabi/10.3.1/../../../../arm-none-eabi/lib/thumb/v6-m/nofp\libc.a(lib_a-mlock.o)
                0x10008598                __malloc_unlock
 .text._sbrk_r  0x100085a8       0x24 c:/vsarm/armcc/102021~1.10/bin/../lib/gcc/arm-none-eabi/10.3.1/../../../../arm-none-eabi/lib/thumb/v6-m/nofp\libc.a(lib_a-sbrkr.o)
                0x100085a8                _sbrk_r
 .text.strlen   0x100085cc       0x5c c:/vsarm/armcc/102021~1.10/bin/../lib/gcc/arm-none-eabi/10.3.1/../../../../arm-none-eabi/lib/thumb/v6-m/nofp\libc.a(lib_a-strlen-stub.o)
                0x100085cc                strlen
 .text._malloc_trim_r
                0x10008628       0x9c c:/vsarm/armcc/102021~1.10/bin/../lib/gcc/arm-none-eabi/10.3.1/../../../../arm-none-eabi/lib/thumb/v6-m/nofp\libc.a(lib_a-freer.o)
                0x10008628                _malloc_trim_r
 .text._free_r  0x100086c4      0x1c4 c:/vsarm/armcc/102021~1.10/bin/../lib/gcc/arm-none-eabi/10.3.1/../../../../arm-none-eabi/lib/thumb/v6-m/nofp\libc.a(lib_a-freer.o)
                0x100086c4                _free_r
 .text.__retarget_lock_acquire_recursive
                0x10008888        0x4 c:/vsarm/armcc/102021~1.10/bin/../lib/gcc/arm-none-eabi/10.3.1/../../../../arm-none-eabi/lib/thumb/v6-m/nofp\libc.a(lib_a-lock.o)
                0x10008888                __retarget_lock_acquire_recursive
 .text.__retarget_lock_release_recursive
                0x1000888c        0x4 c:/vsarm/armcc/102021~1.10/bin/../lib/gcc/arm-none-eabi/10.3.1/../../../../arm-none-eabi/lib/thumb/v6-m/nofp\libc.a(lib_a-lock.o)
                0x1000888c                __retarget_lock_release_recursive
 *(.fini)
 .fini          0x10008890        0x4 c:/vsarm/armcc/102021~1.10/bin/../lib/gcc/arm-none-eabi/10.3.1/thumb/v6-m/nofp/crti.o
                0x10008890                _fini
 *fill*         0x10008894        0x4 
 .fini.__stub   0x10008898       0x70 linker stubs
 *crtbegin.o(.ctors)
 *crtbegin?.o(.ctors)
 *(EXCLUDE_FILE(*crtend.o *crtend?.o) .ctors)
 *(SORT_BY_NAME(.ctors.*))
 *(.ctors)
 *crtbegin.o(.dtors)
 *crtbegin?.o(.dtors)
 *(EXCLUDE_FILE(*crtend.o *crtend?.o) .dtors)
 *(SORT_BY_NAME(.dtors.*))
 *(.dtors)
 *(.eh_frame*)
 .eh_frame      0x10008908        0x0 c:/vsarm/armcc/102021~1.10/bin/../lib/gcc/arm-none-eabi/10.3.1/thumb/v6-m/nofp/crtbegin.o
                0x10008908                . = ALIGN (0x4)

.glue_7         0x10008908        0x0
 .glue_7        0x10008908        0x0 linker stubs

.glue_7t        0x10008908        0x0
 .glue_7t       0x10008908        0x0 linker stubs

.vfp11_veneer   0x10008908        0x0
 .vfp11_veneer  0x10008908        0x0 linker stubs

.v4_bx          0x10008908        0x0
 .v4_bx         0x10008908        0x0 linker stubs

.iplt           0x10008908        0x0
 .iplt          0x10008908        0x0 c:/vsarm/armcc/102021~1.10/bin/../lib/gcc/arm-none-eabi/10.3.1/thumb/v6-m/nofp/crtbegin.o

.rodata         0x10008908      0x584
 *(EXCLUDE_FILE(*libm.a: *libc.a:*lib_a-mem*.o *libgcc.a:) .rodata*)
 .rodata.main.str1.4
                0x10008908       0x1a CMakeFiles/DIAG.dir/main.cpp.obj
 *fill*         0x10008922        0x2 
 .rodata        0x10008924       0x40 CMakeFiles/DIAG.dir/main.cpp.obj
 .rodata.spin_lock_claim_unused.str1.4
                0x10008964       0x1b CMakeFiles/DIAG.dir/C_/VSARM/sdk/pico/pico-sdk/src/rp2_common/hardware_sync/sync.c.obj
 *fill*         0x1000897f        0x1 
 .rodata.user_irq_claim_unused.str1.4
                0x10008980       0x1b CMakeFiles/DIAG.dir/C_/VSARM/sdk/pico/pico-sdk/src/rp2_common/hardware_irq/irq.c.obj
 *fill*         0x1000899b        0x1 
 .rodata.hardware_alarm_claim.str1.4
                0x1000899c       0x22 CMakeFiles/DIAG.dir/C_/VSARM/sdk/pico/pico-sdk/src/rp2_common/hardware_timer/timer.c.obj
 *fill*         0x100089be        0x2 
 .rodata.panic.str1.4
                0x100089c0       0x10 CMakeFiles/DIAG.dir/C_/VSARM/sdk/pico/pico-sdk/src/rp2_common/pico_runtime/runtime.c.obj
                                 0x12 (size before relaxing)
 .rodata.hard_assertion_failure.str1.4
                0x100089d0        0xc CMakeFiles/DIAG.dir/C_/VSARM/sdk/pico/pico-sdk/src/rp2_common/pico_runtime/runtime.c.obj
 .rodata._ftoa.str1.4
                0x100089dc       0x15 CMakeFiles/DIAG.dir/C_/VSARM/sdk/pico/pico-sdk/src/rp2_common/pico_printf/printf.c.obj
 *fill*         0x100089f1        0x3 
 .rodata._vsnprintf
                0x100089f4      0x1e0 CMakeFiles/DIAG.dir/C_/VSARM/sdk/pico/pico-sdk/src/rp2_common/pico_printf/printf.c.obj
 *fill*         0x10008bd4        0x4 
 .rodata.pow10.0
                0x10008bd8       0x50 CMakeFiles/DIAG.dir/C_/VSARM/sdk/pico/pico-sdk/src/rp2_common/pico_printf/printf.c.obj
 .rodata.__wrap_malloc.str1.4
                0x10008c28        0xe CMakeFiles/DIAG.dir/C_/VSARM/sdk/pico/pico-sdk/src/rp2_common/pico_malloc/pico_malloc.c.obj
 *fill*         0x10008c36        0x2 
 .rodata.str1.4
                0x10008c38       0x3c CMakeFiles/DIAG.dir/C_/VSARM/sdk/pico/pico-sdk/src/rp2_common/pico_standard_link/binary_info.c.obj
 .rodata.__bi_44
                0x10008c74        0xc CMakeFiles/DIAG.dir/C_/VSARM/sdk/pico/pico-sdk/src/rp2_common/pico_standard_link/binary_info.c.obj
 .rodata.__bi_75
                0x10008c80        0xc CMakeFiles/DIAG.dir/C_/VSARM/sdk/pico/pico-sdk/src/rp2_common/pico_standard_link/binary_info.c.obj
 .rodata.__bi_81
                0x10008c8c        0xc CMakeFiles/DIAG.dir/C_/VSARM/sdk/pico/pico-sdk/src/rp2_common/pico_standard_link/binary_info.c.obj
 .rodata.crlf_str.0
                0x10008c98        0x2 CMakeFiles/DIAG.dir/C_/VSARM/sdk/pico/pico-sdk/src/rp2_common/pico_stdio/stdio.c.obj
 *fill*         0x10008c9a        0x2 
 .rodata._resetd_driver
                0x10008c9c       0x18 CMakeFiles/DIAG.dir/C_/VSARM/sdk/pico/pico-sdk/src/rp2_common/pico_stdio_usb/reset_interface.c.obj
 .rodata.str1.4
                0x10008cb4       0x13 CMakeFiles/DIAG.dir/C_/VSARM/sdk/pico/pico-sdk/src/rp2_common/pico_stdio_usb/stdio_usb.c.obj
 *fill*         0x10008cc7        0x1 
 .rodata.__bi_118.0
                0x10008cc8        0xc CMakeFiles/DIAG.dir/C_/VSARM/sdk/pico/pico-sdk/src/rp2_common/pico_stdio_usb/stdio_usb.c.obj
 .rodata.str1.4
                0x10008cd4       0x2a CMakeFiles/DIAG.dir/C_/VSARM/sdk/pico/pico-sdk/src/rp2_common/pico_stdio_usb/stdio_usb_descriptors.c.obj
 *fill*         0x10008cfe        0x2 
 .rodata.usbd_desc_cfg
                0x10008d00       0x54 CMakeFiles/DIAG.dir/C_/VSARM/sdk/pico/pico-sdk/src/rp2_common/pico_stdio_usb/stdio_usb_descriptors.c.obj
 .rodata.usbd_desc_device
                0x10008d54       0x12 CMakeFiles/DIAG.dir/C_/VSARM/sdk/pico/pico-sdk/src/rp2_common/pico_stdio_usb/stdio_usb_descriptors.c.obj
 *fill*         0x10008d66        0x2 
 .rodata.usbd_desc_str
                0x10008d68       0x18 CMakeFiles/DIAG.dir/C_/VSARM/sdk/pico/pico-sdk/src/rp2_common/pico_stdio_usb/stdio_usb_descriptors.c.obj
 .rodata.dcd_rp2040_irq.str1.4
                0x10008d80       0x14 CMakeFiles/DIAG.dir/C_/VSARM/sdk/pico/pico-sdk/lib/tinyusb/src/portable/raspberrypi/rp2040/dcd_rp2040.c.obj
 .rodata._hw_endpoint_buffer_control_update32.part.0.isra.0.str1.4
                0x10008d94       0x1f CMakeFiles/DIAG.dir/C_/VSARM/sdk/pico/pico-sdk/lib/tinyusb/src/portable/raspberrypi/rp2040/rp2040_usb.c.obj
 *fill*         0x10008db3        0x1 
 .rodata.hw_endpoint_xfer_continue.str1.4
                0x10008db4       0x29 CMakeFiles/DIAG.dir/C_/VSARM/sdk/pico/pico-sdk/lib/tinyusb/src/portable/raspberrypi/rp2040/rp2040_usb.c.obj
 *fill*         0x10008ddd        0x3 
 .rodata.str1.4
                0x10008de0        0x7 CMakeFiles/DIAG.dir/C_/VSARM/sdk/pico/pico-sdk/lib/tinyusb/src/portable/raspberrypi/rp2040/rp2040_usb.c.obj
 *fill*         0x10008de7        0x1 
 .rodata.tud_task
                0x10008de8       0x8c CMakeFiles/DIAG.dir/C_/VSARM/sdk/pico/pico-sdk/lib/tinyusb/src/device/usbd.c.obj
 .rodata._usbd_driver
                0x10008e74       0x18 CMakeFiles/DIAG.dir/C_/VSARM/sdk/pico/pico-sdk/lib/tinyusb/src/device/usbd.c.obj
                0x10008e8c                . = ALIGN (0x4)
 *(SORT_BY_ALIGNMENT(SORT_BY_NAME(.flashdata*)))
                0x10008e8c                . = ALIGN (0x4)

.rel.dyn        0x10008e8c        0x0
 .rel.iplt      0x10008e8c        0x0 c:/vsarm/armcc/102021~1.10/bin/../lib/gcc/arm-none-eabi/10.3.1/thumb/v6-m/nofp/crtbegin.o

.ARM.extab
 *(.ARM.extab* .gnu.linkonce.armextab.*)
                0x10008e8c                __exidx_start = .

.ARM.exidx
 *(.ARM.exidx* .gnu.linkonce.armexidx.*)
                0x10008e8c                __exidx_end = .
                0x10008e8c                . = ALIGN (0x4)
                0x10008e8c                __binary_info_start = .

.binary_info    0x10008e8c       0x20
 *(.binary_info.keep.*)
 .binary_info.keep.__bi_ptr22
                0x10008e8c        0x4 CMakeFiles/DIAG.dir/C_/VSARM/sdk/pico/pico-sdk/src/rp2_common/pico_standard_link/binary_info.c.obj
 .binary_info.keep.__bi_ptr30
                0x10008e90        0x4 CMakeFiles/DIAG.dir/C_/VSARM/sdk/pico/pico-sdk/src/rp2_common/pico_standard_link/binary_info.c.obj
 .binary_info.keep.__bi_ptr38
                0x10008e94        0x4 CMakeFiles/DIAG.dir/C_/VSARM/sdk/pico/pico-sdk/src/rp2_common/pico_standard_link/binary_info.c.obj
 .binary_info.keep.__bi_ptr44
                0x10008e98        0x4 CMakeFiles/DIAG.dir/C_/VSARM/sdk/pico/pico-sdk/src/rp2_common/pico_standard_link/binary_info.c.obj
 .binary_info.keep.__bi_ptr50
                0x10008e9c        0x4 CMakeFiles/DIAG.dir/C_/VSARM/sdk/pico/pico-sdk/src/rp2_common/pico_standard_link/binary_info.c.obj
 .binary_info.keep.__bi_ptr75
                0x10008ea0        0x4 CMakeFiles/DIAG.dir/C_/VSARM/sdk/pico/pico-sdk/src/rp2_common/pico_standard_link/binary_info.c.obj
 .binary_info.keep.__bi_ptr81
                0x10008ea4        0x4 CMakeFiles/DIAG.dir/C_/VSARM/sdk/pico/pico-sdk/src/rp2_common/pico_standard_link/binary_info.c.obj
 *(.binary_info.*)
 .binary_info.__bi_ptr118
                0x10008ea8        0x4 CMakeFiles/DIAG.dir/C_/VSARM/sdk/pico/pico-sdk/src/rp2_common/pico_stdio_usb/stdio_usb.c.obj
                0x10008eac                __binary_info_end = .
                0x10008eac                . = ALIGN (0x4)
                0x10008eac                __etext = .

.ram_vector_table
                0x20000000       0xc0
 *(.ram_vector_table)
 .ram_vector_table
                0x20000000       0xc0 CMakeFiles/DIAG.dir/C_/VSARM/sdk/pico/pico-sdk/src/rp2_common/pico_runtime/runtime.c.obj
                0x20000000                ram_vector_table

.data           0x200000c0      0xc00 load address 0x10008eac
                0x200000c0                __data_start__ = .
 *(vtable)
 *(.time_critical*)
 .time_critical.mutex_enter_blocking
                0x200000c0       0x48 CMakeFiles/DIAG.dir/C_/VSARM/sdk/pico/pico-sdk/src/common/pico_sync/mutex.c.obj
                0x200000c0                mutex_enter_blocking
 .time_critical.mutex_try_enter
                0x20000108       0x44 CMakeFiles/DIAG.dir/C_/VSARM/sdk/pico/pico-sdk/src/common/pico_sync/mutex.c.obj
                0x20000108                mutex_try_enter
 .time_critical.mutex_enter_timeout_ms
                0x2000014c       0xa0 CMakeFiles/DIAG.dir/C_/VSARM/sdk/pico/pico-sdk/src/common/pico_sync/mutex.c.obj
                0x2000014c                mutex_enter_timeout_ms
 .time_critical.mutex_exit
                0x200001ec       0x28 CMakeFiles/DIAG.dir/C_/VSARM/sdk/pico/pico-sdk/src/common/pico_sync/mutex.c.obj
                0x200001ec                mutex_exit
 .time_critical.flash_init_boot2_copyout
                0x20000214       0x30 CMakeFiles/DIAG.dir/C_/VSARM/sdk/pico/pico-sdk/src/rp2_common/hardware_flash/flash.c.obj
 .time_critical.flash_enable_xip_via_boot2
                0x20000244       0x10 CMakeFiles/DIAG.dir/C_/VSARM/sdk/pico/pico-sdk/src/rp2_common/hardware_flash/flash.c.obj
 .time_critical.flash_cs_force
                0x20000254       0x38 CMakeFiles/DIAG.dir/C_/VSARM/sdk/pico/pico-sdk/src/rp2_common/hardware_flash/flash.c.obj
 .time_critical.flash_do_cmd
                0x2000028c       0xc4 CMakeFiles/DIAG.dir/C_/VSARM/sdk/pico/pico-sdk/src/rp2_common/hardware_flash/flash.c.obj
                0x2000028c                flash_do_cmd
 *(.text*)
 .text          0x20000350        0x4 c:/vsarm/armcc/102021~1.10/bin/../lib/gcc/arm-none-eabi/10.3.1/thumb/v6-m/nofp\libgcc.a(_dvmd_tls.o)
                0x20000350                __aeabi_idiv0
                0x20000350                __aeabi_ldiv0
 *fill*         0x20000354        0x4 
 .text.__stub   0x20000358       0x30 linker stubs
                0x20000388                . = ALIGN (0x4)
 *(.rodata*)
                0x20000388                . = ALIGN (0x4)
 *(.data*)
 .data.kl15_can_read
                0x20000388        0x1 CMakeFiles/DIAG.dir/main.cpp.obj
                0x20000388                kl15_can_read
 .data.vss_can_read
                0x20000389        0x1 CMakeFiles/DIAG.dir/main.cpp.obj
                0x20000389                vss_can_read
 .data.striped_spin_lock_num
                0x2000038a        0x1 CMakeFiles/DIAG.dir/C_/VSARM/sdk/pico/pico-sdk/src/rp2_common/hardware_sync/sync.c.obj
 *fill*         0x2000038b        0x1 
 .data          0x2000038c       0x48 CMakeFiles/DIAG.dir/C_/VSARM/sdk/pico/pico-sdk/src/rp2_common/hardware_irq/irq_handler_chain.S.obj
                0x2000038c                irq_handler_chain_slots
                0x200003bc                irq_handler_chain_first_slot
                0x200003c6                irq_handler_chain_remove_tail
 .data.default_alarm_pool
                0x200003d4       0x18 CMakeFiles/DIAG.dir/C_/VSARM/sdk/pico/pico-sdk/src/common/pico_time/time.c.obj
 .data.default_alarm_pool_heap
                0x200003ec       0x10 CMakeFiles/DIAG.dir/C_/VSARM/sdk/pico/pico-sdk/src/common/pico_time/time.c.obj
 *fill*         0x200003fc        0x4 
 .data.aeabi_bits_funcs
                0x20000400       0x10 CMakeFiles/DIAG.dir/C_/VSARM/sdk/pico/pico-sdk/src/rp2_common/pico_bit_ops/bit_ops_aeabi.S.obj
                0x20000400                aeabi_bits_funcs
                0x20000410                aeabi_bits_funcs_end
 .data.aeabi_mem_funcs
                0x20000410       0x10 CMakeFiles/DIAG.dir/C_/VSARM/sdk/pico/pico-sdk/src/rp2_common/pico_mem_ops/mem_ops_aeabi.S.obj
                0x20000410                aeabi_mem_funcs
                0x20000420                aeabi_mem_funcs_end
 .data.stdio_usb
                0x20000420       0x14 CMakeFiles/DIAG.dir/C_/VSARM/sdk/pico/pico-sdk/src/rp2_common/pico_stdio_usb/stdio_usb.c.obj
                0x20000420                stdio_usb
 .data.ep_dir_string
                0x20000434        0x8 CMakeFiles/DIAG.dir/C_/VSARM/sdk/pico/pico-sdk/lib/tinyusb/src/portable/raspberrypi/rp2040/rp2040_usb.c.obj
                0x20000434                ep_dir_string
 .data._usbd_qdef
                0x2000043c       0x24 CMakeFiles/DIAG.dir/C_/VSARM/sdk/pico/pico-sdk/lib/tinyusb/src/device/usbd.c.obj
                0x2000043c                _usbd_qdef
 .data._impure_ptr
                0x20000460        0x4 c:/vsarm/armcc/102021~1.10/bin/../lib/gcc/arm-none-eabi/10.3.1/../../../../arm-none-eabi/lib/thumb/v6-m/nofp\libc.a(lib_a-impure.o)
                0x20000460                _impure_ptr
 *fill*         0x20000464        0x4 
 .data.impure_data
                0x20000468      0x428 c:/vsarm/armcc/102021~1.10/bin/../lib/gcc/arm-none-eabi/10.3.1/../../../../arm-none-eabi/lib/thumb/v6-m/nofp\libc.a(lib_a-impure.o)
 .data.__malloc_av_
                0x20000890      0x408 c:/vsarm/armcc/102021~1.10/bin/../lib/gcc/arm-none-eabi/10.3.1/../../../../arm-none-eabi/lib/thumb/v6-m/nofp\libc.a(lib_a-mallocr.o)
                0x20000890                __malloc_av_
 .data.__malloc_sbrk_base
                0x20000c98        0x4 c:/vsarm/armcc/102021~1.10/bin/../lib/gcc/arm-none-eabi/10.3.1/../../../../arm-none-eabi/lib/thumb/v6-m/nofp\libc.a(lib_a-mallocr.o)
                0x20000c98                __malloc_sbrk_base
 .data.__malloc_trim_threshold
                0x20000c9c        0x4 c:/vsarm/armcc/102021~1.10/bin/../lib/gcc/arm-none-eabi/10.3.1/../../../../arm-none-eabi/lib/thumb/v6-m/nofp\libc.a(lib_a-mallocr.o)
                0x20000c9c                __malloc_trim_threshold
                0x20000ca0                . = ALIGN (0x4)
 *(.after_data.*)
                0x20000ca0                . = ALIGN (0x4)
                0x20000ca0                PROVIDE (__mutex_array_start = .)
 *(SORT_BY_NAME(.mutex_array.*))
 *(.mutex_array)
 .mutex_array   0x20000ca0        0x8 CMakeFiles/DIAG.dir/C_/VSARM/sdk/pico/pico-sdk/src/rp2_common/pico_stdio/stdio.c.obj
                0x20000ca8                PROVIDE (__mutex_array_end = .)
                0x20000ca8                . = ALIGN (0x4)
                0x20000ca8                PROVIDE (__preinit_array_start = .)
 *(SORT_BY_NAME(.preinit_array.*))
 .preinit_array.00001
                0x20000ca8        0x4 CMakeFiles/DIAG.dir/C_/VSARM/sdk/pico/pico-sdk/src/rp2_common/pico_mem_ops/mem_ops_aeabi.S.obj
 .preinit_array.00010
                0x20000cac        0x4 CMakeFiles/DIAG.dir/C_/VSARM/sdk/pico/pico-sdk/src/rp2_common/pico_bit_ops/bit_ops_aeabi.S.obj
 .preinit_array.00020
                0x20000cb0        0x4 CMakeFiles/DIAG.dir/C_/VSARM/sdk/pico/pico-sdk/src/rp2_common/pico_double/double_aeabi.S.obj
 .preinit_array.00020
                0x20000cb4        0x4 CMakeFiles/DIAG.dir/C_/VSARM/sdk/pico/pico-sdk/src/rp2_common/pico_float/float_aeabi.S.obj
 *(.preinit_array)
                0x20000cb8                PROVIDE (__preinit_array_end = .)
                0x20000cb8                . = ALIGN (0x4)
                0x20000cb8                PROVIDE (__init_array_start = .)
 *(SORT_BY_NAME(.init_array.*))
 *(.init_array)
 .init_array    0x20000cb8        0x4 c:/vsarm/armcc/102021~1.10/bin/../lib/gcc/arm-none-eabi/10.3.1/thumb/v6-m/nofp/crtbegin.o
 .init_array    0x20000cbc        0x4 CMakeFiles/DIAG.dir/C_/VSARM/sdk/pico/pico-sdk/src/rp2_common/pico_unique_id/unique_id.c.obj
                0x20000cc0                PROVIDE (__init_array_end = .)
                0x20000cc0                . = ALIGN (0x4)
                [!provide]                PROVIDE (__fini_array_start = .)
 *(SORT_BY_NAME(.fini_array.*))
 *(.fini_array)
                [!provide]                PROVIDE (__fini_array_end = .)
 *(.jcr)
                0x20000cc0                . = ALIGN (0x4)
                0x20000cc0                __data_end__ = .

.igot.plt       0x20000cc0        0x0 load address 0x10009aac
 .igot.plt      0x20000cc0        0x0 c:/vsarm/armcc/102021~1.10/bin/../lib/gcc/arm-none-eabi/10.3.1/thumb/v6-m/nofp/crtbegin.o

.uninitialized_data
                0x20000cc0        0x0 load address 0x10009aac
                0x20000cc0                . = ALIGN (0x4)
 *(.uninitialized_data*)

.scratch_x      0x20040000        0x0 load address 0x10009aac
                0x20040000                __scratch_x_start__ = .
 *(.scratch_x.*)
                0x20040000                . = ALIGN (0x4)
                0x20040000                __scratch_x_end__ = .
                0x10009aac                __scratch_x_source__ = LOADADDR (.scratch_x)

.scratch_y      0x20041000        0x0 load address 0x10009aac
                0x20041000                __scratch_y_start__ = .
 *(.scratch_y.*)
                0x20041000                . = ALIGN (0x4)
                0x20041000                __scratch_y_end__ = .
                0x10009aac                __scratch_y_source__ = LOADADDR (.scratch_y)

.bss            0x20000cc0      0xdd0
                0x20000cc0                . = ALIGN (0x4)
                0x20000cc0                __bss_start__ = .
 *(SORT_BY_ALIGNMENT(SORT_BY_NAME(.bss*)))
 .bss.default_alarm_pool_entries
                0x20000cc0      0x100 CMakeFiles/DIAG.dir/C_/VSARM/sdk/pico/pico-sdk/src/common/pico_time/time.c.obj
 .bss.last_avail_time.1
                0x20000dc0        0x8 CMakeFiles/DIAG.dir/C_/VSARM/sdk/pico/pico-sdk/src/rp2_common/pico_stdio_usb/stdio_usb.c.obj
 .bss.sd_table  0x20000dc8      0x100 CMakeFiles/DIAG.dir/C_/VSARM/sdk/pico/pico-sdk/src/rp2_common/pico_double/double_init_rom.c.obj
                0x20000dc8                sd_table
 .bss.sf_table  0x20000ec8      0x100 CMakeFiles/DIAG.dir/C_/VSARM/sdk/pico/pico-sdk/src/rp2_common/pico_float/float_init_rom.c.obj
                0x20000ec8                sf_table
 .bss           0x20000fc8       0x1c c:/vsarm/armcc/102021~1.10/bin/../lib/gcc/arm-none-eabi/10.3.1/thumb/v6-m/nofp/crtbegin.o
 .bss.__lock___malloc_recursive_mutex
                0x20000fe4        0x1 c:/vsarm/armcc/102021~1.10/bin/../lib/gcc/arm-none-eabi/10.3.1/../../../../arm-none-eabi/lib/thumb/v6-m/nofp\libc.a(lib_a-lock.o)
                0x20000fe4                __lock___malloc_recursive_mutex
 *fill*         0x20000fe5        0x3 
 .bss.__malloc_current_mallinfo
                0x20000fe8       0x28 c:/vsarm/armcc/102021~1.10/bin/../lib/gcc/arm-none-eabi/10.3.1/../../../../arm-none-eabi/lib/thumb/v6-m/nofp\libc.a(lib_a-mallocr.o)
                0x20000fe8                __malloc_current_mallinfo
 .bss.__malloc_max_sbrked_mem
                0x20001010        0x4 c:/vsarm/armcc/102021~1.10/bin/../lib/gcc/arm-none-eabi/10.3.1/../../../../arm-none-eabi/lib/thumb/v6-m/nofp\libc.a(lib_a-mallocr.o)
                0x20001010                __malloc_max_sbrked_mem
 .bss.__malloc_max_total_mem
                0x20001014        0x4 c:/vsarm/armcc/102021~1.10/bin/../lib/gcc/arm-none-eabi/10.3.1/../../../../arm-none-eabi/lib/thumb/v6-m/nofp\libc.a(lib_a-mallocr.o)
                0x20001014                __malloc_max_total_mem
 .bss.__malloc_top_pad
                0x20001018        0x4 c:/vsarm/armcc/102021~1.10/bin/../lib/gcc/arm-none-eabi/10.3.1/../../../../arm-none-eabi/lib/thumb/v6-m/nofp\libc.a(lib_a-mallocr.o)
                0x20001018                __malloc_top_pad
 .bss._app_driver
                0x2000101c        0x4 CMakeFiles/DIAG.dir/C_/VSARM/sdk/pico/pico-sdk/lib/tinyusb/src/device/usbd.c.obj
 .bss._cdcd_itf
                0x20001020      0x2d8 CMakeFiles/DIAG.dir/C_/VSARM/sdk/pico/pico-sdk/lib/tinyusb/src/class/cdc/cdc_device.c.obj
 .bss._ctrl_xfer
                0x200012f8       0x14 CMakeFiles/DIAG.dir/C_/VSARM/sdk/pico/pico-sdk/lib/tinyusb/src/device/usbd_control.c.obj
 .bss._ubsd_mutexdef
                0x2000130c        0x8 CMakeFiles/DIAG.dir/C_/VSARM/sdk/pico/pico-sdk/lib/tinyusb/src/device/usbd.c.obj
 .bss._usbd_ctrl_buf
                0x20001314       0x40 CMakeFiles/DIAG.dir/C_/VSARM/sdk/pico/pico-sdk/lib/tinyusb/src/device/usbd_control.c.obj
 .bss._usbd_dev
                0x20001354       0x53 CMakeFiles/DIAG.dir/C_/VSARM/sdk/pico/pico-sdk/lib/tinyusb/src/device/usbd.c.obj
 *fill*         0x200013a7        0x1 
 .bss._usbd_mutex
                0x200013a8        0x4 CMakeFiles/DIAG.dir/C_/VSARM/sdk/pico/pico-sdk/lib/tinyusb/src/device/usbd.c.obj
 .bss._usbd_q   0x200013ac        0x4 CMakeFiles/DIAG.dir/C_/VSARM/sdk/pico/pico-sdk/lib/tinyusb/src/device/usbd.c.obj
 .bss._usbd_qdef_buf
                0x200013b0       0xc0 CMakeFiles/DIAG.dir/C_/VSARM/sdk/pico/pico-sdk/lib/tinyusb/src/device/usbd.c.obj
                0x200013b0                _usbd_qdef_buf
 .bss.alarm_callbacks
                0x20001470       0x10 CMakeFiles/DIAG.dir/C_/VSARM/sdk/pico/pico-sdk/src/rp2_common/hardware_timer/timer.c.obj
 .bss.boot2_copyout
                0x20001480      0x100 CMakeFiles/DIAG.dir/C_/VSARM/sdk/pico/pico-sdk/src/rp2_common/hardware_flash/flash.c.obj
 .bss.claimed   0x20001580        0x4 CMakeFiles/DIAG.dir/C_/VSARM/sdk/pico/pico-sdk/src/rp2_common/hardware_sync/sync.c.obj
 .bss.configured_freq
                0x20001584       0x28 CMakeFiles/DIAG.dir/C_/VSARM/sdk/pico/pico-sdk/src/rp2_common/hardware_clocks/clocks.c.obj
 .bss.default_alarm_pool_entry_ids_high
                0x200015ac       0x10 CMakeFiles/DIAG.dir/C_/VSARM/sdk/pico/pico-sdk/src/common/pico_time/time.c.obj
 .bss.default_alarm_pool_heap_nodes
                0x200015bc       0x30 CMakeFiles/DIAG.dir/C_/VSARM/sdk/pico/pico-sdk/src/common/pico_time/time.c.obj
 .bss.desc_str.0
                0x200015ec       0x28 CMakeFiles/DIAG.dir/C_/VSARM/sdk/pico/pico-sdk/src/rp2_common/pico_stdio_usb/stdio_usb_descriptors.c.obj
 .bss.drivers   0x20001614        0x4 CMakeFiles/DIAG.dir/C_/VSARM/sdk/pico/pico-sdk/src/rp2_common/pico_stdio/stdio.c.obj
 .bss.errno     0x20001618        0x4 c:/vsarm/armcc/102021~1.10/bin/../lib/gcc/arm-none-eabi/10.3.1/../../../../arm-none-eabi/lib/thumb/v6-m/nofp\libc.a(lib_a-reent.o)
                0x20001618                errno
 .bss.filter    0x2000161c        0x4 CMakeFiles/DIAG.dir/C_/VSARM/sdk/pico/pico-sdk/src/rp2_common/pico_stdio/stdio.c.obj
 .bss.heap_end.0
                0x20001620        0x4 CMakeFiles/DIAG.dir/C_/VSARM/sdk/pico/pico-sdk/src/rp2_common/pico_runtime/runtime.c.obj
 .bss.hw_endpoints
                0x20001624      0x400 CMakeFiles/DIAG.dir/C_/VSARM/sdk/pico/pico-sdk/lib/tinyusb/src/portable/raspberrypi/rp2040/dcd_rp2040.c.obj
 .bss.lazy_vsnprintf
                0x20001a24        0x4 CMakeFiles/DIAG.dir/C_/VSARM/sdk/pico/pico-sdk/src/rp2_common/pico_printf/printf.c.obj
 .bss.load_value
                0x20001a28        0x4 CMakeFiles/DIAG.dir/C_/VSARM/sdk/pico/pico-sdk/src/rp2_common/hardware_watchdog/watchdog.c.obj
 .bss.next_buffer_ptr
                0x20001a2c        0x4 CMakeFiles/DIAG.dir/C_/VSARM/sdk/pico/pico-sdk/lib/tinyusb/src/portable/raspberrypi/rp2040/dcd_rp2040.c.obj
 .bss.pools     0x20001a30       0x10 CMakeFiles/DIAG.dir/C_/VSARM/sdk/pico/pico-sdk/src/common/pico_time/time.c.obj
 .bss.raw_irq_mask
                0x20001a40        0x8 CMakeFiles/DIAG.dir/C_/VSARM/sdk/pico/pico-sdk/src/rp2_common/hardware_gpio/gpio.c.obj
 .bss.retrieved_id
                0x20001a48        0x8 CMakeFiles/DIAG.dir/C_/VSARM/sdk/pico/pico-sdk/src/rp2_common/pico_unique_id/unique_id.c.obj
 .bss.sf_clz_func
                0x20001a50        0x4 CMakeFiles/DIAG.dir/C_/VSARM/sdk/pico/pico-sdk/src/rp2_common/pico_double/double_init_rom.c.obj
                0x20001a50                sf_clz_func
 .bss.sleep_notifier
                0x20001a54        0x4 CMakeFiles/DIAG.dir/C_/VSARM/sdk/pico/pico-sdk/src/common/pico_time/time.c.obj
 .bss.stdio_usb_mutex
                0x20001a58        0x8 CMakeFiles/DIAG.dir/C_/VSARM/sdk/pico/pico-sdk/src/rp2_common/pico_stdio_usb/stdio_usb.c.obj
 .bss.target_hi
                0x20001a60       0x10 CMakeFiles/DIAG.dir/C_/VSARM/sdk/pico/pico-sdk/src/rp2_common/hardware_timer/timer.c.obj
 .bss.usbd_serial_str
                0x20001a70       0x11 CMakeFiles/DIAG.dir/C_/VSARM/sdk/pico/pico-sdk/src/rp2_common/pico_stdio_usb/stdio_usb_descriptors.c.obj
 *fill*         0x20001a81        0x3 
 .bss.user_irq_claimed
                0x20001a84        0x2 CMakeFiles/DIAG.dir/C_/VSARM/sdk/pico/pico-sdk/src/rp2_common/hardware_irq/irq.c.obj
 .bss._app_driver_count
                0x20001a86        0x1 CMakeFiles/DIAG.dir/C_/VSARM/sdk/pico/pico-sdk/lib/tinyusb/src/device/usbd.c.obj
 .bss._usbd_initialized
                0x20001a87        0x1 CMakeFiles/DIAG.dir/C_/VSARM/sdk/pico/pico-sdk/lib/tinyusb/src/device/usbd.c.obj
 .bss.boot2_copyout_valid
                0x20001a88        0x1 CMakeFiles/DIAG.dir/C_/VSARM/sdk/pico/pico-sdk/src/rp2_common/hardware_flash/flash.c.obj
 .bss.claimed   0x20001a89        0x1 CMakeFiles/DIAG.dir/C_/VSARM/sdk/pico/pico-sdk/src/rp2_common/hardware_timer/timer.c.obj
 .bss.irq_hander_chain_free_slot_head
                0x20001a8a        0x1 CMakeFiles/DIAG.dir/C_/VSARM/sdk/pico/pico-sdk/src/rp2_common/hardware_irq/irq.c.obj
 .bss.itf_num   0x20001a8b        0x1 CMakeFiles/DIAG.dir/C_/VSARM/sdk/pico/pico-sdk/src/rp2_common/pico_stdio_usb/reset_interface.c.obj
 .bss.kl15_flag
                0x20001a8c        0x1 CMakeFiles/DIAG.dir/main.cpp.obj
                0x20001a8c                kl15_flag
 .bss.low_priority_irq_num
                0x20001a8d        0x1 CMakeFiles/DIAG.dir/C_/VSARM/sdk/pico/pico-sdk/src/rp2_common/pico_stdio_usb/stdio_usb.c.obj
 .bss.timer_callbacks_pending
                0x20001a8e        0x1 CMakeFiles/DIAG.dir/C_/VSARM/sdk/pico/pico-sdk/src/rp2_common/hardware_timer/timer.c.obj
 .bss.vss_flag  0x20001a8f        0x1 CMakeFiles/DIAG.dir/main.cpp.obj
                0x20001a8f                vss_flag
 *(COMMON)
                0x20001a90                . = ALIGN (0x4)
                0x20001a90                __bss_end__ = .

.heap           0x20001a90      0x800
                0x20001a90                __end__ = .
                0x20001a90                end = __end__
 *(.heap*)
 .heap          0x20001a90      0x800 CMakeFiles/DIAG.dir/C_/VSARM/sdk/pico/pico-sdk/src/rp2_common/pico_standard_link/crt0.S.obj
                0x20002290                __HeapLimit = .

.stack1_dummy   0x20040000        0x0
 *(.stack1*)

.stack_dummy    0x20041000      0x800
 *(.stack*)
 .stack         0x20041000      0x800 CMakeFiles/DIAG.dir/C_/VSARM/sdk/pico/pico-sdk/src/rp2_common/pico_standard_link/crt0.S.obj

.flash_end      0x10009aac        0x0
                0x10009aac                __flash_binary_end = .
                0x20040000                __StackLimit = (ORIGIN (RAM) + LENGTH (RAM))
                0x20041000                __StackOneTop = (ORIGIN (SCRATCH_X) + LENGTH (SCRATCH_X))
                0x20042000                __StackTop = (ORIGIN (SCRATCH_Y) + LENGTH (SCRATCH_Y))
                0x20041000                __StackOneBottom = (__StackOneTop - SIZEOF (.stack1_dummy))
                0x20041800                __StackBottom = (__StackTop - SIZEOF (.stack_dummy))
                0x20042000                PROVIDE (__stack = __StackTop)
                0x00000001                ASSERT ((__StackLimit >= __HeapLimit), region RAM overflowed)
                0x00000001                ASSERT (((__binary_info_header_end - __logical_binary_start) <= 0x100), Binary info must be in first 256 bytes of the binary)
LOAD CMakeFiles/DIAG.dir/main.cpp.obj
LOAD CMakeFiles/DIAG.dir/C_/VSARM/sdk/pico/pico-sdk/src/rp2_common/pico_stdlib/stdlib.c.obj
LOAD CMakeFiles/DIAG.dir/C_/VSARM/sdk/pico/pico-sdk/src/rp2_common/hardware_gpio/gpio.c.obj
LOAD CMakeFiles/DIAG.dir/C_/VSARM/sdk/pico/pico-sdk/src/rp2_common/hardware_claim/claim.c.obj
LOAD CMakeFiles/DIAG.dir/C_/VSARM/sdk/pico/pico-sdk/src/rp2_common/pico_platform/platform.c.obj
LOAD CMakeFiles/DIAG.dir/C_/VSARM/sdk/pico/pico-sdk/src/rp2_common/hardware_sync/sync.c.obj
LOAD CMakeFiles/DIAG.dir/C_/VSARM/sdk/pico/pico-sdk/src/rp2_common/hardware_irq/irq.c.obj
LOAD CMakeFiles/DIAG.dir/C_/VSARM/sdk/pico/pico-sdk/src/rp2_common/hardware_irq/irq_handler_chain.S.obj
LOAD CMakeFiles/DIAG.dir/C_/VSARM/sdk/pico/pico-sdk/src/common/pico_sync/sem.c.obj
LOAD CMakeFiles/DIAG.dir/C_/VSARM/sdk/pico/pico-sdk/src/common/pico_sync/lock_core.c.obj
LOAD CMakeFiles/DIAG.dir/C_/VSARM/sdk/pico/pico-sdk/src/common/pico_time/time.c.obj
LOAD CMakeFiles/DIAG.dir/C_/VSARM/sdk/pico/pico-sdk/src/common/pico_time/timeout_helper.c.obj
LOAD CMakeFiles/DIAG.dir/C_/VSARM/sdk/pico/pico-sdk/src/rp2_common/hardware_timer/timer.c.obj
LOAD CMakeFiles/DIAG.dir/C_/VSARM/sdk/pico/pico-sdk/src/common/pico_util/datetime.c.obj
LOAD CMakeFiles/DIAG.dir/C_/VSARM/sdk/pico/pico-sdk/src/common/pico_util/pheap.c.obj
LOAD CMakeFiles/DIAG.dir/C_/VSARM/sdk/pico/pico-sdk/src/common/pico_util/queue.c.obj
LOAD CMakeFiles/DIAG.dir/C_/VSARM/sdk/pico/pico-sdk/src/common/pico_sync/mutex.c.obj
LOAD CMakeFiles/DIAG.dir/C_/VSARM/sdk/pico/pico-sdk/src/common/pico_sync/critical_section.c.obj
LOAD CMakeFiles/DIAG.dir/C_/VSARM/sdk/pico/pico-sdk/src/rp2_common/hardware_uart/uart.c.obj
LOAD CMakeFiles/DIAG.dir/C_/VSARM/sdk/pico/pico-sdk/src/rp2_common/hardware_divider/divider.S.obj
LOAD CMakeFiles/DIAG.dir/C_/VSARM/sdk/pico/pico-sdk/src/rp2_common/pico_runtime/runtime.c.obj
LOAD CMakeFiles/DIAG.dir/C_/VSARM/sdk/pico/pico-sdk/src/rp2_common/hardware_clocks/clocks.c.obj
LOAD CMakeFiles/DIAG.dir/C_/VSARM/sdk/pico/pico-sdk/src/rp2_common/hardware_pll/pll.c.obj
LOAD CMakeFiles/DIAG.dir/C_/VSARM/sdk/pico/pico-sdk/src/rp2_common/hardware_vreg/vreg.c.obj
LOAD CMakeFiles/DIAG.dir/C_/VSARM/sdk/pico/pico-sdk/src/rp2_common/hardware_watchdog/watchdog.c.obj
LOAD CMakeFiles/DIAG.dir/C_/VSARM/sdk/pico/pico-sdk/src/rp2_common/hardware_xosc/xosc.c.obj
LOAD CMakeFiles/DIAG.dir/C_/VSARM/sdk/pico/pico-sdk/src/rp2_common/pico_printf/printf.c.obj
LOAD CMakeFiles/DIAG.dir/C_/VSARM/sdk/pico/pico-sdk/src/rp2_common/pico_bit_ops/bit_ops_aeabi.S.obj
LOAD CMakeFiles/DIAG.dir/C_/VSARM/sdk/pico/pico-sdk/src/rp2_common/pico_bootrom/bootrom.c.obj
LOAD CMakeFiles/DIAG.dir/C_/VSARM/sdk/pico/pico-sdk/src/rp2_common/pico_divider/divider.S.obj
LOAD CMakeFiles/DIAG.dir/C_/VSARM/sdk/pico/pico-sdk/src/rp2_common/pico_double/double_aeabi.S.obj
LOAD CMakeFiles/DIAG.dir/C_/VSARM/sdk/pico/pico-sdk/src/rp2_common/pico_double/double_init_rom.c.obj
LOAD CMakeFiles/DIAG.dir/C_/VSARM/sdk/pico/pico-sdk/src/rp2_common/pico_double/double_math.c.obj
LOAD CMakeFiles/DIAG.dir/C_/VSARM/sdk/pico/pico-sdk/src/rp2_common/pico_double/double_v1_rom_shim.S.obj
LOAD CMakeFiles/DIAG.dir/C_/VSARM/sdk/pico/pico-sdk/src/rp2_common/pico_int64_ops/pico_int64_ops_aeabi.S.obj
LOAD CMakeFiles/DIAG.dir/C_/VSARM/sdk/pico/pico-sdk/src/rp2_common/pico_float/float_aeabi.S.obj
LOAD CMakeFiles/DIAG.dir/C_/VSARM/sdk/pico/pico-sdk/src/rp2_common/pico_float/float_init_rom.c.obj
LOAD CMakeFiles/DIAG.dir/C_/VSARM/sdk/pico/pico-sdk/src/rp2_common/pico_float/float_math.c.obj
LOAD CMakeFiles/DIAG.dir/C_/VSARM/sdk/pico/pico-sdk/src/rp2_common/pico_float/float_v1_rom_shim.S.obj
LOAD CMakeFiles/DIAG.dir/C_/VSARM/sdk/pico/pico-sdk/src/rp2_common/pico_malloc/pico_malloc.c.obj
LOAD CMakeFiles/DIAG.dir/C_/VSARM/sdk/pico/pico-sdk/src/rp2_common/pico_mem_ops/mem_ops_aeabi.S.obj
LOAD CMakeFiles/DIAG.dir/C_/VSARM/sdk/pico/pico-sdk/src/rp2_common/pico_standard_link/crt0.S.obj
LOAD CMakeFiles/DIAG.dir/C_/VSARM/sdk/pico/pico-sdk/src/rp2_common/pico_standard_link/new_delete.cpp.obj
LOAD CMakeFiles/DIAG.dir/C_/VSARM/sdk/pico/pico-sdk/src/rp2_common/pico_standard_link/binary_info.c.obj
LOAD CMakeFiles/DIAG.dir/C_/VSARM/sdk/pico/pico-sdk/src/rp2_common/pico_stdio/stdio.c.obj
LOAD CMakeFiles/DIAG.dir/C_/VSARM/sdk/pico/pico-sdk/src/rp2_common/pico_stdio_usb/reset_interface.c.obj
LOAD CMakeFiles/DIAG.dir/C_/VSARM/sdk/pico/pico-sdk/src/rp2_common/pico_stdio_usb/stdio_usb.c.obj
LOAD CMakeFiles/DIAG.dir/C_/VSARM/sdk/pico/pico-sdk/src/rp2_common/pico_stdio_usb/stdio_usb_descriptors.c.obj
LOAD CMakeFiles/DIAG.dir/C_/VSARM/sdk/pico/pico-sdk/lib/tinyusb/src/portable/raspberrypi/rp2040/dcd_rp2040.c.obj
LOAD CMakeFiles/DIAG.dir/C_/VSARM/sdk/pico/pico-sdk/lib/tinyusb/src/portable/raspberrypi/rp2040/rp2040_usb.c.obj
LOAD CMakeFiles/DIAG.dir/C_/VSARM/sdk/pico/pico-sdk/lib/tinyusb/src/device/usbd.c.obj
LOAD CMakeFiles/DIAG.dir/C_/VSARM/sdk/pico/pico-sdk/lib/tinyusb/src/device/usbd_control.c.obj
LOAD CMakeFiles/DIAG.dir/C_/VSARM/sdk/pico/pico-sdk/lib/tinyusb/src/class/audio/audio_device.c.obj
LOAD CMakeFiles/DIAG.dir/C_/VSARM/sdk/pico/pico-sdk/lib/tinyusb/src/class/cdc/cdc_device.c.obj
LOAD CMakeFiles/DIAG.dir/C_/VSARM/sdk/pico/pico-sdk/lib/tinyusb/src/class/dfu/dfu_device.c.obj
LOAD CMakeFiles/DIAG.dir/C_/VSARM/sdk/pico/pico-sdk/lib/tinyusb/src/class/dfu/dfu_rt_device.c.obj
LOAD CMakeFiles/DIAG.dir/C_/VSARM/sdk/pico/pico-sdk/lib/tinyusb/src/class/hid/hid_device.c.obj
LOAD CMakeFiles/DIAG.dir/C_/VSARM/sdk/pico/pico-sdk/lib/tinyusb/src/class/midi/midi_device.c.obj
LOAD CMakeFiles/DIAG.dir/C_/VSARM/sdk/pico/pico-sdk/lib/tinyusb/src/class/msc/msc_device.c.obj
LOAD CMakeFiles/DIAG.dir/C_/VSARM/sdk/pico/pico-sdk/lib/tinyusb/src/class/net/ecm_rndis_device.c.obj
LOAD CMakeFiles/DIAG.dir/C_/VSARM/sdk/pico/pico-sdk/lib/tinyusb/src/class/net/ncm_device.c.obj
LOAD CMakeFiles/DIAG.dir/C_/VSARM/sdk/pico/pico-sdk/lib/tinyusb/src/class/usbtmc/usbtmc_device.c.obj
LOAD CMakeFiles/DIAG.dir/C_/VSARM/sdk/pico/pico-sdk/lib/tinyusb/src/class/vendor/vendor_device.c.obj
LOAD CMakeFiles/DIAG.dir/C_/VSARM/sdk/pico/pico-sdk/lib/tinyusb/src/class/video/video_device.c.obj
LOAD CMakeFiles/DIAG.dir/C_/VSARM/sdk/pico/pico-sdk/lib/tinyusb/src/tusb.c.obj
LOAD CMakeFiles/DIAG.dir/C_/VSARM/sdk/pico/pico-sdk/lib/tinyusb/src/common/tusb_fifo.c.obj
LOAD CMakeFiles/DIAG.dir/C_/VSARM/sdk/pico/pico-sdk/src/rp2_common/pico_fix/rp2040_usb_device_enumeration/rp2040_usb_device_enumeration.c.obj
LOAD CMakeFiles/DIAG.dir/C_/VSARM/sdk/pico/pico-sdk/src/rp2_common/pico_unique_id/unique_id.c.obj
LOAD CMakeFiles/DIAG.dir/C_/VSARM/sdk/pico/pico-sdk/src/rp2_common/hardware_flash/flash.c.obj
LOAD CMakeFiles/DIAG.dir/C_/VSARM/sdk/pico/pico-sdk/src/rp2_common/hardware_adc/adc.c.obj
LOAD CMakeFiles/DIAG.dir/C_/VSARM/sdk/pico/pico-sdk/src/rp2_common/hardware_rtc/rtc.c.obj
LOAD TempSensor\libTempSensor.a
LOAD ParmsBoard\libBoard.a
LOAD TaskScheguler\libTaskScheguler.a
LOAD DigitalSignals\libDigitalSignals.a
LOAD ParmsBoard\libBoard.a
LOAD C:\Users\Vlad\AppData\Local\Temp\ccSP7KTW.o
LOAD c:/vsarm/armcc/102021~1.10/bin/../lib/gcc/arm-none-eabi/10.3.1/../../../../arm-none-eabi/lib/thumb/v6-m/nofp\libstdc++.a
LOAD c:/vsarm/armcc/102021~1.10/bin/../lib/gcc/arm-none-eabi/10.3.1/../../../../arm-none-eabi/lib/thumb/v6-m/nofp\libm.a
START GROUP
LOAD c:/vsarm/armcc/102021~1.10/bin/../lib/gcc/arm-none-eabi/10.3.1/thumb/v6-m/nofp\libgcc.a
LOAD c:/vsarm/armcc/102021~1.10/bin/../lib/gcc/arm-none-eabi/10.3.1/../../../../arm-none-eabi/lib/thumb/v6-m/nofp\libc.a
END GROUP
START GROUP
LOAD c:/vsarm/armcc/102021~1.10/bin/../lib/gcc/arm-none-eabi/10.3.1/thumb/v6-m/nofp\libgcc.a
LOAD c:/vsarm/armcc/102021~1.10/bin/../lib/gcc/arm-none-eabi/10.3.1/../../../../arm-none-eabi/lib/thumb/v6-m/nofp\libc.a
LOAD c:/vsarm/armcc/102021~1.10/bin/../lib/gcc/arm-none-eabi/10.3.1/../../../../arm-none-eabi/lib/thumb/v6-m/nofp\libnosys.a
END GROUP
LOAD c:/vsarm/armcc/102021~1.10/bin/../lib/gcc/arm-none-eabi/10.3.1/thumb/v6-m/nofp/crtend.o
LOAD c:/vsarm/armcc/102021~1.10/bin/../lib/gcc/arm-none-eabi/10.3.1/thumb/v6-m/nofp/crtn.o
OUTPUT(DIAG.elf elf32-littlearm)
LOAD linker stubs

.ARM.attributes
                0x00000000       0x28
 .ARM.attributes
                0x00000000       0x1e c:/vsarm/armcc/102021~1.10/bin/../lib/gcc/arm-none-eabi/10.3.1/thumb/v6-m/nofp/crti.o
 .ARM.attributes
                0x0000001e       0x2c c:/vsarm/armcc/102021~1.10/bin/../lib/gcc/arm-none-eabi/10.3.1/thumb/v6-m/nofp/crtbegin.o
 .ARM.attributes
                0x0000004a       0x2c CMakeFiles/DIAG.dir/main.cpp.obj
 .ARM.attributes